12-07 18:34:48.922  1554  1554 W Keyboard: Keyboard.getKeyboardViewHelper():600 null helper is returned: keyboardDef=mjl{processedConditions={}, globalConditions={global_theme_key=theme,!gsf,!pgsans,!pgsf,!use_system_font,BORDER,FLAVOR_DPI=XXHDPI,GOOGLE_ICONS,KEYBOARD_WIDTH_CATEGORY=NORMAL,KEY_BORDER_SHAPE=1,LIGHT_THEME=false,PHYSICAL_DIAGONAL=6.1297245,POPUP,SCREEN_SHORTEST_WIDTH=411,SCREEN_SHORTEST_WIDTH_NO_SCALE=411,SW400DP,XXHDPI,bottom4dp,enable_emoji_kitchen_browse_color_v2=true,enable_google_fonts_icons=true,enable_popup_on_keypress=true,keyboard_redesign_google_sans=true,non_linear_scale,noshadow,overlay_builtin_dynamic_color_dark_base.binarypb:gm3-dark-ff0d0e12-ffbac5ee-2c17b68c1e2c11098976748f8f22233d,roundedchip,silkpopup, global_locale=bg_BG, global_density_dpi=420, global_orientation=1}, className=.latin.keyboard.AccessoryKeyboard, resourceIds=[#0x7f17004c], initialStates=0, keyboardViewDefs=[mka{direction=null, id=#0x7f0b0224, isScalable=false, layoutId=#0x7f0e0032, type=FLOATING_CANDIDATES, touchable=true, defaultShow=false}], persistentStates=0, persistentStatesPrefKey=null, popupBubbleLayoutId=#0x7f0e05f0, recentKeyLayoutId=0, recentKeyPopupLayoutId=0, recentKeyType=null, rememberRecentKey=NONE, sessionStates=0}, type=BODY, helpersCreated=[null, null, lvx@4c20b9e, null], context.getResources().getConfiguration(): {1.0 310mcc260mnc [bg_BG,en_US] ldltr sw411dp w411dp h914dp 420dpi nrml long compactNeeded port night finger qwerty/v/v dpad/v winConfig={ mBounds=Rect(0, 0 - 1080, 2400) mAppBounds=Rect(0, 0 - 1080, 2400) mMaxBounds=Rect(0, 0 - 1080, 2400) mDisplayRotation=ROTATION_0 mWindowingMode=fullscreen mActivityType=undefined mAlwaysOnTop=undefined mRotation=ROTATION_0} s.12 fontWeightAdjustment=0}
12-07 18:34:48.925  1554  1554 I AndroidIME: InputBundleManager.startInput():358 startInput() with mjw[keyboardType=accessory, payload=null]
12-07 18:34:48.926  1554  1554 I GlobeKeyExtension: GlobeKeyExtension.onActivate():120
12-07 18:34:48.935  1554  1554 W AutoPasteSuggestionHelper: AutoPasteSuggestionHelper.setMaxWidthOfChipTextView():1066 Failed to get the width of the proactive suggestion view holder in HEADER.
12-07 18:34:48.938  1554  1554 W AutoPasteSuggestionHelper: AutoPasteSuggestionHelper.setMaxWidthOfChipTextView():1066 Failed to get the width of the proactive suggestion view holder in HEADER.
12-07 18:34:48.940  1554  1554 W AutoPasteSuggestionHelper: AutoPasteSuggestionHelper.setMaxWidthOfChipTextView():1066 Failed to get the width of the proactive suggestion view holder in WIDGET.
12-07 18:34:48.940  1554  1554 I ProactiveSuggestionsHolderManager: ProactiveSuggestionsHolderManager$2.display():216 Requesting to show proactive suggestions: CLIPBOARD PREEMPTIVE_WITH_SUPPRESSION in HEADER
12-07 18:34:48.941  1554  1554 I ProactiveSuggestionsHolderManager: ProactiveSuggestionsHolderManager$2.display():228 suggestions CLIPBOARD are pending to show on HEADER
12-07 18:34:48.941  1554  1554 I ProactiveSuggestionsHolderManager: ProactiveSuggestionsHolderManager$2.display():216 Requesting to show proactive suggestions: CLIPBOARD PREEMPTIVE_WITH_SUPPRESSION in FLOATING_CANDIDATES
12-07 18:34:48.942  1554  1554 I ProactiveSuggestionsHolderManager: ProactiveSuggestionsHolderManager$Holder.setSuggestionsAndShow():879 succeed to show proactive suggestions CLIPBOARD PREEMPTIVE_WITH_SUPPRESSION
12-07 18:34:48.942  1554  1554 I ProactiveSuggestionsHolderManager: ProactiveSuggestionsHolderManager$2.display():216 Requesting to show proactive suggestions: CLIPBOARD PREEMPTIVE_WITH_SUPPRESSION in WIDGET
12-07 18:34:48.942  1554  1554 I ProactiveSuggestionsHolderManager: ProactiveSuggestionsHolderManager$2.display():228 suggestions CLIPBOARD are pending to show on WIDGET
12-07 18:34:48.946  1554  1554 I HardKeyTracker: HardKeyTracker.unregisterKeySequence():221 Unregister key sequence nef{labelResId=2132020464, callback=cgm@dc11e, lastModifier=2, keyCodes=[56], actions=[0]}
12-07 18:34:48.946  1554  1554 I HardKeyTracker: HardKeyTracker.unregisterKeySequence():221 Unregister key sequence nef{labelResId=2132020464, callback=cgm@d200b1b, lastModifier=0, keyCodes=[317], actions=[0]}
12-07 18:34:48.946  1554  1554 I HardKeyTracker: HardKeyTracker.registerKeySequence():170 Register key sequence nef{labelResId=2132020464, callback=cgm@cf7a27d, lastModifier=2, keyCodes=[56], actions=[0]}
12-07 18:34:48.946  1554  1554 I HardKeyTracker: HardKeyTracker.registerKeySequence():170 Register key sequence nef{labelResId=2132020464, callback=cgm@476d640, lastModifier=0, keyCodes=[317], actions=[0]}
12-07 18:34:48.948  1554  1554 I VoiceInputManagerWrapper: VoiceInputManagerWrapper.cancelShutdown():109 cancelShutdown()
12-07 18:34:48.948  1554  1554 I VoiceInputManagerWrapper: VoiceInputManagerWrapper.syncLanguagePacks():121 syncLanguagePacks()
12-07 18:34:48.949  1554  1554 I VoiceInputManager: VoiceInputManager.onKeyboardActivated():1148 onKeyboardActivated() [UD]
12-07 18:34:48.949  1554  4787 I SpeechFactory: SpeechRecognitionFactory.maybeScheduleAutoPackDownloadForFallback():217 maybeScheduleAutoPackDownloadForFallback()
12-07 18:34:48.951  1554  1554 I PkModeUpdater: PkModeUpdater.onActivate():74 onActivate false false
12-07 18:34:48.952  1554  1554 I PkModeUpdater: PkModeUpdater.onActivate():76 disable Pk Mode = true entry = lpl{languageTag=bg-BG, variant=bulgarian, hasLocalizedResources=true, conditionCacheKey=_app_first_start_timestamp=1764961464703_bottom_period_popup_slash=false_cache_additional_ime_defs_for_condition_change=false_cache_ime_defs_for_condition_change=false_deprecate_long_press_space_for_ime_picker=false_device=phone_device_size=default_enable_access_points_in_password_number=false_enable_correction_settings_updates=false_enable_flick_symbols=true_enable_more_candidates_view_for_multilingual=false_enable_number_row=false_enable_number_row_in_password=true_enable_pk_simulator=false_enable_pk_simulator_setting=false_enable_preemptive_decode=true_enable_secondary_digits=true_enable_secondary_symbols=false_expressions=normal_four_or_more_letter_rows=false_keyboard_mode=normal_language=bg-BG_layout_9key_split=false_orientation=portrait_physical_keyboard=qwerty_pref_enable_flick_symbols=false_rtl_layout=false_show_comma_key=true_show_period_key=true_show_secondary_digits=true_show_suggestion_strip=true_show_suggestions=true_split_with_duplicate_keys=true_true=true_variant=bulgarian_writing_helper_enable_by_word_revert=false, imeDef.stringId=ime_bulgarian, imeDef.className=com.google.android.apps.inputmethod.libs.latin5.LatinIme, imeDef.languageTag=bg} editorInfo = android.view.inputmethod.EditorInfo@87da435
12-07 18:34:48.952  1554  4787 I FallbackOnDeviceRecognitionProvider: FallbackOnDeviceRecognitionProvider.maybeScheduleAutoPackDownload():199 maybeScheduleAutoPackDownload() for language tag bg-BG
12-07 18:34:48.952  1554  1554 I AccessoryInputModeManager: AccessoryInputModeManager.onModeStarted():319 Accessory input mode started: STYLUS
12-07 18:34:48.953  1554  1554 W ExtensionWrapper: ExtensionWrapper.setAllowUpdateNavigationBarStyle():818 class jpp is not activate
12-07 18:34:48.953  1554  1554 I WidgetViewShowingController: WidgetViewShowingController.showWidgetKeyboardInternal():527 Show companion widget
12-07 18:34:48.957  1554  1554 W ExtensionWrapper: ExtensionWrapper.setAllowUpdateNavigationBarStyle():818 class jpp is not activate
12-07 18:34:48.957  1554  1554 I WidgetViewShowingPositionHandler: WidgetViewShowingPositionHandler.updateAvailableArea():194 update available area Rect(21, 84 - 1059, 2333)
12-07 18:34:48.959  1554  1554 I HardKeyTracker: HardKeyTracker.registerKeySequence():170 Register key sequence nef{labelResId=2132020472, callback=gdc@43ef29c, lastModifier=2, keyCodes=[62], actions=[0]}
12-07 18:34:48.961  1554  1554 I KeyboardHeightUtil: KeyboardHeightUtil.calculateMaxKeyboardBodyHeight():50 leave 281 height for app when ime window height:2274, header height:116 and isFullscreenMode:false, so the max keyboard body height is:1877
12-07 18:34:48.961  1554  1554 I KeyboardHeightUtil: KeyboardHeightUtil.calculateMaxKeyboardBodyHeight():50 leave 281 height for app when ime window height:2274, header height:116 and isFullscreenMode:false, so the max keyboard body height is:1877
12-07 18:34:48.962  1554  1554 W ExtensionWrapper: ExtensionWrapper.setExtensionViewVisibility():809 interface lzc is not activate
12-07 18:34:48.963  1554  1554 I VoiceImeExtension: VoiceImeExtension.shouldStartVoiceInputAutomaticallyInCurrentInputBox():376 No private IME option set to start voice input.
12-07 18:34:48.964  1554  1554 I Module  : DeviceLockedStatusModuleProvider$Module.updateDeviceLockedStatus():100 repeatCheckTimes = 1, locked = false
12-07 18:34:48.965  1554  1554 I HardKeyTracker: HardKeyTracker.unregisterKeySequence():221 Unregister key sequence nef{labelResId=2132020464, callback=cgm@52e4978, lastModifier=2, keyCodes=[56], actions=[0]}
12-07 18:34:48.966  1554  1554 I HardKeyTracker: HardKeyTracker.unregisterKeySequence():221 Unregister key sequence nef{labelResId=2132020464, callback=cgm@e4a39b7, lastModifier=0, keyCodes=[317], actions=[0]}
12-07 18:34:48.966  1554  1554 I HardKeyTracker: HardKeyTracker.registerKeySequence():170 Register key sequence nef{labelResId=2132020464, callback=cgm@33cf934, lastModifier=2, keyCodes=[56], actions=[0]}
12-07 18:34:48.967  1554  1554 I HardKeyTracker: HardKeyTracker.registerKeySequence():170 Register key sequence nef{labelResId=2132020464, callback=cgm@68689a3, lastModifier=0, keyCodes=[317], actions=[0]}
12-07 18:34:48.967  1554  1554 I HardKeyTracker: HardKeyTracker.unregisterKeySequence():221 Unregister key sequence nef{labelResId=2132020468, callback=cgm@eaccf90, lastModifier=2, keyCodes=[48], actions=[0]}
12-07 18:34:48.968  1554  1554 I HardKeyTracker: HardKeyTracker.registerKeySequence():170 Register key sequence nef{labelResId=2132020468, callback=cgm@2f23acc, lastModifier=2, keyCodes=[48], actions=[0]}
12-07 18:34:48.969  1554  1554 I HardKeyTracker: HardKeyTracker.unregisterKeySequence():221 Unregister key sequence nef{labelResId=2132020468, callback=cgm@c88c45, lastModifier=2, keyCodes=[48], actions=[0]}
12-07 18:34:48.969  1554  1554 I HardKeyTracker: HardKeyTracker.registerKeySequence():170 Register key sequence nef{labelResId=2132020468, callback=cgm@37f991, lastModifier=2, keyCodes=[48], actions=[0]}
12-07 18:34:48.971  1554  1554 I HardKeyTracker: HardKeyTracker.unregisterKeySequence():221 Unregister key sequence nef{labelResId=2132020469, callback=cgm@23d7f2, lastModifier=2, keyCodes=[32], actions=[0]}
12-07 18:34:48.971  1554  1554 I HardKeyTracker: HardKeyTracker.unregisterKeySequence():221 Unregister key sequence nef{labelResId=2132020469, callback=cgm@41b8df9, lastModifier=0, keyCodes=[319], actions=[0]}
12-07 18:34:48.971  1554  1554 I HardKeyTracker: HardKeyTracker.registerKeySequence():170 Register key sequence nef{labelResId=2132020469, callback=cgm@bb445d0, lastModifier=2, keyCodes=[32], actions=[0]}
12-07 18:34:48.972  1554  1554 I HardKeyTracker: HardKeyTracker.registerKeySequence():170 Register key sequence nef{labelResId=2132020469, callback=cgm@74e43ef, lastModifier=0, keyCodes=[319], actions=[0]}
12-07 18:34:48.972  1554  1554 I HardKeyTracker: HardKeyTracker.unregisterKeySequence():221 Unregister key sequence nef{labelResId=2132020469, callback=cgm@9cbe3d8, lastModifier=2, keyCodes=[32], actions=[0]}
12-07 18:34:48.973  1554  1554 I HardKeyTracker: HardKeyTracker.unregisterKeySequence():221 Unregister key sequence nef{labelResId=2132020469, callback=cgm@ff6df97, lastModifier=0, keyCodes=[319], actions=[0]}
12-07 18:34:48.973  1554  1554 I HardKeyTracker: HardKeyTracker.registerKeySequence():170 Register key sequence nef{labelResId=2132020469, callback=cgm@8b633a6, lastModifier=2, keyCodes=[32], actions=[0]}
12-07 18:34:48.973  1554  1554 I HardKeyTracker: HardKeyTracker.registerKeySequence():170 Register key sequence nef{labelResId=2132020469, callback=cgm@5d2943d, lastModifier=0, keyCodes=[319], actions=[0]}
12-07 18:34:48.975  1554  1554 D ImeBackCallbackSender: Register OnBackInvokedCallback with priority=-1 at app window (packageName=com.example.readingjournal)
12-07 18:34:48.977  4729  4729 D WindowOnBackDispatcher: setTopOnBackInvokedCallback (unwrapped): android.view.ImeBackAnimationController@ea44cd
12-07 18:34:48.988  1554  1554 I GoogleInputMethodService: GoogleInputMethodService$1.onKeyboardViewShown():324 onKeyboardViewShown: keyboardType=accessory, keyboardViewType=HEADER keyboardView=null
12-07 18:34:48.989  1554  1554 W Keyboard: Keyboard.getKeyboardViewHelper():600 null helper is returned: keyboardDef=mjl{processedConditions={}, globalConditions={}, className=com.google.android.libraries.inputmethod.keyboard.impl.Keyboard, resourceIds=[#0x7f17004d], initialStates=0, keyboardViewDefs=[], persistentStates=0, persistentStatesPrefKey=null, popupBubbleLayoutId=0, recentKeyLayoutId=0, recentKeyPopupLayoutId=0, recentKeyType=null, rememberRecentKey=NONE, sessionStates=0}, type=BODY, helpersCreated=[null, null, null, null], context.getResources().getConfiguration(): {1.0 310mcc260mnc [bg_BG,en_US] ldltr sw411dp w411dp h914dp 420dpi nrml long compactNeeded port night finger qwerty/v/v dpad/v winConfig={ mBounds=Rect(0, 0 - 1080, 2400) mAppBounds=Rect(0, 0 - 1080, 2400) mMaxBounds=Rect(0, 0 - 1080, 2400) mDisplayRotation=ROTATION_0 mWindowingMode=fullscreen mActivityType=undefined mAlwaysOnTop=undefined mRotation=ROTATION_0} s.12 fontWeightAdjustment=0}
12-07 18:34:48.989  1554  1554 I GoogleInputMethodService: GoogleInputMethodService$1.onKeyboardViewShown():324 onKeyboardViewShown: keyboardType=accessory, keyboardViewType=BODY keyboardView=null
12-07 18:34:48.989  1554  1554 W Keyboard: Keyboard.getKeyboardViewHelper():600 null helper is returned: keyboardDef=mjl{processedConditions={}, globalConditions={}, className=com.google.android.libraries.inputmethod.keyboard.impl.Keyboard, resourceIds=[#0x7f17004d], initialStates=0, keyboardViewDefs=[], persistentStates=0, persistentStatesPrefKey=null, popupBubbleLayoutId=0, recentKeyLayoutId=0, recentKeyPopupLayoutId=0, recentKeyType=null, rememberRecentKey=NONE, sessionStates=0}, type=BODY, helpersCreated=[null, null, null, null], context.getResources().getConfiguration(): {1.0 310mcc260mnc [bg_BG,en_US] ldltr sw411dp w411dp h914dp 420dpi nrml long compactNeeded port night finger qwerty/v/v dpad/v winConfig={ mBounds=Rect(0, 0 - 1080, 2400) mAppBounds=Rect(0, 0 - 1080, 2400) mMaxBounds=Rect(0, 0 - 1080, 2400) mDisplayRotation=ROTATION_0 mWindowingMode=fullscreen mActivityType=undefined mAlwaysOnTop=undefined mRotation=ROTATION_0} s.12 fontWeightAdjustment=0}
12-07 18:34:49.007   814   988 D InetDiagMessage: Destroyed 0 sockets, proto=IPPROTO_TCP, family=AF_INET, states=14
12-07 18:34:49.007   814   988 D InetDiagMessage: Destroyed 0 sockets, proto=IPPROTO_TCP, family=AF_INET6, states=14
12-07 18:34:49.007   814   988 D InetDiagMessage: Destroyed live tcp sockets for uids={10149} in 1ms
12-07 18:34:49.008   814   988 D InetDiagMessage: Destroyed 0 sockets, proto=IPPROTO_TCP, family=AF_INET, states=14
12-07 18:34:49.008   814   988 D InetDiagMessage: Destroyed 0 sockets, proto=IPPROTO_TCP, family=AF_INET6, states=14
12-07 18:34:49.008   814   988 D InetDiagMessage: Destroyed live tcp sockets for uids={20149} in 1ms
12-07 18:34:49.079  4729  4729 I ImeTracker: com.example.readingjournal:c667b95e: onShown
12-07 18:34:49.081   814  1989 I ImeTracker: com.example.readingjournal:c667b95e: onFinished on previously finished token at PHASE_NOT_SET with STATUS_SUCCESS
12-07 18:34:49.107  4729  4729 D UiControllerImpl: Injecting string: "Test Review"
12-07 18:34:49.114  1554  1554 I ProactiveSuggestionsHolderManager: ProactiveSuggestionsHolderManager$2.display():216 Requesting to show proactive suggestions: CLIPBOARD PREEMPTIVE in HEADER
12-07 18:34:49.114  1554  1554 I ProactiveSuggestionsHolderManager: ProactiveSuggestionsHolderManager$2.display():228 suggestions CLIPBOARD are pending to show on HEADER
12-07 18:34:49.114  1554  1554 I ProactiveSuggestionsHolderManager: ProactiveSuggestionsHolderManager$2.display():216 Requesting to show proactive suggestions: CLIPBOARD PREEMPTIVE in FLOATING_CANDIDATES
12-07 18:34:49.116  1554  1554 I ProactiveSuggestionsHolderManager: ProactiveSuggestionsHolderManager$Holder.setSuggestionsAndShow():879 succeed to show proactive suggestions CLIPBOARD PREEMPTIVE
12-07 18:34:49.116  1554  1554 I ProactiveSuggestionsHolderManager: ProactiveSuggestionsHolderManager$2.display():216 Requesting to show proactive suggestions: CLIPBOARD PREEMPTIVE in WIDGET
12-07 18:34:49.119  1554  1554 I ProactiveSuggestionsHolderManager: ProactiveSuggestionsHolderManager$2.display():228 suggestions CLIPBOARD are pending to show on WIDGET
12-07 18:34:49.121  1248  1345 D SatelliteController: iisInCarrierRoamingNbIotNtn: satellite is disabled
12-07 18:34:49.122  1554  1554 I StylusModule: StylusModule.onUpdateToolType():805 Update tool type = 0
12-07 18:34:49.126  1554  1554 W TooltipLifecycleManager: TooltipLifecycleManager.dismissTooltips():153 Tooltip with id spell_check_add_to_dictionary not found in tooltipManager.
12-07 18:34:49.129  1248  1345 D SatelliteController: getCarrierRoamingNtnConnectType: Falling back to global carrier config connect type: 0
12-07 18:34:49.136  1554  1554 I Delight5Decoder: Delight5DecoderWrapper.setKeyboardLayout():537 setKeyboardLayout()
12-07 18:34:49.141  1554  1554 W TooltipLifecycleManager: TooltipLifecycleManager.dismissTooltips():153 Tooltip with id SUGGESTION_VIEW_EDU_MINI_DIALOG not found in tooltipManager.
12-07 18:34:49.151  1554  2017 I AndroidSpellCheckerService: AndroidSpellCheckerService.createSession():139 com.google.android.keyboard.client.delight5.LanguageIdentifier@f1ff218 is created
12-07 18:34:49.180  1554  1564 I putmethod.latin: JIT allocated 53KB for compiled code of boolean fwf.b(mlp, java.lang.Object[])
12-07 18:34:49.180  1554  1564 I putmethod.latin: Compiler allocated 4309KB to compile boolean fwf.b(mlp, java.lang.Object[])
12-07 18:34:49.204  1554  1554 W TooltipLifecycleManager: TooltipLifecycleManager.dismissTooltips():153 Tooltip with id SUGGESTION_VIEW_EDU_MINI_DIALOG not found in tooltipManager.
12-07 18:34:49.226  1554  1554 W TooltipLifecycleManager: TooltipLifecycleManager.dismissTooltips():153 Tooltip with id SUGGESTION_VIEW_EDU_MINI_DIALOG not found in tooltipManager.
12-07 18:34:49.261  1554  1554 W TooltipLifecycleManager: TooltipLifecycleManager.dismissTooltips():153 Tooltip with id SUGGESTION_VIEW_EDU_MINI_DIALOG not found in tooltipManager.
12-07 18:34:49.293  1554  1554 W TooltipLifecycleManager: TooltipLifecycleManager.dismissTooltips():153 Tooltip with id SUGGESTION_VIEW_EDU_MINI_DIALOG not found in tooltipManager.
12-07 18:34:49.347  1554  1554 I StylusModule: StylusModule.onUpdateToolType():805 Update tool type = 0
12-07 18:34:49.367  1554  1554 W TooltipLifecycleManager: TooltipLifecycleManager.dismissTooltips():153 Tooltip with id SUGGESTION_VIEW_EDU_MINI_DIALOG not found in tooltipManager.
12-07 18:34:49.402  1554  1554 W TooltipLifecycleManager: TooltipLifecycleManager.dismissTooltips():153 Tooltip with id SUGGESTION_VIEW_EDU_MINI_DIALOG not found in tooltipManager.
12-07 18:34:49.424  1554  1554 W TooltipLifecycleManager: TooltipLifecycleManager.dismissTooltips():153 Tooltip with id SUGGESTION_VIEW_EDU_MINI_DIALOG not found in tooltipManager.
12-07 18:34:49.457  1554  1554 W TooltipLifecycleManager: TooltipLifecycleManager.dismissTooltips():153 Tooltip with id SUGGESTION_VIEW_EDU_MINI_DIALOG not found in tooltipManager.
12-07 18:34:49.493  1554  1554 W TooltipLifecycleManager: TooltipLifecycleManager.dismissTooltips():153 Tooltip with id SUGGESTION_VIEW_EDU_MINI_DIALOG not found in tooltipManager.
12-07 18:34:49.524  1554  1554 W TooltipLifecycleManager: TooltipLifecycleManager.dismissTooltips():153 Tooltip with id SUGGESTION_VIEW_EDU_MINI_DIALOG not found in tooltipManager.
12-07 18:34:49.557  4729  4729 I ViewInteraction: Performing 'close keyboard' action on view view.getId() is <2131361994/com.example.readingjournal:id/etReview>
12-07 18:34:49.560  4729  4729 D IdlingRegistry: Registering idling resources: [androidx.test.espresso.action.CloseKeyboardAction$CloseKeyboardIdlingResult@8913c43]
12-07 18:34:49.561  4729  4729 I ImeTracker: com.example.readingjournal:ef51802e: onRequestHide at ORIGIN_CLIENT reason HIDE_SOFT_INPUT fromUser false
12-07 18:34:49.563  4729  4729 D WindowOnBackDispatcher: setTopOnBackInvokedCallback (unwrapped): android.app.Activity$$ExternalSyntheticLambda0@585ccdc
12-07 18:34:49.565   814  1832 I ImeTracker: system_server:d9e4e190: onRequestShow at ORIGIN_SERVER reason IME_REQUESTED_CHANGED_LISTENER fromUser false
12-07 18:34:49.574   814   846 I ImeTracker: system_server:d9e4e190: onCancelled at PHASE_SERVER_ALREADY_VISIBLE
12-07 18:34:49.575  1554  1554 I StylusModule: StylusModule.onUpdateToolType():805 Update tool type = 2
12-07 18:34:49.595   814   847 I ImeTracker: system_server:b6ccd659: onRequestShow at ORIGIN_SERVER reason CONTROLS_CHANGED fromUser false
12-07 18:34:49.599  4729  4729 I ImeTracker: system_server:b6ccd659: onCancelled at PHASE_CLIENT_ON_CONTROLS_CHANGED
12-07 18:34:49.748  1361  4419 I libbinder.IPCThreadState: oneway function results for code 1 on binder at 0x7412a4040500 will be dropped but finished with status UNKNOWN_TRANSACTION and reply parcel size 80
12-07 18:34:49.779   814  1821 I ImeTracker: com.example.readingjournal:ef51802e: onFailed at PHASE_WM_NOTIFY_HIDE_ANIMATION_FINISHED
12-07 18:34:49.781  1554  1554 I GoogleInputMethodService: GoogleInputMethodService.onFinishInputView():1543 onFinishInputView(false)
12-07 18:34:49.782  1554  1554 I GlobeKeyExtension: GlobeKeyExtension.onDeactivate():144
12-07 18:34:49.785  1554  1554 I VoiceInputManagerWrapper: VoiceInputManagerWrapper.shutdown():131 shutdown()
12-07 18:34:49.785  1554  1554 I HardKeyTracker: HardKeyTracker.unregisterKeySequence():221 Unregister key sequence nef{labelResId=2132020472, callback=gdc@43ef29c, lastModifier=2, keyCodes=[62], actions=[0]}
12-07 18:34:49.785  1554  1554 W ExtensionWrapper: ExtensionWrapper.setAllowUpdateNavigationBarStyle():818 class jpp is not activate
12-07 18:34:49.787  1554  1554 W ExtensionWrapper: ExtensionWrapper.setAllowUpdateNavigationBarStyle():818 class jpp is not activate
12-07 18:34:49.788  1554  1554 W TooltipLifecycleManager: TooltipLifecycleManager.dismissTooltips():153 Tooltip with id spell_check_add_to_dictionary not found in tooltipManager.
12-07 18:34:49.788  1554  1554 I InputBundle: InputBundle.consumeEvent():1011 Skip consuming an event as keyboard status is INACTIVE
12-07 18:34:49.790  1554  1554 E native  : E0000 00:00:1765125289.789303    1554 key-correction-manager.cc:349] User feature cache is not ready for key correction!
12-07 18:34:49.790  1554  1554 I AndroidIME: AbstractIme.onDeactivate():216 LatinIme.onDeactivate()
12-07 18:34:49.791  1554  1950 W ModuleManager: ModuleManager.loadModule():573 Module nzs is not available
12-07 18:34:49.792  1554  1554 D ImeBackCallbackSender: Unregister OnBackInvokedCallback at app window (packageName=com.example.readingjournal)
12-07 18:34:49.793  1554  1554 I ImeTracker: com.example.readingjournal:ef51802e: onHidden
12-07 18:34:49.794   814  1378 I ImeTracker: com.example.readingjournal:ef51802e: onFinished on previously finished token at PHASE_NOT_SET with STATUS_SUCCESS
12-07 18:34:49.796  1554  1950 I OnDeviceWmrCalculator: OnDeviceWmrCalculator.calculateWmr():94 WMR: 0.0000 (0 / 1)
12-07 18:34:49.883  4729  4729 D IdlingRegistry: Unregistering idling resources: [androidx.test.espresso.action.CloseKeyboardAction$CloseKeyboardIdlingResult@8913c43]
12-07 18:34:49.885  4729  4729 I ViewInteraction: Performing 'single click' action on view view.getId() is <2131361924/com.example.readingjournal:id/colorRed>
12-07 18:34:49.953   814  1987 W AS.PlaybackActivityMon: No piid assigned for invalid/internal port id 15
12-07 18:34:49.955   648   755 D AudioFlinger: mixer(0x70c221936790) throttle end: throttle time(34)
12-07 18:34:49.995   648   755 D AF::Track: interceptBuffer: took 1394us to intercept 0 tracks
12-07 18:34:50.187  1361  1745 I NearbyMediums: No BLE Fast/GATT advertisements found in the latest cycle.
12-07 18:34:50.187  1361  1745 I NearbyMediums: Current Tracked Scanning Clients are : {NearbyConnections.EnvironmentMonitor, NearbySharing}
12-07 18:34:50.286  4729  4729 I ViewInteraction: Performing 'single click' action on view view.getId() is <2131361891/com.example.readingjournal:id/btnAdd>
12-07 18:34:50.290   814   980 I HalDevMgr: bestIfaceCreationProposal is null, requestIface=STA, existingIface=[name=wlan0 type=STA]
12-07 18:34:50.322   814  1987 I ImeTracker: system_server:70e6dd44: onRequestHide at ORIGIN_SERVER reason IME_REQUESTED_CHANGED_LISTENER fromUser false
12-07 18:34:50.323   814   846 I ImeTracker: system_server:70e6dd44: onCancelled at PHASE_SERVER_SHOULD_HIDE
12-07 18:34:50.353   814  1984 W AS.PlaybackActivityMon: No piid assigned for invalid/internal port id 15
12-07 18:34:50.366   648   755 D AudioFlinger: mixer(0x70c221936790) throttle end: throttle time(35)
12-07 18:34:50.378   652   786 I libbinder.BpBinder: onLastStrongRef automatically unlinking death recipients for descriptor: '(not cached)'
12-07 18:34:50.403  4729  4729 D AutofillManager: view not autofillable - has multiline input type
12-07 18:34:50.404  4729  4729 D LifecycleMonitor: Lifecycle status change: com.example.readingjournal.AddActivity@ed80392 in: PAUSED
12-07 18:34:50.405  4729  4729 V ActivityScenario: Activity lifecycle changed event received but ignored because the intent does not match. startActivityIntent=Intent { act=android.intent.action.MAIN cat=[android.intent.category.LAUNCHER] flg=0x10008000 cmp=com.example.readingjournal/.MainActivity }, activity.getIntent()=Intent { xflg=0x4 cmp=com.example.readingjournal/.AddActivity }, activity=com.example.readingjournal.AddActivity@ed80392
12-07 18:34:50.434  4729  4729 D LifecycleMonitor: Lifecycle status change: com.example.readingjournal.MainActivity@4508c in: RESTARTED
12-07 18:34:50.434  4729  4729 V ActivityScenario: Update currentActivityStage to RESTARTED, currentActivity=com.example.readingjournal.MainActivity@4508c
12-07 18:34:50.435  4729  4729 D LifecycleMonitor: Lifecycle status change: com.example.readingjournal.MainActivity@4508c in: STARTED
12-07 18:34:50.435  4729  4729 V ActivityScenario: Update currentActivityStage to STARTED, currentActivity=com.example.readingjournal.MainActivity@4508c
12-07 18:34:50.438  4729  4729 D LifecycleMonitor: Lifecycle status change: com.example.readingjournal.MainActivity@4508c in: RESUMED
12-07 18:34:50.438  4729  4729 V ActivityScenario: Update currentActivityStage to RESUMED, currentActivity=com.example.readingjournal.MainActivity@4508c
12-07 18:34:50.527  1259  1259 D b/417220811: invalidateLoadedTasks - previous requestLoadId: -1
12-07 18:34:50.611   602   602 I RanchuHwc: logCompositionFallbackIfChanged: layer 31 CompositionType fallback from 2 to 1
12-07 18:34:50.618   814   945 I ImeTracker: com.example.readingjournal:9f25076b: onRequestHide at ORIGIN_SERVER reason HIDE_UNSPECIFIED_WINDOW fromUser false
12-07 18:34:50.621  4729  4729 I ImeTracker: com.example.readingjournal:9f25076b: onCancelled at PHASE_CLIENT_ALREADY_HIDDEN
12-07 18:34:50.622  1554  1554 I GoogleInputMethodService: GoogleInputMethodService.onFinishInput():2057
12-07 18:34:50.624   814  1984 I ImeTracker: system_server:bbaf5a33: onRequestHide at ORIGIN_SERVER reason IME_REQUESTED_CHANGED_LISTENER fromUser false
12-07 18:34:50.626   814   846 I ImeTracker: system_server:bbaf5a33: onCancelled at PHASE_SERVER_SHOULD_HIDE
12-07 18:34:50.627  1554  1554 I Module  : DeviceLockedStatusModuleProvider$Module.updateDeviceLockedStatus():100 repeatCheckTimes = 0, locked = false
12-07 18:34:50.628  1554  1554 I GoogleInputMethodService: GoogleInputMethodService.onStartInput():1318 onStartInput(EditorInfo{EditorInfo{packageName=com.example.readingjournal, inputType=0, inputTypeString=NULL, enableLearning=false, autoCorrection=false, autoComplete=false, imeOptions=0, privateImeOptions=null, actionName=UNSPECIFIED, actionLabel=null, initialSelStart=-1, initialSelEnd=-1, initialCapsMode=0, label=null, fieldId=0, fieldName=null, extras=null, hintText=null, hintLocales=[]}}, false)
12-07 18:34:50.631  1554  1554 I Module  : DeviceLockedStatusModuleProvider$Module.updateDeviceLockedStatus():100 repeatCheckTimes = 1, locked = false
12-07 18:34:50.634   814   988 D InetDiagMessage: Destroyed 0 sockets, proto=IPPROTO_TCP, family=AF_INET, states=14
12-07 18:34:50.636   814   988 D InetDiagMessage: Destroyed 0 sockets, proto=IPPROTO_TCP, family=AF_INET6, states=14
12-07 18:34:50.636   814   988 D InetDiagMessage: Destroyed live tcp sockets for uids={10151} in 2ms
12-07 18:34:50.638   814   988 D InetDiagMessage: Destroyed 0 sockets, proto=IPPROTO_TCP, family=AF_INET, states=14
12-07 18:34:50.638   814   988 D InetDiagMessage: Destroyed 0 sockets, proto=IPPROTO_TCP, family=AF_INET6, states=14
12-07 18:34:50.638   814   988 D InetDiagMessage: Destroyed live tcp sockets for uids={20151} in 2ms
12-07 18:34:50.641  4729  4729 W RemoteInputConnectionImpl: requestCursorUpdates on inactive InputConnection
12-07 18:34:50.835  4729  4729 I ViewInteraction: Checking 'MatchesViewAssertion{viewMatcher=(view has effective visibility <VISIBLE> and view.getGlobalVisibleRect() to return non-empty rectangle)}' assertion on view an instance of android.widget.TextView and view.getText() with or without transformation to match: is "Test Book"
12-07 18:34:50.843   814  1984 V GrammaticalInflectionUtils: AttributionSource: android.content.AttributionSource@9ec57475 does not have READ_SYSTEM_GRAMMATICAL_GENDER permission.
12-07 18:34:50.851   652   786 I libbinder.BpBinder: onLastStrongRef automatically unlinking death recipients for descriptor: '(not cached)'
12-07 18:34:50.858  1259  1259 D RecentsView: onTaskDisplayChanged: 75, new displayId = 0
12-07 18:34:50.861  4729  4729 D LifecycleMonitor: Lifecycle status change: com.example.readingjournal.MainActivity@4508c in: PAUSED
12-07 18:34:50.862  4729  4729 V ActivityScenario: Update currentActivityStage to PAUSED, currentActivity=com.example.readingjournal.MainActivity@4508c
12-07 18:34:50.873   814   846 V GrammaticalInflectionUtils: AttributionSource: android.content.AttributionSource@9ec57475 does not have READ_SYSTEM_GRAMMATICAL_GENDER permission.
12-07 18:34:50.876  1259  1259 D b/417220811: invalidateLoadedTasks - previous requestLoadId: -1
12-07 18:34:50.888   578   578 D Zygote  : Forked child process 4816
12-07 18:34:50.902  4816  4816 I Zygote  : Process 4816 created for com.example.readingjournal.test
12-07 18:34:50.902  4816  4816 I ingjournal.test: Late-enabling -Xcheck:jni
12-07 18:34:50.939  4816  4816 I ingjournal.test: Using CollectorTypeCMC GC.
12-07 18:34:50.940  4816  4816 W ingjournal.test: Unexpected CPU variant for x86: x86_64.
12-07 18:34:50.940  4816  4816 W ingjournal.test: Known variants: atom, sandybridge, silvermont, goldmont, goldmont-plus, goldmont-without-sha-xsaves, tremont, kabylake, alderlake, default
12-07 18:34:50.962   660   689 I adbd    : jdwp connection from 4816
12-07 18:34:50.982  1259  1259 D b/417220811: invalidateLoadedTasks - previous requestLoadId: -1
12-07 18:34:50.988  4816  4816 D nativeloader: Load libframework-connectivity-tiramisu-jni.so using APEX ns com_android_tethering for caller /apex/com.android.tethering/javalib/framework-connectivity-t.jar: ok
12-07 18:34:51.077  4729  4729 D VRI[AddActivity]: visibilityChanged oldVisibility=true newVisibility=false
12-07 18:34:51.094  4729  4729 D AutofillManager: view not autofillable - has multiline input type
12-07 18:34:51.101  4729  4747 D HWUI    : endAllActiveAnimators on 0x74113405a1b0 (RippleDrawable) with handle 0x7412a4054ff0
12-07 18:34:51.116  1259  1259 D b/417220811: invalidateLoadedTasks - previous requestLoadId: -1
12-07 18:34:51.142  4816  4816 D ApplicationLoaders: Returning zygote-cached class loader: /system/framework/android.test.base.jar
12-07 18:34:51.151  4816  4816 D nativeloader: Configuring clns-9 for other apk /system/framework/android.test.mock.jar. target_sdk_version=36, uses_libraries=ALL, library_path=/data/app/~~VAad9gRPY273Y7RXXatSLQ==/com.example.readingjournal.test-yAS_ABkcZIoQPgJl5hiUDg==/lib/x86_64, permitted_path=/data:/mnt/expand:/data/user/0/com.example.readingjournal.test
12-07 18:34:51.152  4816  4816 D ApplicationLoaders: Returning zygote-cached class loader: /system/framework/android.test.base.jar
12-07 18:34:51.161  4816  4816 D nativeloader: Configuring clns-10 for other apk /system/framework/android.test.runner.jar. target_sdk_version=36, uses_libraries=ALL, library_path=/data/app/~~VAad9gRPY273Y7RXXatSLQ==/com.example.readingjournal.test-yAS_ABkcZIoQPgJl5hiUDg==/lib/x86_64, permitted_path=/data:/mnt/expand:/data/user/0/com.example.readingjournal.test
12-07 18:34:51.192  4816  4816 D nativeloader: Configuring clns-11 for other apk /data/app/~~VAad9gRPY273Y7RXXatSLQ==/com.example.readingjournal.test-yAS_ABkcZIoQPgJl5hiUDg==/base.apk. target_sdk_version=36, uses_libraries=, library_path=/data/app/~~VAad9gRPY273Y7RXXatSLQ==/com.example.readingjournal.test-yAS_ABkcZIoQPgJl5hiUDg==/lib/x86_64, permitted_path=/data:/mnt/expand:/data/user/0/com.example.readingjournal.test
12-07 18:34:51.207  4476  4482 W .android.dialer: Suspending all threads took: 16.205ms
12-07 18:34:51.228  4476  4512 D WM-DelayedWorkTracker: Scheduling work 1cfd81f1-54db-408f-a173-1718afb77abf
12-07 18:34:51.237  4816  4816 V GraphicsEnvironment: Currently set values for:
12-07 18:34:51.238  4816  4816 V GraphicsEnvironment:   angle_gl_driver_selection_pkgs=[]
12-07 18:34:51.238  4816  4816 V GraphicsEnvironment:   angle_gl_driver_selection_values=[]
12-07 18:34:51.238  4816  4816 V GraphicsEnvironment: com.example.readingjournal.test is not listed in per-application setting
12-07 18:34:51.239  4816  4816 V GraphicsEnvironment: ANGLE allowlist from config: com.dreamgames.royalmatch com.dts.freefiremax com.dxx.firenow com.gramgames.mergedragons com.ludo.king com.mojang.minecraftpe com.my.defense com.nintendo.zaka com.os.airforce com.playrix.fishdomdd.gplay io.teslatech.callbreak jp.konami.prospia net.peakgames.toonblast
12-07 18:34:51.239  4816  4816 V GraphicsEnvironment: No special selections for ANGLE, returning default driver choice
12-07 18:34:51.239  4816  4816 V GraphicsEnvironment: Neither updatable production driver nor prerelease driver is supported.
12-07 18:34:51.249  4476  4512 D WM-GreedyScheduler: Starting tracking for 1cfd81f1-54db-408f-a173-1718afb77abf
12-07 18:34:51.280  1259  1268 W System  : A resource failed to call release.
12-07 18:34:51.280  1259  1268 W System  : A resource failed to call release.
12-07 18:34:51.280  1259  1268 W System  : A resource failed to call release.
12-07 18:34:51.307  4476  4476 D WM-SystemJobService: onStartJob for WorkGenerationalId(workSpecId=1cfd81f1-54db-408f-a173-1718afb77abf, generation=0)
12-07 18:34:51.318  4476  4501 D WM-ConstraintTracker: gcp: initial state = NetworkState(isConnected=true, isValidated=true, isMetered=false, isNotRoaming=true)
12-07 18:34:51.318  4476  4501 D WM-NetworkStateTracker: Registering network callback
12-07 18:34:51.321   814  1989 D ConnectivityService: requestNetwork for uid/pid:10138/4476 activeRequest: null callbackRequest: 214 [NetworkRequest [ REQUEST id=215, [ Capabilities: INTERNET&NOT_RESTRICTED&TRUSTED&NOT_VCN_MANAGED&NOT_BANDWIDTH_CONSTRAINED Uid: 10138 RequestorUid: 10138 RequestorPkg: com.google.android.dialer UnderlyingNetworks: Null] ]] callback flags: 0 order: 2147483647 isUidTracked: false declaredMethods: AVAIL|LOST|NC
12-07 18:34:51.326   814   988 D ConnectivityService: NetReassign [215 : null → 100] [c 0] [a 1] [i 1]
12-07 18:34:51.328  4476  4518 D WM-NetworkStateTracker: Network capabilities changed: [ Transports: WIFI Capabilities: NOT_METERED&INTERNET&NOT_RESTRICTED&TRUSTED&NOT_VPN&VALIDATED&NOT_ROAMING&FOREGROUND&NOT_CONGESTED&NOT_SUSPENDED&NOT_VCN_MANAGED&NOT_BANDWIDTH_CONSTRAINED LinkUpBandwidth>=12000Kbps LinkDnBandwidth>=30000Kbps TransportInfo: <SSID: <unknown ssid>, BSSID: 02:00:00:00:00:00, MAC: 02:00:00:00:00:00, IP: /10.0.2.16, Security type: 0, Supplicant state: COMPLETED, Wi-Fi standard: legacy, RSSI: -50, Link speed: 5Mbps, Tx Link speed: 5Mbps, Max Supported Tx Link speed: 11Mbps, Rx Link speed: 2Mbps, Max Supported Rx Link speed: 11Mbps, Frequency: 2447MHz, Net ID: -1, Metered hint: false, score: 83, isUsable: true, CarrierMerged: false, SubscriptionId: -1, IsPrimary: -1, Trusted: true, Restricted: false, Ephemeral: false, OEM paid: false, OEM private: false, OSU AP: false, FQDN: <none>, Provider friendly name: <none>, Requesting package name: <none><none>MLO Information: , Is TID-To-Link negotiation supported by the AP: false, AP MLD Address: <none>, AP MLO Link Id: <none>, AP MLO Affiliated links: <none>, Vendor Data: <none>> SignalStrength: -50 UnderlyingNetworks: Null]
12-07 18:34:51.338   814   980 D WifiNetworkFactory: got request NetworkRequest [ REQUEST id=215, [ Capabilities: INTERNET&NOT_RESTRICTED&TRUSTED&NOT_VCN_MANAGED&NOT_BANDWIDTH_CONSTRAINED Uid: 10138 RequestorUid: 10138 RequestorPkg: com.google.android.dialer UnderlyingNetworks: Null] ]
12-07 18:34:51.339   814   980 D UntrustedWifiNetworkFactory: got request NetworkRequest [ REQUEST id=215, [ Capabilities: INTERNET&NOT_RESTRICTED&TRUSTED&NOT_VCN_MANAGED&NOT_BANDWIDTH_CONSTRAINED Uid: 10138 RequestorUid: 10138 RequestorPkg: com.google.android.dialer UnderlyingNetworks: Null] ]
12-07 18:34:51.340   814   980 D OemPaidWifiNetworkFactory: got request NetworkRequest [ REQUEST id=215, [ Capabilities: INTERNET&NOT_RESTRICTED&TRUSTED&NOT_VCN_MANAGED&NOT_BANDWIDTH_CONSTRAINED Uid: 10138 RequestorUid: 10138 RequestorPkg: com.google.android.dialer UnderlyingNetworks: Null] ]
12-07 18:34:51.340   814   980 D MultiInternetWifiNetworkFactory: got request NetworkRequest [ REQUEST id=215, [ Capabilities: INTERNET&NOT_RESTRICTED&TRUSTED&NOT_VCN_MANAGED&NOT_BANDWIDTH_CONSTRAINED Uid: 10138 RequestorUid: 10138 RequestorPkg: com.google.android.dialer UnderlyingNetworks: Null] ]
12-07 18:34:51.348  4816  4816 E ashmem  : Pinning is deprecated since Android Q. Please use trim or other methods.
12-07 18:34:51.361  4476  4501 D WM-Processor: fzi: processing WorkGenerationalId(workSpecId=1cfd81f1-54db-408f-a173-1718afb77abf, generation=0)
12-07 18:34:51.362  1996  1996 I Finsky  : [2] SCH: job service start with id 9933.
12-07 18:34:51.374  4816  4831 I GFXSTREAM: [eglDisplay.cpp(297)] Opening libGLESv1_CM_emulation.so
12-07 18:34:51.375  4816  4831 I GFXSTREAM: [eglDisplay.cpp(297)] Opening libGLESv2_emulation.so
12-07 18:34:51.389  4816  4831 W HWUI    : Failed to choose config with EGL_SWAP_BEHAVIOR_PRESERVED, retrying without...
12-07 18:34:51.390  4816  4831 W HWUI    : Failed to initialize 101010-2 format, error = EGL_SUCCESS
12-07 18:34:51.391  4816  4816 D CompatChangeReporter: Compat change id reported: 377864165; UID 10219; state: ENABLED
12-07 18:34:51.391  4816  4816 D DesktopExperienceFlags: Toggle override initialized to: false
12-07 18:34:51.391  4816  4816 D DesktopModeFlags: Toggle override initialized to: OVERRIDE_UNSET
12-07 18:34:51.418  4476  4476 D WM-WorkerWrapper: Starting work for com.google.apps.tiktok.contrib.work.TikTokListenableWorker
12-07 18:34:51.418  4476  4501 D WM-GreedyScheduler: Constraints met: Scheduling work ID WorkGenerationalId(workSpecId=1cfd81f1-54db-408f-a173-1718afb77abf, generation=0)
12-07 18:34:51.440  4476  4508 D WM-Processor: Work WorkGenerationalId(workSpecId=1cfd81f1-54db-408f-a173-1718afb77abf, generation=0) is already enqueued for processing
12-07 18:34:51.454  4476  4511 I DialerSingletonScopedExternalsLogging: com.google.android.dialershared.externals.logging.SingletonScopedExternalsLogging.recordCallMethodInvocation:75 event: TIKTOK_WORK_EXECUTION_MONITOR_ON_WORK_STARTED, function parameters: [1cfd81f1-54db-408f-a173-1718afb77abf,com.android.dialer.voicemail.service.impl.VvmTaskWorker], return value: <empty>
12-07 18:34:51.456  4476  4507 I DialerVvmTaskWorkerDelegate: com.android.dialer.voicemail.service.impl.scheduler.VvmTaskWorker$VvmTaskWorkerDelegate.executeVvmJob:191 Beginning execution of job ID: 3
12-07 18:34:51.468  4476  4507 I DialerSingletonScopedExternalsLogging: com.google.android.dialershared.externals.logging.SingletonScopedExternalsLogging.recordCallMethodInvocation:66 event: VVM_TASK_WORKER_EXECUTE_VVM_JOB, function parameters: [3], return value: <empty> [CONTEXT enable_persistent_logger=true ]
12-07 18:34:51.471  4816  4816 W HWUI    : Unknown dataspace 0
12-07 18:34:51.488  1996  4491 I Finsky  : [153] SCH: Satisfied jobs for 9933 are: 12-1
12-07 18:34:51.516  1996  4833 I Finsky  : [166] SCH: Job 12-1 starting
12-07 18:34:51.522  1996  1996 I Finsky  : [2] WM::SCH: Logging work start for 12-1
12-07 18:34:51.554   652  1114 I libbinder.BpBinder: onLastStrongRef automatically unlinking death recipients for descriptor: '(not cached)'
12-07 18:34:51.562  1996  1996 I Finsky  : [2] [ContentSync] job started
12-07 18:34:51.578  4816  4816 D WindowOnBackDispatcher: setTopOnBackInvokedCallback (unwrapped): android.app.Activity$$ExternalSyntheticLambda0@d4a9765
12-07 18:34:51.579  4816  4816 D VRI[InstrumentationActivityInvoker$EmptyActivity]: WindowInsets changed: 1080x2400 statusBars:[0,63,0,0] navigationBars:[0,0,0,63] mandatorySystemGestures:[0,63,0,84]
12-07 18:34:51.581  4476  4506 I DialerVvmExecutorImpl: com.android.dialer.voicemail.service.impl.scheduler.VvmExecutorImpl.execute:250 Beginning VVM action: SYNC with retryCount: 1 for ComponentInfo{com.android.phone/com.android.services.telephony.TelephonyConnectionService}, 1, UserHandle{0} [CONTEXT enable_persistent_logger=true ]
12-07 18:34:51.587  1259  1259 D b/417220811: invalidateLoadedTasks - previous requestLoadId: -1
12-07 18:34:51.610   652  1114 W libbinder.ServiceManagerCppClient: Permission failure: android.permission.ACCESS_SURFACE_FLINGER from uid=10219 pid=4816
12-07 18:34:51.610   652  1114 D libbinder.PermissionCache: checking android.permission.ACCESS_SURFACE_FLINGER for uid=10219 => denied (728 us)
12-07 18:34:51.611   652  1114 W libbinder.ServiceManagerCppClient: Permission failure: android.permission.ROTATE_SURFACE_FLINGER from uid=10219 pid=4816
12-07 18:34:51.611   652  1114 D libbinder.PermissionCache: checking android.permission.ROTATE_SURFACE_FLINGER for uid=10219 => denied (1044 us)
12-07 18:34:51.614   652   787 W libbinder.ServiceManagerCppClient: Permission failure: android.permission.ACCESS_SURFACE_FLINGER from uid=10219 pid=0
12-07 18:34:51.615   652   787 D libbinder.PermissionCache: checking android.permission.ACCESS_SURFACE_FLINGER for uid=10219 => denied (5781 us)
12-07 18:34:51.616   652   787 W libbinder.ServiceManagerCppClient: Permission failure: android.permission.INTERNAL_SYSTEM_WINDOW from uid=10219 pid=0
12-07 18:34:51.616   652   787 D libbinder.PermissionCache: checking android.permission.INTERNAL_SYSTEM_WINDOW for uid=10219 => denied (1801 us)
12-07 18:34:51.617   652  1114 W libbinder.ServiceManagerCppClient: Permission failure: android.permission.INTERNAL_SYSTEM_WINDOW from uid=10219 pid=4816
12-07 18:34:51.617   652  1114 D libbinder.PermissionCache: checking android.permission.INTERNAL_SYSTEM_WINDOW for uid=10219 => denied (5924 us)
12-07 18:34:51.709  4729  4729 D VRI[MainActivity]: visibilityChanged oldVisibility=true newVisibility=false
12-07 18:34:51.720   814  1989 W libbinder.ServiceManagerCppClient: Permission failure: android.permission.ACCESS_SURFACE_FLINGER from uid=10219 pid=0
12-07 18:34:51.720   814  1989 D libbinder.PermissionCache: checking android.permission.ACCESS_SURFACE_FLINGER for uid=10219 => denied (275 us)
12-07 18:34:51.722   814  1989 W libbinder.ServiceManagerCppClient: Permission failure: android.permission.ROTATE_SURFACE_FLINGER from uid=10219 pid=0
12-07 18:34:51.722   814  1989 D libbinder.PermissionCache: checking android.permission.ROTATE_SURFACE_FLINGER for uid=10219 => denied (1264 us)
12-07 18:34:51.723   814  1989 W libbinder.ServiceManagerCppClient: Permission failure: android.permission.INTERNAL_SYSTEM_WINDOW from uid=10219 pid=0
12-07 18:34:51.723   814  1989 D libbinder.PermissionCache: checking android.permission.INTERNAL_SYSTEM_WINDOW for uid=10219 => denied (974 us)
12-07 18:34:51.730  4729  4729 I AutofillManager: onInvisibleForAutofill(): expiringResponse
12-07 18:34:51.745  4729  4729 D LifecycleMonitor: Lifecycle status change: com.example.readingjournal.AddActivity@ed80392 in: STOPPED
12-07 18:34:51.748  4729  4729 V ActivityScenario: Activity lifecycle changed event received but ignored because the intent does not match. startActivityIntent=Intent { act=android.intent.action.MAIN cat=[android.intent.category.LAUNCHER] flg=0x10008000 cmp=com.example.readingjournal/.MainActivity }, activity.getIntent()=Intent { xflg=0x4 cmp=com.example.readingjournal/.AddActivity }, activity=com.example.readingjournal.AddActivity@ed80392
12-07 18:34:51.757  4476  4507 E DialerRestVvmCarrierService: com.android.dialer.voicemail.service.impl.vvmclients.rest.RestVvmCarrierService.getMsisdn:420 Retrieved phone number in an unexpected format: +15551234567 [CONTEXT disable_client_error_logging=true ]
12-07 18:34:51.757  4476  4507 E DialerRestVvmCarrierService: adis: MEDIUM
12-07 18:34:51.757  4476  4507 E DialerRestVvmCarrierService: 	at a.dC(PG:15)
12-07 18:34:51.757  4476  4507 E DialerRestVvmCarrierService: 	at smu.apply(PG:1019)
12-07 18:34:51.757  4476  4507 E DialerRestVvmCarrierService: 	at acnt.apply(PG:13)
12-07 18:34:51.757  4476  4507 E DialerRestVvmCarrierService: 	at advm.d(PG:3)
12-07 18:34:51.757  4476  4507 E DialerRestVvmCarrierService: 	at advn.run(PG:38)
12-07 18:34:51.757  4476  4507 E DialerRestVvmCarrierService: 	at xlk.run(PG:7)
12-07 18:34:51.757  4476  4507 E DialerRestVvmCarrierService: 	at adoy.run(PG:44)
12-07 18:34:51.757  4476  4507 E DialerRestVvmCarrierService: 	at wvj.run(PG:254)
12-07 18:34:51.757  4476  4507 E DialerRestVvmCarrierService: 	at tif.run(PG:267)
12-07 18:34:51.757  4476  4507 E DialerRestVvmCarrierService: 	at java.lang.Thread.run(Thread.java:1563)
12-07 18:34:51.757  4476  4507 E DialerRestVvmCarrierService: 	at xmm.run(PG:61)
12-07 18:34:51.760  1259  1259 D ViewRootImpl: Skipping stats log for color mode
12-07 18:34:51.761  1259  1259 D BaseActivity: Launcher flags updated: [state_started] +[state_started]
12-07 18:34:51.762  1259  1259 D BaseActivity: Launcher flags updated: [state_started|state_resumed|state_user_active] +[state_resumed|state_user_active]
12-07 18:34:51.762  4476  4507 I DialerLogcatLoggingBindings: com.android.dialer.logging.logcat.LogcatLoggingBindings.logImpression:54 Impression: ANDROID_API_UNEXPECTED_PHONE_NUMBER_FORMAT
12-07 18:34:51.763  1259  1259 D BaseActivity: Launcher flags updated: [state_started|state_resumed|state_deferred_resumed|state_user_active] +[state_deferred_resumed]
12-07 18:34:51.763  1259  1259 D StatsLog: LAUNCHER_ONRESUME
12-07 18:34:51.765  4476  4511 I DialerLogcatLoggingBindings: com.android.dialer.logging.logcat.LogcatLoggingBindings.logImpression:47 Impression: VVM_SYNC_STARTED
12-07 18:34:51.769  1259  1311 D QuickstepModelDelegate: notifyAppTargetEvent action=1 launchLocation=workspace/0/[-1,-1]/[1,1]
12-07 18:34:51.778  1259  1259 D NexusLauncherModelDelegate: notifySmartspaceEvent: SmartspaceTargetEvent{mSmartspaceTarget=null, mSmartspaceActionId='null', mEventType=6}
12-07 18:34:51.779  4476  4507 I DialerSingletonScopedExternalsLogging: com.google.android.dialershared.externals.logging.SingletonScopedExternalsLogging.recordCallMethodInvocation:75 event: TELEPHONY_BOOTSTRAP_AUTHENTICATION_REQUEST, function parameters: [], return value: Default
12-07 18:34:51.781  4476  4506 W DialerGbaCredentialProvider: com.android.dialer.voicemail.service.impl.vvmclients.rest.GbaCredentialProvider$1.onAuthenticationFailure:93 GBA failed with reason: 1 [CONTEXT disable_client_error_logging=true ]
12-07 18:34:51.783  4476  4506 I DialerLoggingConsentCheckerImpl: com.google.android.dialershared.logging.consent.impl.LoggingConsentCheckerImpl.getConsent:72 timer stop with success, timer present: false
12-07 18:34:51.786  4476  4506 I DialerVoicemailLogger: com.android.dialer.voicemail.service.impl.logger.VoicemailLogger.commitMetrics:169 VVM failure reason: 0
12-07 18:34:51.794  4476  4506 W DialerVvmExecutorImpl: com.android.dialer.voicemail.service.impl.scheduler.VvmExecutorImpl.executeWorkOnCarrierService:459 Could not complete vvm work with action: SYNC. Error: [GeneralFailureReason: UNSPECIFIED, RestFailureReason: GBA_AUTHENTICATION_FAILURE_FEATURE_NOT_SUPPORTED, OmtpFailureReason: OMTP_UNSPECIFIED] for ComponentInfo{com.android.phone/com.android.services.telephony.TelephonyConnectionService}, 1, UserHandle{0} [CONTEXT disable_client_error_logging=true enable_persistent_logger=true ]
12-07 18:34:51.796  4476  4506 I DialerVvmExecutorImpl: com.android.dialer.voicemail.service.impl.scheduler.VvmExecutorImpl.executeWork:215 VvmResult is: # sev@1db0ddb for ComponentInfo{com.android.phone/com.android.services.telephony.TelephonyConnectionService}, 1, UserHandle{0}
12-07 18:34:51.806  1259  1259 D BaseDepthController: setSurface:
12-07 18:34:51.806  1259  1259 D BaseDepthController: 	mWaitingOnSurfaceValidity: false
12-07 18:34:51.806  1259  1259 D BaseDepthController: 	mBaseSurface: Surface(name=com.google.android.apps.nexuslauncher/com.google.android.apps.nexuslauncher.NexusLauncherActivity#217)/@0x7787bcb
