12-07 18:34:46.565  1554  1995 I Delight5Decoder: Delight5DecoderWrapper.loadLanguageModel():759 loadLanguageModel() : 29, version [n/a]
12-07 18:34:46.567  1554  1995 W Delight5Decoder: Delight5DecoderWrapper.getTimerTypeForLoadLanguageModule():904 Cannot find timer type for loading language model 29
12-07 18:34:46.572  1554  1554 I VoiceImeExtension: VoiceImeExtension.shouldStartVoiceInputAutomaticallyInCurrentInputBox():376 No private IME option set to start voice input.
12-07 18:34:46.573  1554  1995 I Delight5Decoder: Delight5DecoderWrapper.loadLanguageModel():804 Loaded dynamic LM 29.bg
12-07 18:34:46.574  1554  1995 I Delight5Decoder: Delight5DecoderWrapper.setKeyboardLayout():537 setKeyboardLayout()
12-07 18:34:46.577  1554  1554 I Module  : DeviceLockedStatusModuleProvider$Module.updateDeviceLockedStatus():100 repeatCheckTimes = 1, locked = false
12-07 18:34:46.580  1554  1554 D ImeBackCallbackSender: Register OnBackInvokedCallback with priority=-1 at app window (packageName=com.example.readingjournal)
12-07 18:34:46.585  1554  2023 I ShortcutsDataManager: AbstractContentDataManager$ImportContentTask.doInBackground():258 doInBackground()
12-07 18:34:46.587   814  1984 I ImeTracker: com.example.readingjournal:36c02077: onCancelled at PHASE_WM_POST_LAYOUT_NOTIFY_CONTROLS_CHANGED
12-07 18:34:46.587  4729  4729 D WindowOnBackDispatcher: setTopOnBackInvokedCallback (unwrapped): android.view.ImeBackAnimationController@ea44cd
12-07 18:34:46.587  1554  1554 I WindowMetricsNotification: WindowMetricsNotification.notifyWithWindow():166
12-07 18:34:46.588  1554  1554 I WindowMetricsNotification: WindowMetricsNotification.notify():159 pdp[bounds=Rect(0, 63 - 1080, 2400), insets=Rect(0, 0 - 0, 63), densityDpi=420, smallestScreenWidthDp=411, displayWidth=1080, displayHeight=2400, xdpi=420.0, ydpi=420.0, isTrustable=true, displayId=0]; DisplayMetrics{density=2.625, width=1080, height=2400, scaledDensity=2.625, xdpi=420.0, ydpi=420.0}
12-07 18:34:46.601  1554  1554 I GoogleInputMethodService: GoogleInputMethodService$1.onKeyboardViewShown():324 onKeyboardViewShown: keyboardType=accessory, keyboardViewType=HEADER keyboardView=null
12-07 18:34:46.601  1554  1554 W Keyboard: Keyboard.getKeyboardViewHelper():600 null helper is returned: keyboardDef=mjl{processedConditions={}, globalConditions={}, className=com.google.android.libraries.inputmethod.keyboard.impl.Keyboard, resourceIds=[#0x7f17004d], initialStates=0, keyboardViewDefs=[], persistentStates=0, persistentStatesPrefKey=null, popupBubbleLayoutId=0, recentKeyLayoutId=0, recentKeyPopupLayoutId=0, recentKeyType=null, rememberRecentKey=NONE, sessionStates=0}, type=BODY, helpersCreated=[null, null, null, null], context.getResources().getConfiguration(): {1.0 310mcc260mnc [bg_BG,en_US] ldltr sw411dp w411dp h914dp 420dpi nrml long compactNeeded port night finger qwerty/v/v dpad/v winConfig={ mBounds=Rect(0, 0 - 1080, 2400) mAppBounds=Rect(0, 0 - 1080, 2400) mMaxBounds=Rect(0, 0 - 1080, 2400) mDisplayRotation=ROTATION_0 mWindowingMode=fullscreen mActivityType=undefined mAlwaysOnTop=undefined mRotation=ROTATION_0} s.12 fontWeightAdjustment=0}
12-07 18:34:46.602  1554  1554 I GoogleInputMethodService: GoogleInputMethodService$1.onKeyboardViewShown():324 onKeyboardViewShown: keyboardType=accessory, keyboardViewType=BODY keyboardView=null
12-07 18:34:46.602  4729  4729 I ImeTracker: com.example.readingjournal:36c02077: onShown
12-07 18:34:46.602  1554  1554 W Keyboard: Keyboard.getKeyboardViewHelper():600 null helper is returned: keyboardDef=mjl{processedConditions={}, globalConditions={}, className=com.google.android.libraries.inputmethod.keyboard.impl.Keyboard, resourceIds=[#0x7f17004d], initialStates=0, keyboardViewDefs=[], persistentStates=0, persistentStatesPrefKey=null, popupBubbleLayoutId=0, recentKeyLayoutId=0, recentKeyPopupLayoutId=0, recentKeyType=null, rememberRecentKey=NONE, sessionStates=0}, type=BODY, helpersCreated=[null, null, null, null], context.getResources().getConfiguration(): {1.0 310mcc260mnc [bg_BG,en_US] ldltr sw411dp w411dp h914dp 420dpi nrml long compactNeeded port night finger qwerty/v/v dpad/v winConfig={ mBounds=Rect(0, 0 - 1080, 2400) mAppBounds=Rect(0, 0 - 1080, 2400) mMaxBounds=Rect(0, 0 - 1080, 2400) mDisplayRotation=ROTATION_0 mWindowingMode=fullscreen mActivityType=undefined mAlwaysOnTop=undefined mRotation=ROTATION_0} s.12 fontWeightAdjustment=0}
12-07 18:34:46.602   814  2000 I ImeTracker: com.example.readingjournal:36c02077: onFinished on previously finished token at PHASE_NOT_SET with STATUS_SUCCESS
12-07 18:34:46.617  1554  2023 I PersonalDictionaryDataHandler: PersonalDictionaryDataHandler.beginProcess():114 LanguageTags = [en-US, bg]
12-07 18:34:46.620  1554  1567 W SP      : File ref is being finalized but wasn't closed, file: main_en_840_2025120102_1[4]
12-07 18:34:46.620  4729  4729 D UiControllerImpl: Injecting string: "Test Author"
12-07 18:34:46.621  1554  1567 W SP      : File ref is being finalized but wasn't closed, file: main_en_us_2025051500_2[2]
12-07 18:34:46.621  1554  1567 W SP      : File ref is being finalized but wasn't closed, file: tflite-nwp-756c50035b995cfb0f7e8feb7d1b10ee[2]
12-07 18:34:46.621  1554  1567 W SP      : File ref is being finalized but wasn't closed, file: en_cpu_272adaa02e4841a0e8fe0d7f95b77421[2]
12-07 18:34:46.621  1554  1567 W SP      : File ref is being finalized but wasn't closed, file: en_cpu_272adaa02e4841a0e8fe0d7f95b77421[2]
12-07 18:34:46.653  1554  1554 I ProactiveSuggestionsHolderManager: ProactiveSuggestionsHolderManager$2.display():216 Requesting to show proactive suggestions: CLIPBOARD PREEMPTIVE in HEADER
12-07 18:34:46.654  1554  1554 I ProactiveSuggestionsHolderManager: ProactiveSuggestionsHolderManager$2.display():228 suggestions CLIPBOARD are pending to show on HEADER
12-07 18:34:46.654  1554  1554 I ProactiveSuggestionsHolderManager: ProactiveSuggestionsHolderManager$2.display():216 Requesting to show proactive suggestions: CLIPBOARD PREEMPTIVE in FLOATING_CANDIDATES
12-07 18:34:46.657  1554  1554 I ProactiveSuggestionsHolderManager: ProactiveSuggestionsHolderManager$Holder.setSuggestionsAndShow():879 succeed to show proactive suggestions CLIPBOARD PREEMPTIVE
12-07 18:34:46.658  1554  1554 I ProactiveSuggestionsHolderManager: ProactiveSuggestionsHolderManager$2.display():216 Requesting to show proactive suggestions: CLIPBOARD PREEMPTIVE in WIDGET
12-07 18:34:46.658  1554  1554 I ProactiveSuggestionsHolderManager: ProactiveSuggestionsHolderManager$2.display():228 suggestions CLIPBOARD are pending to show on WIDGET
12-07 18:34:46.658  1554  1554 I StylusModule: StylusModule.onUpdateToolType():805 Update tool type = 0
12-07 18:34:46.684  1554  1554 W TooltipLifecycleManager: TooltipLifecycleManager.dismissTooltips():153 Tooltip with id spell_check_add_to_dictionary not found in tooltipManager.
12-07 18:34:46.685  1554  1554 I Delight5Decoder: Delight5DecoderWrapper.setKeyboardLayout():537 setKeyboardLayout()
12-07 18:34:46.693  1554  2023 I ShortcutsDataManager: AbstractContentDataManager.importRecords():349 importRecords() : Success : Count = 0
12-07 18:34:46.696  1554  1554 W TooltipLifecycleManager: TooltipLifecycleManager.dismissTooltips():153 Tooltip with id SUGGESTION_VIEW_EDU_MINI_DIALOG not found in tooltipManager.
12-07 18:34:46.705  1554  1570 I AndroidSpellCheckerService: AndroidSpellCheckerService.createSession():139 com.google.android.keyboard.client.delight5.LanguageIdentifier@a9bd8c5 is created
12-07 18:34:46.706  1554  1947 I SP      : Sync for bundled_delight succeeded in 213 ms: no changes
12-07 18:34:46.709  1554  2023 I ShortcutsDataManager: AbstractContentDataManager.importContentData():298 importContentData() : Ending import process
12-07 18:34:46.710  1554  1995 I Delight5Decoder: Delight5DecoderWrapper.unloadLanguageModel():972 unloadLanguageModel() : 4, version [n/a]
12-07 18:34:46.736  1554  2023 I PersonalLanguageModelUpdater: PersonalLanguageModelUpdater$UpdateOperation.performInternal():165 run() : Added 0 words and 0 shortcuts
12-07 18:34:46.736  1554  2023 I DynamicLanguageModelOperation: DynamicLanguageModelOperation.perform():43 perform() : 4 : ebg : Completed
12-07 18:34:46.737  1554  1995 I Delight5Decoder: Delight5DecoderWrapper.loadLanguageModel():759 loadLanguageModel() : 4, version [n/a]
12-07 18:34:46.739  1554  1995 I Delight5Decoder: Delight5DecoderWrapper.loadLanguageModel():804 Loaded dynamic LM 4.bg
12-07 18:34:46.740  1554  1947 I SP      : GC for 'bundled_delight' (10) with ttl of 0 ms took 1 ms (0/1/0)
12-07 18:34:46.742  1554  1947 I LmManager: LmManager$1.onSuccess():84 Bundled delight sync success
12-07 18:34:46.745  1554  1947 I SP      : Syncing next-word-predictor (20240611) with slices: [tflite-nwp-756c50035b995cfb0f7e8feb7d1b10ee], metadata: false
12-07 18:34:46.749  1554  4776 I SuperDelight: SuperDelightManager$2.onSuccess():505 bundled_delight sync success, adding to data file manager
12-07 18:34:46.749  1554  1947 I SP      : Sync for delight_overrides succeeded in 188 ms: no changes
12-07 18:34:46.749  1554  4776 I DataFileManager: DataFileManager.addDataWithoutNotify():181 data en-US already exists
12-07 18:34:46.756  1554  1554 W TooltipLifecycleManager: TooltipLifecycleManager.dismissTooltips():153 Tooltip with id SUGGESTION_VIEW_EDU_MINI_DIALOG not found in tooltipManager.
12-07 18:34:46.766  1554  2023 I PersonalLanguageModelUpdater: PersonalLanguageModelUpdater$UpdateOperation.performInternal():165 run() : Added 0 words and 0 shortcuts
12-07 18:34:46.766  1554  2023 I DynamicLanguageModelOperation: DynamicLanguageModelOperation.perform():43 perform() : 4 : ebg : Completed
12-07 18:34:46.767  1554  1554 I ShortcutsDataManager: AbstractContentDataManager$ImportContentTask.onPostExecute():269 onPostExecute() : Result = [2,0]
12-07 18:34:46.768  1554  1554 I ShortcutsDataManager: ShortcutsDataManager.onImportFinished():82 onImportFinished() : Result = 2 : Count = 0
12-07 18:34:46.787  1554  1947 I SP      : GC for 'delight_overrides' (10) with ttl of 0 ms took 0 ms (0/0/0)
12-07 18:34:46.799  1554  1554 W TooltipLifecycleManager: TooltipLifecycleManager.dismissTooltips():153 Tooltip with id SUGGESTION_VIEW_EDU_MINI_DIALOG not found in tooltipManager.
12-07 18:34:46.814  1554  4776 I SuperDelight: SuperDelightManager$2.onSuccess():505 delight_overrides sync success, adding to data file manager
12-07 18:34:46.814  1554  4776 I DataFileManager: DataFileManager.addDataWithoutNotify():181 data en-840 already exists
12-07 18:34:46.814  1554  1947 I SP      : Sync for next-word-predictor succeeded in 75 ms: no changes
12-07 18:34:46.815  1554  1947 I SP      : GC for 'next-word-predictor' (10) with ttl of 0 ms took 0 ms (0/0/0)
12-07 18:34:46.818  1554  2245 I AbstractModelManager: AbstractModelManager.getPackNameForModel():371 Could not find pack that supports bg
12-07 18:34:46.819  1554  2245 E NwpModelManager: AbstractModelManager.openPack():274 openPack(): no `null` pack found, did you set the correct label?
12-07 18:34:46.828  1554  1554 W TooltipLifecycleManager: TooltipLifecycleManager.dismissTooltips():153 Tooltip with id SUGGESTION_VIEW_EDU_MINI_DIALOG not found in tooltipManager.
12-07 18:34:46.874  1554  1554 W TooltipLifecycleManager: TooltipLifecycleManager.dismissTooltips():153 Tooltip with id SUGGESTION_VIEW_EDU_MINI_DIALOG not found in tooltipManager.
12-07 18:34:46.888  4059  4138 D SliceBuilder: Creating slice for: com.android.settings.deviceinfo.hardwareinfo.DeviceModelPreferenceController
12-07 18:34:46.931  1554  1554 I StylusModule: StylusModule.onUpdateToolType():805 Update tool type = 0
12-07 18:34:46.957  1554  1554 W TooltipLifecycleManager: TooltipLifecycleManager.dismissTooltips():153 Tooltip with id SUGGESTION_VIEW_EDU_MINI_DIALOG not found in tooltipManager.
12-07 18:34:47.004  1554  1554 W TooltipLifecycleManager: TooltipLifecycleManager.dismissTooltips():153 Tooltip with id SUGGESTION_VIEW_EDU_MINI_DIALOG not found in tooltipManager.
12-07 18:34:47.041  1554  1554 W TooltipLifecycleManager: TooltipLifecycleManager.dismissTooltips():153 Tooltip with id SUGGESTION_VIEW_EDU_MINI_DIALOG not found in tooltipManager.
12-07 18:34:47.074  1554  1554 W TooltipLifecycleManager: TooltipLifecycleManager.dismissTooltips():153 Tooltip with id SUGGESTION_VIEW_EDU_MINI_DIALOG not found in tooltipManager.
12-07 18:34:47.106  1554  1554 W TooltipLifecycleManager: TooltipLifecycleManager.dismissTooltips():153 Tooltip with id SUGGESTION_VIEW_EDU_MINI_DIALOG not found in tooltipManager.
12-07 18:34:47.124  4059  4138 D SliceBuilder: Creating slice for: com.android.settings.notification.NotificationVolumePreferenceController
12-07 18:34:47.142  1554  1554 W TooltipLifecycleManager: TooltipLifecycleManager.dismissTooltips():153 Tooltip with id SUGGESTION_VIEW_EDU_MINI_DIALOG not found in tooltipManager.
12-07 18:34:47.147  4059  4751 D VolumeSliceHelper: Unregistering uri broadcast relay: content://com.android.settings.slices/action/notification_volume
12-07 18:34:47.147  4059  4138 D SliceBuilder: Creating slice for: com.android.settings.notification.SeparateRingVolumePreferenceController
12-07 18:34:47.160  4059  4138 D SliceBuilder: Creating slice for: com.android.settings.display.SmartAutoRotatePreferenceController
12-07 18:34:47.162  4059  4751 D VolumeSliceHelper: Unregistering uri broadcast relay: content://com.android.settings.slices/action/separate_ring_volume
12-07 18:34:47.184  4059  4138 D SliceBuilder: Creating slice for: com.android.settings.notification.AlarmVolumePreferenceController
12-07 18:34:47.188  4729  4729 I ViewInteraction: Performing 'close keyboard' action on view view.getId() is <2131361988/com.example.readingjournal:id/etAuthor>
12-07 18:34:47.191  4729  4729 D IdlingRegistry: Registering idling resources: [androidx.test.espresso.action.CloseKeyboardAction$CloseKeyboardIdlingResult@6702806]
12-07 18:34:47.191  4729  4729 I ImeTracker: com.example.readingjournal:e856b60d: onRequestHide at ORIGIN_CLIENT reason HIDE_SOFT_INPUT fromUser false
12-07 18:34:47.192  4729  4729 D WindowOnBackDispatcher: setTopOnBackInvokedCallback (unwrapped): android.app.Activity$$ExternalSyntheticLambda0@585ccdc
12-07 18:34:47.196  4059  4138 D SliceBuilder: Creating slice for: com.android.settings.notification.MediaVolumePreferenceController
12-07 18:34:47.197  4059  4751 D VolumeSliceHelper: Unregistering uri broadcast relay: content://com.android.settings.slices/action/alarm_volume
12-07 18:34:47.198   814  1989 I ImeTracker: system_server:9784e88d: onRequestShow at ORIGIN_SERVER reason IME_REQUESTED_CHANGED_LISTENER fromUser false
12-07 18:34:47.209   814   846 I ImeTracker: system_server:9784e88d: onCancelled at PHASE_SERVER_ALREADY_VISIBLE
12-07 18:34:47.212  1554  1554 I StylusModule: StylusModule.onUpdateToolType():805 Update tool type = 2
12-07 18:34:47.227  4059  4138 D SliceBuilder: Creating slice for: com.android.settings.notification.CallVolumePreferenceController
12-07 18:34:47.227  4059  4751 D VolumeSliceHelper: Unregistering uri broadcast relay: content://com.android.settings.slices/action/media_volume
12-07 18:34:47.236   814   847 I ImeTracker: system_server:778bd7d9: onRequestShow at ORIGIN_SERVER reason CONTROLS_CHANGED fromUser false
12-07 18:34:47.241  4729  4729 I ImeTracker: system_server:778bd7d9: onCancelled at PHASE_CLIENT_ON_CONTROLS_CHANGED
12-07 18:34:47.253  4059  4138 D VolumeSliceHelper: Unregistering uri broadcast relay: content://com.android.settings.slices/action/call_volume
12-07 18:34:47.253  4059  4138 D SliceBroadcastRelay: Unregistering uri broadcast relay: content://com.android.settings.slices/action/volume_slices
12-07 18:34:47.275   814   980 I HalDevMgr: bestIfaceCreationProposal is null, requestIface=STA, existingIface=[name=wlan0 type=STA]
12-07 18:34:47.414   814  1989 I ImeTracker: com.example.readingjournal:e856b60d: onFailed at PHASE_WM_NOTIFY_HIDE_ANIMATION_FINISHED
12-07 18:34:47.416  1554  1554 I GoogleInputMethodService: GoogleInputMethodService.onFinishInputView():1543 onFinishInputView(false)
12-07 18:34:47.418  1554  1554 I GlobeKeyExtension: GlobeKeyExtension.onDeactivate():144
12-07 18:34:47.421  1554  1554 I VoiceInputManagerWrapper: VoiceInputManagerWrapper.shutdown():131 shutdown()
12-07 18:34:47.421  1554  1554 I HardKeyTracker: HardKeyTracker.unregisterKeySequence():221 Unregister key sequence nef{labelResId=2132020472, callback=gdc@57d0a3f, lastModifier=2, keyCodes=[62], actions=[0]}
12-07 18:34:47.422  1554  1554 W ExtensionWrapper: ExtensionWrapper.setAllowUpdateNavigationBarStyle():818 class jpp is not activate
12-07 18:34:47.423  1554  1554 W ExtensionWrapper: ExtensionWrapper.setAllowUpdateNavigationBarStyle():818 class jpp is not activate
12-07 18:34:47.424  1554  1554 W TooltipLifecycleManager: TooltipLifecycleManager.dismissTooltips():153 Tooltip with id spell_check_add_to_dictionary not found in tooltipManager.
12-07 18:34:47.430  1554  1554 I InputBundle: InputBundle.consumeEvent():1011 Skip consuming an event as keyboard status is INACTIVE
12-07 18:34:47.431  1554  1554 E native  : E0000 00:00:1765125287.431556    1554 key-correction-manager.cc:349] User feature cache is not ready for key correction!
12-07 18:34:47.434  1554  1554 I AndroidIME: AbstractIme.onDeactivate():216 LatinIme.onDeactivate()
12-07 18:34:47.434  1554  1950 W ModuleManager: ModuleManager.loadModule():573 Module nzs is not available
12-07 18:34:47.438  1554  1554 D ImeBackCallbackSender: Unregister OnBackInvokedCallback at app window (packageName=com.example.readingjournal)
12-07 18:34:47.439   814  1989 I ImeTracker: com.example.readingjournal:e856b60d: onFinished on previously finished token at PHASE_NOT_SET with STATUS_SUCCESS
12-07 18:34:47.439  1554  1950 I OnDeviceWmrCalculator: OnDeviceWmrCalculator.calculateWmr():94 WMR: 0.0000 (0 / 1)
12-07 18:34:47.439  1554  1554 I ImeTracker: com.example.readingjournal:e856b60d: onHidden
12-07 18:34:47.498  4729  4729 D IdlingRegistry: Unregistering idling resources: [androidx.test.espresso.action.CloseKeyboardAction$CloseKeyboardIdlingResult@6702806]
12-07 18:34:47.502  4729  4729 I ViewInteraction: Performing 'type text(100)' action on view view.getId() is <2131361990/com.example.readingjournal:id/etPages>
12-07 18:34:47.530   814   988 D InetDiagMessage: Destroyed 0 sockets, proto=IPPROTO_TCP, family=AF_INET, states=14
12-07 18:34:47.530   814   988 D InetDiagMessage: Destroyed 0 sockets, proto=IPPROTO_TCP, family=AF_INET6, states=14
12-07 18:34:47.530   814   988 D InetDiagMessage: Destroyed live tcp sockets for uids={10105} in 1ms
12-07 18:34:47.547  4729  4729 I AutofillManager: showAutofillDialog() return false due to improve fill dialog
12-07 18:34:47.547  4729  4729 I ImeTracker: com.example.readingjournal:affca259: onRequestShow at ORIGIN_CLIENT reason SHOW_SOFT_INPUT fromUser true
12-07 18:34:47.551  1554  1554 I GoogleInputMethodService: GoogleInputMethodService.onFinishInput():2057
12-07 18:34:47.553  1554  1554 I Module  : DeviceLockedStatusModuleProvider$Module.updateDeviceLockedStatus():100 repeatCheckTimes = 0, locked = false
12-07 18:34:47.555  1554  1554 I GoogleInputMethodService: GoogleInputMethodService.onStartInput():1318 onStartInput(EditorInfo{EditorInfo{packageName=com.example.readingjournal, inputType=2, inputTypeString=Number, enableLearning=false, autoCorrection=false, autoComplete=false, imeOptions=c000005, privateImeOptions=null, actionName=NEXT, actionLabel=null, initialSelStart=0, initialSelEnd=0, initialCapsMode=0, label=null, fieldId=2131361990, fieldName=null, extras=Bundle[mParcelledData.dataSize=404], hintText=non-empty, hintLocales=[]}}, false)
12-07 18:34:47.558  1554  1554 I Module  : DeviceLockedStatusModuleProvider$Module.updateDeviceLockedStatus():100 repeatCheckTimes = 1, locked = false
12-07 18:34:47.558  1554  1554 I HardKeyTracker: HardKeyTracker.unregisterKeySequence():221 Unregister key sequence nef{labelResId=0, callback=gdc@de4b770, lastModifier=0, keyCodes=[57, 57], actions=[1, 0]}
12-07 18:34:47.558  1554  1554 I HardKeyTracker: HardKeyTracker.unregisterKeySequence():221 Unregister key sequence nef{labelResId=0, callback=gdc@2201a0f, lastModifier=0, keyCodes=[58, 58], actions=[1, 0]}
12-07 18:34:47.563  4729  4729 W RemoteInputConnectionImpl: requestCursorUpdates on inactive InputConnection
12-07 18:34:47.570  1554  1554 I StylusModule: StylusModule.onUpdateToolType():805 Update tool type = 2
12-07 18:34:47.573  1554  1554 I GoogleInputMethodService: GoogleInputMethodService.onStartInputView():1411 onStartInputView(EditorInfo{EditorInfo{packageName=com.example.readingjournal, inputType=2, inputTypeString=Number, enableLearning=false, autoCorrection=false, autoComplete=false, imeOptions=c000005, privateImeOptions=null, actionName=NEXT, actionLabel=null, initialSelStart=0, initialSelEnd=0, initialCapsMode=0, label=null, fieldId=2131361990, fieldName=null, extras=Bundle[{android.support.text.emoji.emojiCompat_metadataVersion=11, androidx.core.view.inputmethod.EditorInfoCompat.STYLUS_HANDWRITING_ENABLED=false, android.support.text.emoji.emojiCompat_replaceAll=false}], hintText=non-empty, hintLocales=[]}}, false)
12-07 18:34:47.575  1554  1554 I KeyboardHeightUtil: KeyboardHeightUtil.getOemKeyboardHeightRatio():108 systemKeyboardHeightRatio:1.000000.
12-07 18:34:47.578  1554  1554 I AndroidIME: InputBundleManager.loadActiveInputBundleId():528 loadActiveInputBundleId: und-Latn-x-number, number
12-07 18:34:47.579  1554  1554 I KeyboardWrapper: KeyboardWrapper.activateKeyboard():581 activateKeyboard(): type=accessory, status=INACTIVE, imeDef=mir{stringId=number, language=und-Latn-x-number, languageTag=und-Latn-x-number, processedConditions={}, className=com.google.android.libraries.inputmethod.ime.DummyIme, label=2132019211, keyEventInterpreter=null, inlineComposing=true, autoCapital=false, announceAutoSelectedCandidate=false, statusIcon=0, indicatorIcon=0, indicatorLabel=null, displayAppCompletions=false, extraValues=mik{}, processors=mkj@2394076, unacceptableMetaKeys=4098, languageSpecificSettings=0, asciiCapable=false, alwaysShowSuggestions=false, useAsciiPasswordKeyboard=false, keyboardGroupDef=mjs@9f0ee02, phenotypeFlagId=0, localizationLanguageTag=null, supportsInlineSuggestion=false}
12-07 18:34:47.580  1554  1554 I KeyboardManager: KeyboardManager.requestKeyboard():248 Creating keyboard prime, imeId=number, cacheKey=theme,!gsf,!pgsans,!pgsf,!use_system_font,BORDER,FLAVOR_DPI=XXHDPI,GOOGLE_ICONS,KEYBOARD_WIDTH_CATEGORY=NORMAL,KEY_BORDER_SHAPE=1,LIGHT_THEME=false,PHYSICAL_DIAGONAL=6.1297245,POPUP,SCREEN_SHORTEST_WIDTH=411,SCREEN_SHORTEST_WIDTH_NO_SCALE=411,SW400DP,XXHDPI,bottom4dp,enable_emoji_kitchen_browse_color_v2=true,enable_google_fonts_icons=true,enable_popup_on_keypress=true,keyboard_redesign_google_sans=true,non_linear_scale,noshadow,overlay_builtin_dynamic_color_dark_base.binarypb:gm3-dark-ff0d0e12-ffbac5ee-2c17b68c1e2c11098976748f8f22233d,roundedchip,silkpopup
12-07 18:34:47.581  1554  1554 I AndroidIME: InputBundleManager.startInput():358 startInput() with mjw[keyboardType=accessory, payload=null]
12-07 18:34:47.583  1554  1554 I GlobeKeyExtension: GlobeKeyExtension.onActivate():120
12-07 18:34:47.587  1554  1554 I AutoPasteSuggestionHelper: AutoPasteSuggestionHelper.createProactiveSuggestions():515 Failed to create item chips.
12-07 18:34:47.587  4729  4729 I ImeTracker: com.example.readingjournal:affca259: onCancelled at PHASE_CLIENT_ON_CONTROLS_CHANGED
12-07 18:34:47.589  1554  1554 I NewLanguagePromptExtension: NewLanguagePromptExtension.onActivate():189 Not activated NewLanguagePromptExtension: not a normal text input box.
12-07 18:34:47.590  1554  1554 I HardKeyTracker: HardKeyTracker.unregisterKeySequence():221 Unregister key sequence nef{labelResId=2132020464, callback=cgm@11aca9e, lastModifier=2, keyCodes=[56], actions=[0]}
12-07 18:34:47.590  1554  1554 I HardKeyTracker: HardKeyTracker.unregisterKeySequence():221 Unregister key sequence nef{labelResId=2132020464, callback=cgm@ae77195, lastModifier=0, keyCodes=[317], actions=[0]}
12-07 18:34:47.591  1554  1554 I HardKeyTracker: HardKeyTracker.registerKeySequence():170 Register key sequence nef{labelResId=2132020464, callback=cgm@dc11e, lastModifier=2, keyCodes=[56], actions=[0]}
12-07 18:34:47.592  1554  1554 I HardKeyTracker: HardKeyTracker.registerKeySequence():170 Register key sequence nef{labelResId=2132020464, callback=cgm@d200b1b, lastModifier=0, keyCodes=[317], actions=[0]}
12-07 18:34:47.593  1554  1554 I VoiceInputManagerWrapper: VoiceInputManagerWrapper.cancelShutdown():109 cancelShutdown()
12-07 18:34:47.593  1554  1554 I VoiceInputManagerWrapper: VoiceInputManagerWrapper.syncLanguagePacks():121 syncLanguagePacks()
12-07 18:34:47.597  1554  4787 I SpeechFactory: SpeechRecognitionFactory.maybeScheduleAutoPackDownloadForFallback():217 maybeScheduleAutoPackDownloadForFallback()
12-07 18:34:47.597  1554  4787 I FallbackOnDeviceRecognitionProvider: FallbackOnDeviceRecognitionProvider.maybeScheduleAutoPackDownload():199 maybeScheduleAutoPackDownload() for language tag bg-BG
12-07 18:34:47.602  1554  1554 I PkModeUpdater: PkModeUpdater.onActivate():74 onActivate false false
12-07 18:34:47.602  1554  1554 I PkModeUpdater: PkModeUpdater.onActivate():76 disable Pk Mode = true entry = lpl{languageTag=bg-BG, variant=bulgarian, hasLocalizedResources=true, conditionCacheKey=_app_first_start_timestamp=1764961464703_bottom_period_popup_slash=false_cache_additional_ime_defs_for_condition_change=false_cache_ime_defs_for_condition_change=false_deprecate_long_press_space_for_ime_picker=false_device=phone_device_size=default_enable_access_points_in_password_number=false_enable_correction_settings_updates=false_enable_flick_symbols=true_enable_more_candidates_view_for_multilingual=false_enable_number_row=false_enable_number_row_in_password=true_enable_pk_simulator=false_enable_pk_simulator_setting=false_enable_preemptive_decode=true_enable_secondary_digits=true_enable_secondary_symbols=false_expressions=normal_four_or_more_letter_rows=false_keyboard_mode=normal_language=bg-BG_layout_9key_split=false_orientation=portrait_physical_keyboard=qwerty_pref_enable_flick_symbols=false_rtl_layout=false_show_comma_key=true_show_period_key=true_show_secondary_digits=true_show_suggestion_strip=true_show_suggestions=true_split_with_duplicate_keys=true_true=true_variant=bulgarian_writing_helper_enable_by_word_revert=false, imeDef.stringId=ime_bulgarian, imeDef.className=com.google.android.apps.inputmethod.libs.latin5.LatinIme, imeDef.languageTag=bg} editorInfo = android.view.inputmethod.EditorInfo@d44f4ef
12-07 18:34:47.602  1554  1554 I AccessoryInputModeManager: AccessoryInputModeManager.onModeStarted():319 Accessory input mode started: STYLUS
12-07 18:34:47.603  1554  1554 W ExtensionWrapper: ExtensionWrapper.setAllowUpdateNavigationBarStyle():818 class jpp is not activate
12-07 18:34:47.603  1554  1554 I WidgetViewShowingController: WidgetViewShowingController.showWidgetKeyboardInternal():527 Show companion widget
12-07 18:34:47.616  1554  1554 W ExtensionWrapper: ExtensionWrapper.setAllowUpdateNavigationBarStyle():818 class jpp is not activate
12-07 18:34:47.616  1554  1554 I WidgetViewShowingPositionHandler: WidgetViewShowingPositionHandler.updateAvailableArea():194 update available area Rect(21, 84 - 1059, 2333)
12-07 18:34:47.618  1554  1554 I KeyboardWrapper: KeyboardWrapper.consumeEvent():429 Skip consuming an event as current keyboard is deactivated (state=ACTIVE, keyboard existence=false)
12-07 18:34:47.618  1554  1554 I KeyboardManager: KeyboardManager.requestKeyboard():248 Creating keyboard accessory_candidates_consumer, imeId=number, cacheKey=theme,!gsf,!pgsans,!pgsf,!use_system_font,BORDER,FLAVOR_DPI=XXHDPI,GOOGLE_ICONS,KEYBOARD_WIDTH_CATEGORY=NORMAL,KEY_BORDER_SHAPE=1,LIGHT_THEME=false,PHYSICAL_DIAGONAL=6.1297245,POPUP,SCREEN_SHORTEST_WIDTH=411,SCREEN_SHORTEST_WIDTH_NO_SCALE=411,SW400DP,XXHDPI,bottom4dp,enable_emoji_kitchen_browse_color_v2=true,enable_google_fonts_icons=true,enable_popup_on_keypress=true,keyboard_redesign_google_sans=true,non_linear_scale,noshadow,overlay_builtin_dynamic_color_dark_base.binarypb:gm3-dark-ff0d0e12-ffbac5ee-2c17b68c1e2c11098976748f8f22233d,roundedchip,silkpopup
12-07 18:34:47.624  1554  1554 W NotificationCenter: NotificationCenter$NotificationQueue.notifyPendingNotificationsOnExecutor():877 Heavy notify work detected on UI thread: [jri->jpm] takes 21ms
12-07 18:34:47.625  1554  1554 I HardKeyTracker: HardKeyTracker.registerKeySequence():170 Register key sequence nef{labelResId=2132020472, callback=gdc@a890e60, lastModifier=2, keyCodes=[62], actions=[0]}
12-07 18:34:47.628  1554  1554 I KeyboardHeightUtil: KeyboardHeightUtil.calculateMaxKeyboardBodyHeight():50 leave 281 height for app when ime window height:2274, header height:116 and isFullscreenMode:false, so the max keyboard body height is:1877
12-07 18:34:47.628  1554  1554 I KeyboardHeightUtil: KeyboardHeightUtil.calculateMaxKeyboardBodyHeight():50 leave 281 height for app when ime window height:2274, header height:116 and isFullscreenMode:false, so the max keyboard body height is:1877
12-07 18:34:47.629  1554  1554 W ExtensionWrapper: ExtensionWrapper.setExtensionViewVisibility():809 interface lzc is not activate
12-07 18:34:47.638  1554  1554 I Module  : DeviceLockedStatusModuleProvider$Module.updateDeviceLockedStatus():100 repeatCheckTimes = 1, locked = false
12-07 18:34:47.639  1554  1554 I HardKeyTracker: HardKeyTracker.unregisterKeySequence():221 Unregister key sequence nef{labelResId=2132020464, callback=cgm@2a29714, lastModifier=2, keyCodes=[56], actions=[0]}
12-07 18:34:47.639  1554  1554 I HardKeyTracker: HardKeyTracker.unregisterKeySequence():221 Unregister key sequence nef{labelResId=2132020464, callback=cgm@fafa903, lastModifier=0, keyCodes=[317], actions=[0]}
12-07 18:34:47.639  1554  1554 I HardKeyTracker: HardKeyTracker.registerKeySequence():170 Register key sequence nef{labelResId=2132020464, callback=cgm@52e4978, lastModifier=2, keyCodes=[56], actions=[0]}
12-07 18:34:47.639  1554  1554 I HardKeyTracker: HardKeyTracker.registerKeySequence():170 Register key sequence nef{labelResId=2132020464, callback=cgm@e4a39b7, lastModifier=0, keyCodes=[317], actions=[0]}
12-07 18:34:47.641  1554  1554 I HardKeyTracker: HardKeyTracker.unregisterKeySequence():221 Unregister key sequence nef{labelResId=2132020468, callback=cgm@88f5686, lastModifier=2, keyCodes=[48], actions=[0]}
12-07 18:34:47.642  1554  1554 I HardKeyTracker: HardKeyTracker.registerKeySequence():170 Register key sequence nef{labelResId=2132020468, callback=cgm@eaccf90, lastModifier=2, keyCodes=[48], actions=[0]}
12-07 18:34:47.644  1554  1554 I HardKeyTracker: HardKeyTracker.unregisterKeySequence():221 Unregister key sequence nef{labelResId=2132020468, callback=cgm@46de4e3, lastModifier=2, keyCodes=[48], actions=[0]}
12-07 18:34:47.644  1554  1554 I HardKeyTracker: HardKeyTracker.registerKeySequence():170 Register key sequence nef{labelResId=2132020468, callback=cgm@c88c45, lastModifier=2, keyCodes=[48], actions=[0]}
12-07 18:34:47.646  1554  1554 I HardKeyTracker: HardKeyTracker.unregisterKeySequence():221 Unregister key sequence nef{labelResId=2132020469, callback=cgm@a07746a, lastModifier=2, keyCodes=[32], actions=[0]}
12-07 18:34:47.647  1554  1554 I HardKeyTracker: HardKeyTracker.unregisterKeySequence():221 Unregister key sequence nef{labelResId=2132020469, callback=cgm@f894ed1, lastModifier=0, keyCodes=[319], actions=[0]}
12-07 18:34:47.647  1554  1554 I HardKeyTracker: HardKeyTracker.registerKeySequence():170 Register key sequence nef{labelResId=2132020469, callback=cgm@23d7f2, lastModifier=2, keyCodes=[32], actions=[0]}
12-07 18:34:47.647  1554  1554 I HardKeyTracker: HardKeyTracker.registerKeySequence():170 Register key sequence nef{labelResId=2132020469, callback=cgm@41b8df9, lastModifier=0, keyCodes=[319], actions=[0]}
12-07 18:34:47.648  1554  1554 I HardKeyTracker: HardKeyTracker.unregisterKeySequence():221 Unregister key sequence nef{labelResId=2132020469, callback=cgm@383070d, lastModifier=2, keyCodes=[32], actions=[0]}
12-07 18:34:47.648  1554  1554 I HardKeyTracker: HardKeyTracker.unregisterKeySequence():221 Unregister key sequence nef{labelResId=2132020469, callback=cgm@d2eb010, lastModifier=0, keyCodes=[319], actions=[0]}
12-07 18:34:47.649  1554  1554 I HardKeyTracker: HardKeyTracker.registerKeySequence():170 Register key sequence nef{labelResId=2132020469, callback=cgm@9cbe3d8, lastModifier=2, keyCodes=[32], actions=[0]}
12-07 18:34:47.649  1554  1554 I HardKeyTracker: HardKeyTracker.registerKeySequence():170 Register key sequence nef{labelResId=2132020469, callback=cgm@ff6df97, lastModifier=0, keyCodes=[319], actions=[0]}
12-07 18:34:47.657  1554  1554 D ImeBackCallbackSender: Register OnBackInvokedCallback with priority=-1 at app window (packageName=com.example.readingjournal)
12-07 18:34:47.659  4729  4729 D WindowOnBackDispatcher: setTopOnBackInvokedCallback (unwrapped): android.view.ImeBackAnimationController@ea44cd
12-07 18:34:47.680  1554  1554 I KeyboardManager: KeyboardManager.requestKeyboard():248 Creating keyboard accessory, imeId=number, cacheKey=theme,!gsf,!pgsans,!pgsf,!use_system_font,BORDER,FLAVOR_DPI=XXHDPI,GOOGLE_ICONS,KEYBOARD_WIDTH_CATEGORY=NORMAL,KEY_BORDER_SHAPE=1,LIGHT_THEME=false,PHYSICAL_DIAGONAL=6.1297245,POPUP,SCREEN_SHORTEST_WIDTH=411,SCREEN_SHORTEST_WIDTH_NO_SCALE=411,SW400DP,XXHDPI,bottom4dp,enable_emoji_kitchen_browse_color_v2=true,enable_google_fonts_icons=true,enable_popup_on_keypress=true,keyboard_redesign_google_sans=true,non_linear_scale,noshadow,overlay_builtin_dynamic_color_dark_base.binarypb:gm3-dark-ff0d0e12-ffbac5ee-2c17b68c1e2c11098976748f8f22233d,roundedchip,silkpopup
12-07 18:34:47.682  1554  1554 I KeyboardWrapper: KeyboardWrapper.onKeyboardReady():224 onKeyboardReady(): type=null(accessory), kb=com.google.android.libraries.inputmethod.keyboard.impl.Keyboard@9fee769
12-07 18:34:47.682  1554  1554 I VoiceInputManager: VoiceInputManager.onKeyboardActivated():1148 onKeyboardActivated() [UD]
12-07 18:34:47.682  1554  1554 I KeyboardWrapper: KeyboardWrapper.doActivateKeyboard():611 doActivateKeyboard(): accessory
12-07 18:34:47.683  1554  1554 W KeyboardDef: KeyboardDef.getKeyboardViewDef():739 KeyboardViewDef is not found: keyboardDef=mjl{processedConditions={}, globalConditions={}, className=com.google.android.libraries.inputmethod.keyboard.impl.Keyboard, resourceIds=[#0x7f17004d], initialStates=0, keyboardViewDefs=[], persistentStates=0, persistentStatesPrefKey=null, popupBubbleLayoutId=0, recentKeyLayoutId=0, recentKeyPopupLayoutId=0, recentKeyType=null, rememberRecentKey=NONE, sessionStates=0}, type=HEADER, id=2131427876
12-07 18:34:47.683  1554  1554 W Keyboard: Keyboard.getKeyboardViewHelper():600 null helper is returned: keyboardDef=mjl{processedConditions={}, globalConditions={}, className=com.google.android.libraries.inputmethod.keyboard.impl.Keyboard, resourceIds=[#0x7f17004d], initialStates=0, keyboardViewDefs=[], persistentStates=0, persistentStatesPrefKey=null, popupBubbleLayoutId=0, recentKeyLayoutId=0, recentKeyPopupLayoutId=0, recentKeyType=null, rememberRecentKey=NONE, sessionStates=0}, type=HEADER, helpersCreated=[null, null, null, null], context.getResources().getConfiguration(): {1.0 310mcc260mnc [bg_BG,en_US] ldltr sw411dp w411dp h914dp 420dpi nrml long compactNeeded port night finger qwerty/v/v dpad/v winConfig={ mBounds=Rect(0, 0 - 1080, 2400) mAppBounds=Rect(0, 0 - 1080, 2400) mMaxBounds=Rect(0, 0 - 1080, 2400) mDisplayRotation=ROTATION_0 mWindowingMode=fullscreen mActivityType=undefined mAlwaysOnTop=undefined mRotation=ROTATION_0} s.12 fontWeightAdjustment=0}
12-07 18:34:47.683  1554  1554 W KeyboardDef: KeyboardDef.getKeyboardViewDef():739 KeyboardViewDef is not found: keyboardDef=mjl{processedConditions={}, globalConditions={}, className=com.google.android.libraries.inputmethod.keyboard.impl.Keyboard, resourceIds=[#0x7f17004d], initialStates=0, keyboardViewDefs=[], persistentStates=0, persistentStatesPrefKey=null, popupBubbleLayoutId=0, recentKeyLayoutId=0, recentKeyPopupLayoutId=0, recentKeyType=null, rememberRecentKey=NONE, sessionStates=0}, type=BODY, id=2131427876
12-07 18:34:47.683  1554  1554 W Keyboard: Keyboard.getKeyboardViewHelper():600 null helper is returned: keyboardDef=mjl{processedConditions={}, globalConditions={}, className=com.google.android.libraries.inputmethod.keyboard.impl.Keyboard, resourceIds=[#0x7f17004d], initialStates=0, keyboardViewDefs=[], persistentStates=0, persistentStatesPrefKey=null, popupBubbleLayoutId=0, recentKeyLayoutId=0, recentKeyPopupLayoutId=0, recentKeyType=null, rememberRecentKey=NONE, sessionStates=0}, type=BODY, helpersCreated=[null, null, null, null], context.getResources().getConfiguration(): {1.0 310mcc260mnc [bg_BG,en_US] ldltr sw411dp w411dp h914dp 420dpi nrml long compactNeeded port night finger qwerty/v/v dpad/v winConfig={ mBounds=Rect(0, 0 - 1080, 2400) mAppBounds=Rect(0, 0 - 1080, 2400) mMaxBounds=Rect(0, 0 - 1080, 2400) mDisplayRotation=ROTATION_0 mWindowingMode=fullscreen mActivityType=undefined mAlwaysOnTop=undefined mRotation=ROTATION_0} s.12 fontWeightAdjustment=0}
12-07 18:34:47.686  1554  1554 I GlobeKeyExtension: GlobeKeyExtension.getKeyboardInitialStates():175
12-07 18:34:47.689  1554  1554 W Keyboard: Keyboard.getKeyboardViewHelper():600 null helper is returned: keyboardDef=mjl{processedConditions={}, globalConditions={}, className=com.google.android.libraries.inputmethod.keyboard.impl.Keyboard, resourceIds=[#0x7f17004d], initialStates=0, keyboardViewDefs=[], persistentStates=0, persistentStatesPrefKey=null, popupBubbleLayoutId=0, recentKeyLayoutId=0, recentKeyPopupLayoutId=0, recentKeyType=null, rememberRecentKey=NONE, sessionStates=0}, type=HEADER, helpersCreated=[null, null, null, null], context.getResources().getConfiguration(): {1.0 310mcc260mnc [bg_BG,en_US] ldltr sw411dp w411dp h914dp 420dpi nrml long compactNeeded port night finger qwerty/v/v dpad/v winConfig={ mBounds=Rect(0, 0 - 1080, 2400) mAppBounds=Rect(0, 0 - 1080, 2400) mMaxBounds=Rect(0, 0 - 1080, 2400) mDisplayRotation=ROTATION_0 mWindowingMode=fullscreen mActivityType=undefined mAlwaysOnTop=undefined mRotation=ROTATION_0} s.12 fontWeightAdjustment=0}
12-07 18:34:47.689  1554  1554 W Keyboard: Keyboard.getKeyboardViewHelper():600 null helper is returned: keyboardDef=mjl{processedConditions={}, globalConditions={}, className=com.google.android.libraries.inputmethod.keyboard.impl.Keyboard, resourceIds=[#0x7f17004d], initialStates=0, keyboardViewDefs=[], persistentStates=0, persistentStatesPrefKey=null, popupBubbleLayoutId=0, recentKeyLayoutId=0, recentKeyPopupLayoutId=0, recentKeyType=null, rememberRecentKey=NONE, sessionStates=0}, type=BODY, helpersCreated=[null, null, null, null], context.getResources().getConfiguration(): {1.0 310mcc260mnc [bg_BG,en_US] ldltr sw411dp w411dp h914dp 420dpi nrml long compactNeeded port night finger qwerty/v/v dpad/v winConfig={ mBounds=Rect(0, 0 - 1080, 2400) mAppBounds=Rect(0, 0 - 1080, 2400) mMaxBounds=Rect(0, 0 - 1080, 2400) mDisplayRotation=ROTATION_0 mWindowingMode=fullscreen mActivityType=undefined mAlwaysOnTop=undefined mRotation=ROTATION_0} s.12 fontWeightAdjustment=0}
12-07 18:34:47.689  1554  1554 W KeyboardDef: KeyboardDef.getKeyboardViewDef():739 KeyboardViewDef is not found: keyboardDef=mjl{processedConditions={}, globalConditions={}, className=com.google.android.libraries.inputmethod.keyboard.impl.Keyboard, resourceIds=[#0x7f17004d], initialStates=0, keyboardViewDefs=[], persistentStates=0, persistentStatesPrefKey=null, popupBubbleLayoutId=0, recentKeyLayoutId=0, recentKeyPopupLayoutId=0, recentKeyType=null, rememberRecentKey=NONE, sessionStates=0}, type=FLOATING_CANDIDATES, id=2131427876
12-07 18:34:47.689  1554  1554 W Keyboard: Keyboard.getKeyboardViewHelper():600 null helper is returned: keyboardDef=mjl{processedConditions={}, globalConditions={}, className=com.google.android.libraries.inputmethod.keyboard.impl.Keyboard, resourceIds=[#0x7f17004d], initialStates=0, keyboardViewDefs=[], persistentStates=0, persistentStatesPrefKey=null, popupBubbleLayoutId=0, recentKeyLayoutId=0, recentKeyPopupLayoutId=0, recentKeyType=null, rememberRecentKey=NONE, sessionStates=0}, type=FLOATING_CANDIDATES, helpersCreated=[null, null, null, null], context.getResources().getConfiguration(): {1.0 310mcc260mnc [bg_BG,en_US] ldltr sw411dp w411dp h914dp 420dpi nrml long compactNeeded port night finger qwerty/v/v dpad/v winConfig={ mBounds=Rect(0, 0 - 1080, 2400) mAppBounds=Rect(0, 0 - 1080, 2400) mMaxBounds=Rect(0, 0 - 1080, 2400) mDisplayRotation=ROTATION_0 mWindowingMode=fullscreen mActivityType=undefined mAlwaysOnTop=undefined mRotation=ROTATION_0} s.12 fontWeightAdjustment=0}
12-07 18:34:47.690  1554  1554 W KeyboardDef: KeyboardDef.getKeyboardViewDef():739 KeyboardViewDef is not found: keyboardDef=mjl{processedConditions={}, globalConditions={}, className=com.google.android.libraries.inputmethod.keyboard.impl.Keyboard, resourceIds=[#0x7f17004d], initialStates=0, keyboardViewDefs=[], persistentStates=0, persistentStatesPrefKey=null, popupBubbleLayoutId=0, recentKeyLayoutId=0, recentKeyPopupLayoutId=0, recentKeyType=null, rememberRecentKey=NONE, sessionStates=0}, type=WIDGET, id=2131427876
12-07 18:34:47.690  1554  1554 W Keyboard: Keyboard.getKeyboardViewHelper():600 null helper is returned: keyboardDef=mjl{processedConditions={}, globalConditions={}, className=com.google.android.libraries.inputmethod.keyboard.impl.Keyboard, resourceIds=[#0x7f17004d], initialStates=0, keyboardViewDefs=[], persistentStates=0, persistentStatesPrefKey=null, popupBubbleLayoutId=0, recentKeyLayoutId=0, recentKeyPopupLayoutId=0, recentKeyType=null, rememberRecentKey=NONE, sessionStates=0}, type=WIDGET, helpersCreated=[null, null, null, null], context.getResources().getConfiguration(): {1.0 310mcc260mnc [bg_BG,en_US] ldltr sw411dp w411dp h914dp 420dpi nrml long compactNeeded port night finger qwerty/v/v dpad/v winConfig={ mBounds=Rect(0, 0 - 1080, 2400) mAppBounds=Rect(0, 0 - 1080, 2400) mMaxBounds=Rect(0, 0 - 1080, 2400) mDisplayRotation=ROTATION_0 mWindowingMode=fullscreen mActivityType=undefined mAlwaysOnTop=undefined mRotation=ROTATION_0} s.12 fontWeightAdjustment=0}
12-07 18:34:47.690  1554  1554 I KeyboardManager: KeyboardManager.requestKeyboard():248 Creating keyboard accessory_candidates_consumer, imeId=number, cacheKey=theme,!gsf,!pgsans,!pgsf,!use_system_font,BORDER,FLAVOR_DPI=XXHDPI,GOOGLE_ICONS,KEYBOARD_WIDTH_CATEGORY=NORMAL,KEY_BORDER_SHAPE=1,LIGHT_THEME=false,PHYSICAL_DIAGONAL=6.1297245,POPUP,SCREEN_SHORTEST_WIDTH=411,SCREEN_SHORTEST_WIDTH_NO_SCALE=411,SW400DP,XXHDPI,bottom4dp,enable_emoji_kitchen_browse_color_v2=true,enable_google_fonts_icons=true,enable_popup_on_keypress=true,keyboard_redesign_google_sans=true,non_linear_scale,noshadow,overlay_builtin_dynamic_color_dark_base.binarypb:gm3-dark-ff0d0e12-ffbac5ee-2c17b68c1e2c11098976748f8f22233d,roundedchip,silkpopup
12-07 18:34:47.691  1554  1554 I GlobeKeyExtension: GlobeKeyExtension.getKeyboardInitialStates():175
12-07 18:34:47.692  1554  1554 W KeyboardDef: KeyboardDef.getKeyboardViewDef():739 KeyboardViewDef is not found: keyboardDef=mjl{processedConditions={}, globalConditions={global_theme_key=theme,!gsf,!pgsans,!pgsf,!use_system_font,BORDER,FLAVOR_DPI=XXHDPI,GOOGLE_ICONS,KEYBOARD_WIDTH_CATEGORY=NORMAL,KEY_BORDER_SHAPE=1,LIGHT_THEME=false,PHYSICAL_DIAGONAL=6.1297245,POPUP,SCREEN_SHORTEST_WIDTH=411,SCREEN_SHORTEST_WIDTH_NO_SCALE=411,SW400DP,XXHDPI,bottom4dp,enable_emoji_kitchen_browse_color_v2=true,enable_google_fonts_icons=true,enable_popup_on_keypress=true,keyboard_redesign_google_sans=true,non_linear_scale,noshadow,overlay_builtin_dynamic_color_dark_base.binarypb:gm3-dark-ff0d0e12-ffbac5ee-2c17b68c1e2c11098976748f8f22233d,roundedchip,silkpopup, global_locale=bg_BG, global_density_dpi=420, global_orientation=1}, className=.latin.keyboard.AccessoryKeyboard, resourceIds=[#0x7f17004c], initialStates=0, keyboardViewDefs=[mka{direction=null, id=#0x7f0b0224, isScalable=false, layoutId=#0x7f0e0032, type=FLOATING_CANDIDATES, touchable=true, defaultShow=false}], persistentStates=0, persistentStatesPrefKey=null, popupBubbleLayoutId=#0x7f0e05f0, recentKeyLayoutId=0, recentKeyPopupLayoutId=0, recentKeyType=null, rememberRecentKey=NONE, sessionStates=0}, type=HEADER, id=2131427876
12-07 18:34:47.693  1554  1554 W Keyboard: Keyboard.getKeyboardViewHelper():600 null helper is returned: keyboardDef=mjl{processedConditions={}, globalConditions={global_theme_key=theme,!gsf,!pgsans,!pgsf,!use_system_font,BORDER,FLAVOR_DPI=XXHDPI,GOOGLE_ICONS,KEYBOARD_WIDTH_CATEGORY=NORMAL,KEY_BORDER_SHAPE=1,LIGHT_THEME=false,PHYSICAL_DIAGONAL=6.1297245,POPUP,SCREEN_SHORTEST_WIDTH=411,SCREEN_SHORTEST_WIDTH_NO_SCALE=411,SW400DP,XXHDPI,bottom4dp,enable_emoji_kitchen_browse_color_v2=true,enable_google_fonts_icons=true,enable_popup_on_keypress=true,keyboard_redesign_google_sans=true,non_linear_scale,noshadow,overlay_builtin_dynamic_color_dark_base.binarypb:gm3-dark-ff0d0e12-ffbac5ee-2c17b68c1e2c11098976748f8f22233d,roundedchip,silkpopup, global_locale=bg_BG, global_density_dpi=420, global_orientation=1}, className=.latin.keyboard.AccessoryKeyboard, resourceIds=[#0x7f17004c], initialStates=0, keyboardViewDefs=[mka{direction=null, id=#0x7f0b0224, isScalable=false, layoutId=#0x7f0e0032, type=FLOATING_CANDIDATES, touchable=true, defaultShow=false}], persistentStates=0, persistentStatesPrefKey=null, popupBubbleLayoutId=#0x7f0e05f0, recentKeyLayoutId=0, recentKeyPopupLayoutId=0, recentKeyType=null, rememberRecentKey=NONE, sessionStates=0}, type=HEADER, helpersCreated=[null, null, null, null], context.getResources().getConfiguration(): {1.0 310mcc260mnc [bg_BG,en_US] ldltr sw411dp w411dp h914dp 420dpi nrml long compactNeeded port night finger qwerty/v/v dpad/v winConfig={ mBounds=Rect(0, 0 - 1080, 2400) mAppBounds=Rect(0, 0 - 1080, 2400) mMaxBounds=Rect(0, 0 - 1080, 2400) mDisplayRotation=ROTATION_0 mWindowingMode=fullscreen mActivityType=undefined mAlwaysOnTop=undefined mRotation=ROTATION_0} s.12 fontWeightAdjustment=0}
12-07 18:34:47.693  1554  1554 W KeyboardDef: KeyboardDef.getKeyboardViewDef():739 KeyboardViewDef is not found: keyboardDef=mjl{processedConditions={}, globalConditions={global_theme_key=theme,!gsf,!pgsans,!pgsf,!use_system_font,BORDER,FLAVOR_DPI=XXHDPI,GOOGLE_ICONS,KEYBOARD_WIDTH_CATEGORY=NORMAL,KEY_BORDER_SHAPE=1,LIGHT_THEME=false,PHYSICAL_DIAGONAL=6.1297245,POPUP,SCREEN_SHORTEST_WIDTH=411,SCREEN_SHORTEST_WIDTH_NO_SCALE=411,SW400DP,XXHDPI,bottom4dp,enable_emoji_kitchen_browse_color_v2=true,enable_google_fonts_icons=true,enable_popup_on_keypress=true,keyboard_redesign_google_sans=true,non_linear_scale,noshadow,overlay_builtin_dynamic_color_dark_base.binarypb:gm3-dark-ff0d0e12-ffbac5ee-2c17b68c1e2c11098976748f8f22233d,roundedchip,silkpopup, global_locale=bg_BG, global_density_dpi=420, global_orientation=1}, className=.latin.keyboard.AccessoryKeyboard, resourceIds=[#0x7f17004c], initialStates=0, keyboardViewDefs=[mka{direction=null, id=#0x7f0b0224, isScalable=false, layoutId=#0x7f0e0032, type=FLOATING_CANDIDATES, touchable=true, defaultShow=false}], persistentStates=0, persistentStatesPrefKey=null, popupBubbleLayoutId=#0x7f0e05f0, recentKeyLayoutId=0, recentKeyPopupLayoutId=0, recentKeyType=null, rememberRecentKey=NONE, sessionStates=0}, type=BODY, id=2131427876
12-07 18:34:47.693  1554  1554 W Keyboard: Keyboard.getKeyboardViewHelper():600 null helper is returned: keyboardDef=mjl{processedConditions={}, globalConditions={global_theme_key=theme,!gsf,!pgsans,!pgsf,!use_system_font,BORDER,FLAVOR_DPI=XXHDPI,GOOGLE_ICONS,KEYBOARD_WIDTH_CATEGORY=NORMAL,KEY_BORDER_SHAPE=1,LIGHT_THEME=false,PHYSICAL_DIAGONAL=6.1297245,POPUP,SCREEN_SHORTEST_WIDTH=411,SCREEN_SHORTEST_WIDTH_NO_SCALE=411,SW400DP,XXHDPI,bottom4dp,enable_emoji_kitchen_browse_color_v2=true,enable_google_fonts_icons=true,enable_popup_on_keypress=true,keyboard_redesign_google_sans=true,non_linear_scale,noshadow,overlay_builtin_dynamic_color_dark_base.binarypb:gm3-dark-ff0d0e12-ffbac5ee-2c17b68c1e2c11098976748f8f22233d,roundedchip,silkpopup, global_locale=bg_BG, global_density_dpi=420, global_orientation=1}, className=.latin.keyboard.AccessoryKeyboard, resourceIds=[#0x7f17004c], initialStates=0, keyboardViewDefs=[mka{direction=null, id=#0x7f0b0224, isScalable=false, layoutId=#0x7f0e0032, type=FLOATING_CANDIDATES, touchable=true, defaultShow=false}], persistentStates=0, persistentStatesPrefKey=null, popupBubbleLayoutId=#0x7f0e05f0, recentKeyLayoutId=0, recentKeyPopupLayoutId=0, recentKeyType=null, rememberRecentKey=NONE, sessionStates=0}, type=BODY, helpersCreated=[null, null, null, null], context.getResources().getConfiguration(): {1.0 310mcc260mnc [bg_BG,en_US] ldltr sw411dp w411dp h914dp 420dpi nrml long compactNeeded port night finger qwerty/v/v dpad/v winConfig={ mBounds=Rect(0, 0 - 1080, 2400) mAppBounds=Rect(0, 0 - 1080, 2400) mMaxBounds=Rect(0, 0 - 1080, 2400) mDisplayRotation=ROTATION_0 mWindowingMode=fullscreen mActivityType=undefined mAlwaysOnTop=undefined mRotation=ROTATION_0} s.12 fontWeightAdjustment=0}
12-07 18:34:47.712  1554  1554 I GoogleInputMethodService: GoogleInputMethodService$1.onKeyboardViewShown():324 onKeyboardViewShown: keyboardType=accessory, keyboardViewType=HEADER keyboardView=null
