12-07 18:34:47.713  1554  1554 W Keyboard: Keyboard.getKeyboardViewHelper():600 null helper is returned: keyboardDef=mjl{processedConditions={}, globalConditions={}, className=com.google.android.libraries.inputmethod.keyboard.impl.Keyboard, resourceIds=[#0x7f17004d], initialStates=0, keyboardViewDefs=[], persistentStates=0, persistentStatesPrefKey=null, popupBubbleLayoutId=0, recentKeyLayoutId=0, recentKeyPopupLayoutId=0, recentKeyType=null, rememberRecentKey=NONE, sessionStates=0}, type=BODY, helpersCreated=[null, null, null, null], context.getResources().getConfiguration(): {1.0 310mcc260mnc [bg_BG,en_US] ldltr sw411dp w411dp h914dp 420dpi nrml long compactNeeded port night finger qwerty/v/v dpad/v winConfig={ mBounds=Rect(0, 0 - 1080, 2400) mAppBounds=Rect(0, 0 - 1080, 2400) mMaxBounds=Rect(0, 0 - 1080, 2400) mDisplayRotation=ROTATION_0 mWindowingMode=fullscreen mActivityType=undefined mAlwaysOnTop=undefined mRotation=ROTATION_0} s.12 fontWeightAdjustment=0}
12-07 18:34:47.714  1554  1554 I GoogleInputMethodService: GoogleInputMethodService$1.onKeyboardViewShown():324 onKeyboardViewShown: keyboardType=accessory, keyboardViewType=BODY keyboardView=null
12-07 18:34:47.714  1554  1554 W Keyboard: Keyboard.getKeyboardViewHelper():600 null helper is returned: keyboardDef=mjl{processedConditions={}, globalConditions={}, className=com.google.android.libraries.inputmethod.keyboard.impl.Keyboard, resourceIds=[#0x7f17004d], initialStates=0, keyboardViewDefs=[], persistentStates=0, persistentStatesPrefKey=null, popupBubbleLayoutId=0, recentKeyLayoutId=0, recentKeyPopupLayoutId=0, recentKeyType=null, rememberRecentKey=NONE, sessionStates=0}, type=BODY, helpersCreated=[null, null, null, null], context.getResources().getConfiguration(): {1.0 310mcc260mnc [bg_BG,en_US] ldltr sw411dp w411dp h914dp 420dpi nrml long compactNeeded port night finger qwerty/v/v dpad/v winConfig={ mBounds=Rect(0, 0 - 1080, 2400) mAppBounds=Rect(0, 0 - 1080, 2400) mMaxBounds=Rect(0, 0 - 1080, 2400) mDisplayRotation=ROTATION_0 mWindowingMode=fullscreen mActivityType=undefined mAlwaysOnTop=undefined mRotation=ROTATION_0} s.12 fontWeightAdjustment=0}
12-07 18:34:47.762  4729  4729 I ImeTracker: com.example.readingjournal:affca259: onShown
12-07 18:34:47.762   814  1821 I ImeTracker: com.example.readingjournal:affca259: onFinished on previously finished token at PHASE_NOT_SET with STATUS_SUCCESS
12-07 18:34:47.788  4729  4729 D UiControllerImpl: Injecting string: "100"
12-07 18:34:47.814  1554  1554 I StylusModule: StylusModule.onUpdateToolType():805 Update tool type = 0
12-07 18:34:47.832  1554  1554 W TooltipLifecycleManager: TooltipLifecycleManager.dismissTooltips():153 Tooltip with id SUGGESTION_VIEW_EDU_MINI_DIALOG not found in tooltipManager.
12-07 18:34:47.834  1554  1554 I UndoStack: UndoStack.offer$mayClearStack():167 InputContext OTHER_TEXT_CHANGE with content updates to clear undo
12-07 18:34:47.838  1554  1554 I StylusModule: StylusModule.onUpdateToolType():805 Update tool type = 0
12-07 18:34:47.848  1554  1554 W TooltipLifecycleManager: TooltipLifecycleManager.dismissTooltips():153 Tooltip with id SUGGESTION_VIEW_EDU_MINI_DIALOG not found in tooltipManager.
12-07 18:34:47.852  1554  1554 I UndoStack: UndoStack.offer$mayClearStack():167 InputContext OTHER_TEXT_CHANGE with content updates to clear undo
12-07 18:34:47.856  1554  1554 I StylusModule: StylusModule.onUpdateToolType():805 Update tool type = 0
12-07 18:34:47.869  1554  1554 W TooltipLifecycleManager: TooltipLifecycleManager.dismissTooltips():153 Tooltip with id SUGGESTION_VIEW_EDU_MINI_DIALOG not found in tooltipManager.
12-07 18:34:47.870  1554  1554 I UndoStack: UndoStack.offer$mayClearStack():167 InputContext OTHER_TEXT_CHANGE with content updates to clear undo
12-07 18:34:47.872  4729  4729 I ViewInteraction: Performing 'close keyboard' action on view view.getId() is <2131361990/com.example.readingjournal:id/etPages>
12-07 18:34:47.874  4729  4729 D IdlingRegistry: Registering idling resources: [androidx.test.espresso.action.CloseKeyboardAction$CloseKeyboardIdlingResult@3e271d5]
12-07 18:34:47.875  4729  4729 I ImeTracker: com.example.readingjournal:d98d0ffe: onRequestHide at ORIGIN_CLIENT reason HIDE_SOFT_INPUT fromUser false
12-07 18:34:47.878  4729  4729 D WindowOnBackDispatcher: setTopOnBackInvokedCallback (unwrapped): android.app.Activity$$ExternalSyntheticLambda0@585ccdc
12-07 18:34:47.881   814  1821 I ImeTracker: system_server:1f3fe3a8: onRequestShow at ORIGIN_SERVER reason IME_REQUESTED_CHANGED_LISTENER fromUser false
12-07 18:34:47.887   814   846 I ImeTracker: system_server:1f3fe3a8: onCancelled at PHASE_SERVER_ALREADY_VISIBLE
12-07 18:34:47.888  1554  1554 I StylusModule: StylusModule.onUpdateToolType():805 Update tool type = 2
12-07 18:34:47.897   814   988 D InetDiagMessage: Destroyed 0 sockets, proto=IPPROTO_TCP, family=AF_INET, states=14
12-07 18:34:47.900   814   988 D InetDiagMessage: Destroyed 2 sockets, proto=IPPROTO_TCP, family=AF_INET6, states=14
12-07 18:34:47.901   814   988 D InetDiagMessage: Destroyed live tcp sockets for uids={10145} in 4ms
12-07 18:34:47.912   814   847 I ImeTracker: system_server:dd940138: onRequestShow at ORIGIN_SERVER reason CONTROLS_CHANGED fromUser false
12-07 18:34:47.917  4729  4729 I ImeTracker: system_server:dd940138: onCancelled at PHASE_CLIENT_ON_CONTROLS_CHANGED
12-07 18:34:48.095   814  1832 I ImeTracker: com.example.readingjournal:d98d0ffe: onFailed at PHASE_WM_NOTIFY_HIDE_ANIMATION_FINISHED
12-07 18:34:48.096  1554  1554 I GoogleInputMethodService: GoogleInputMethodService.onFinishInputView():1543 onFinishInputView(false)
12-07 18:34:48.098  1554  1554 I GlobeKeyExtension: GlobeKeyExtension.onDeactivate():144
12-07 18:34:48.099  1554  1554 I VoiceInputManagerWrapper: VoiceInputManagerWrapper.shutdown():131 shutdown()
12-07 18:34:48.099  1554  1554 I HardKeyTracker: HardKeyTracker.unregisterKeySequence():221 Unregister key sequence nef{labelResId=2132020472, callback=gdc@a890e60, lastModifier=2, keyCodes=[62], actions=[0]}
12-07 18:34:48.099  1554  1554 W ExtensionWrapper: ExtensionWrapper.setAllowUpdateNavigationBarStyle():818 class jpp is not activate
12-07 18:34:48.106  1554  1554 W ExtensionWrapper: ExtensionWrapper.setAllowUpdateNavigationBarStyle():818 class jpp is not activate
12-07 18:34:48.107  1554  1554 W TooltipLifecycleManager: TooltipLifecycleManager.dismissTooltips():153 Tooltip with id spell_check_add_to_dictionary not found in tooltipManager.
12-07 18:34:48.112  1554  1554 D ImeBackCallbackSender: Unregister OnBackInvokedCallback at app window (packageName=com.example.readingjournal)
12-07 18:34:48.112  1554  1554 I ImeTracker: com.example.readingjournal:d98d0ffe: onHidden
12-07 18:34:48.112   814  1989 I ImeTracker: com.example.readingjournal:d98d0ffe: onFinished on previously finished token at PHASE_NOT_SET with STATUS_SUCCESS
12-07 18:34:48.184  4729  4729 D IdlingRegistry: Unregistering idling resources: [androidx.test.espresso.action.CloseKeyboardAction$CloseKeyboardIdlingResult@3e271d5]
12-07 18:34:48.187  4729  4729 I ViewInteraction: Performing 'type text(5)' action on view view.getId() is <2131361992/com.example.readingjournal:id/etRating>
12-07 18:34:48.232  4729  4729 I AutofillManager: showAutofillDialog() return false due to improve fill dialog
12-07 18:34:48.232  4729  4729 I ImeTracker: com.example.readingjournal:294342a2: onRequestShow at ORIGIN_CLIENT reason SHOW_SOFT_INPUT fromUser true
12-07 18:34:48.236  1554  1554 I GoogleInputMethodService: GoogleInputMethodService.onFinishInput():2057
12-07 18:34:48.238  1554  1554 I Module  : DeviceLockedStatusModuleProvider$Module.updateDeviceLockedStatus():100 repeatCheckTimes = 0, locked = false
12-07 18:34:48.242  1554  1554 I GoogleInputMethodService: GoogleInputMethodService.onStartInput():1318 onStartInput(EditorInfo{EditorInfo{packageName=com.example.readingjournal, inputType=2, inputTypeString=Number, enableLearning=false, autoCorrection=false, autoComplete=false, imeOptions=c000005, privateImeOptions=null, actionName=NEXT, actionLabel=null, initialSelStart=0, initialSelEnd=0, initialCapsMode=0, label=null, fieldId=2131361992, fieldName=null, extras=Bundle[mParcelledData.dataSize=404], hintText=non-empty, hintLocales=[]}}, false)
12-07 18:34:48.245  1554  1554 I Module  : DeviceLockedStatusModuleProvider$Module.updateDeviceLockedStatus():100 repeatCheckTimes = 1, locked = false
12-07 18:34:48.247  4729  4729 W RemoteInputConnectionImpl: requestCursorUpdates on inactive InputConnection
12-07 18:34:48.256  1554  1554 I StylusModule: StylusModule.onUpdateToolType():805 Update tool type = 2
12-07 18:34:48.259  1554  1554 I GoogleInputMethodService: GoogleInputMethodService.onStartInputView():1411 onStartInputView(EditorInfo{EditorInfo{packageName=com.example.readingjournal, inputType=2, inputTypeString=Number, enableLearning=false, autoCorrection=false, autoComplete=false, imeOptions=c000005, privateImeOptions=null, actionName=NEXT, actionLabel=null, initialSelStart=0, initialSelEnd=0, initialCapsMode=0, label=null, fieldId=2131361992, fieldName=null, extras=Bundle[{android.support.text.emoji.emojiCompat_metadataVersion=11, androidx.core.view.inputmethod.EditorInfoCompat.STYLUS_HANDWRITING_ENABLED=false, android.support.text.emoji.emojiCompat_replaceAll=false}], hintText=non-empty, hintLocales=[]}}, false)
12-07 18:34:48.261  1554  1554 I KeyboardHeightUtil: KeyboardHeightUtil.getOemKeyboardHeightRatio():108 systemKeyboardHeightRatio:1.000000.
12-07 18:34:48.265  4729  4729 I ImeTracker: com.example.readingjournal:294342a2: onCancelled at PHASE_CLIENT_ON_CONTROLS_CHANGED
12-07 18:34:48.268  1554  1554 I AndroidIME: InputBundleManager.loadActiveInputBundleId():528 loadActiveInputBundleId: und-Latn-x-number, number
12-07 18:34:48.270  1554  1554 I KeyboardWrapper: KeyboardWrapper.activateKeyboard():581 activateKeyboard(): type=accessory, status=INACTIVE, imeDef=mir{stringId=number, language=und-Latn-x-number, languageTag=und-Latn-x-number, processedConditions={}, className=com.google.android.libraries.inputmethod.ime.DummyIme, label=2132019211, keyEventInterpreter=null, inlineComposing=true, autoCapital=false, announceAutoSelectedCandidate=false, statusIcon=0, indicatorIcon=0, indicatorLabel=null, displayAppCompletions=false, extraValues=mik{}, processors=mkj@2394076, unacceptableMetaKeys=4098, languageSpecificSettings=0, asciiCapable=false, alwaysShowSuggestions=false, useAsciiPasswordKeyboard=false, keyboardGroupDef=mjs@9f0ee02, phenotypeFlagId=0, localizationLanguageTag=null, supportsInlineSuggestion=false}
12-07 18:34:48.271  1554  1554 I KeyboardManager: KeyboardManager.requestKeyboard():248 Creating keyboard accessory, imeId=number, cacheKey=theme,!gsf,!pgsans,!pgsf,!use_system_font,BORDER,FLAVOR_DPI=XXHDPI,GOOGLE_ICONS,KEYBOARD_WIDTH_CATEGORY=NORMAL,KEY_BORDER_SHAPE=1,LIGHT_THEME=false,PHYSICAL_DIAGONAL=6.1297245,POPUP,SCREEN_SHORTEST_WIDTH=411,SCREEN_SHORTEST_WIDTH_NO_SCALE=411,SW400DP,XXHDPI,bottom4dp,enable_emoji_kitchen_browse_color_v2=true,enable_google_fonts_icons=true,enable_popup_on_keypress=true,keyboard_redesign_google_sans=true,non_linear_scale,noshadow,overlay_builtin_dynamic_color_dark_base.binarypb:gm3-dark-ff0d0e12-ffbac5ee-2c17b68c1e2c11098976748f8f22233d,roundedchip,silkpopup
12-07 18:34:48.271  1554  1554 I KeyboardWrapper: KeyboardWrapper.onKeyboardReady():224 onKeyboardReady(): type=accessory(accessory), kb=com.google.android.libraries.inputmethod.keyboard.impl.Keyboard@9fee769
12-07 18:34:48.272  1554  1554 I KeyboardWrapper: KeyboardWrapper.doActivateKeyboard():611 doActivateKeyboard(): accessory
12-07 18:34:48.273  1554  1554 W Keyboard: Keyboard.getKeyboardViewHelper():600 null helper is returned: keyboardDef=mjl{processedConditions={}, globalConditions={}, className=com.google.android.libraries.inputmethod.keyboard.impl.Keyboard, resourceIds=[#0x7f17004d], initialStates=0, keyboardViewDefs=[], persistentStates=0, persistentStatesPrefKey=null, popupBubbleLayoutId=0, recentKeyLayoutId=0, recentKeyPopupLayoutId=0, recentKeyType=null, rememberRecentKey=NONE, sessionStates=0}, type=HEADER, helpersCreated=[null, null, null, null], context.getResources().getConfiguration(): {1.0 310mcc260mnc [bg_BG,en_US] ldltr sw411dp w411dp h914dp 420dpi nrml long compactNeeded port night finger qwerty/v/v dpad/v winConfig={ mBounds=Rect(0, 0 - 1080, 2400) mAppBounds=Rect(0, 0 - 1080, 2400) mMaxBounds=Rect(0, 0 - 1080, 2400) mDisplayRotation=ROTATION_0 mWindowingMode=fullscreen mActivityType=undefined mAlwaysOnTop=undefined mRotation=ROTATION_0} s.12 fontWeightAdjustment=0}
12-07 18:34:48.275  1554  1554 W Keyboard: Keyboard.getKeyboardViewHelper():600 null helper is returned: keyboardDef=mjl{processedConditions={}, globalConditions={}, className=com.google.android.libraries.inputmethod.keyboard.impl.Keyboard, resourceIds=[#0x7f17004d], initialStates=0, keyboardViewDefs=[], persistentStates=0, persistentStatesPrefKey=null, popupBubbleLayoutId=0, recentKeyLayoutId=0, recentKeyPopupLayoutId=0, recentKeyType=null, rememberRecentKey=NONE, sessionStates=0}, type=BODY, helpersCreated=[null, null, null, null], context.getResources().getConfiguration(): {1.0 310mcc260mnc [bg_BG,en_US] ldltr sw411dp w411dp h914dp 420dpi nrml long compactNeeded port night finger qwerty/v/v dpad/v winConfig={ mBounds=Rect(0, 0 - 1080, 2400) mAppBounds=Rect(0, 0 - 1080, 2400) mMaxBounds=Rect(0, 0 - 1080, 2400) mDisplayRotation=ROTATION_0 mWindowingMode=fullscreen mActivityType=undefined mAlwaysOnTop=undefined mRotation=ROTATION_0} s.12 fontWeightAdjustment=0}
12-07 18:34:48.277  1554  1554 I GlobeKeyExtension: GlobeKeyExtension.getKeyboardInitialStates():175
12-07 18:34:48.278  1554  1554 W Keyboard: Keyboard.getKeyboardViewHelper():600 null helper is returned: keyboardDef=mjl{processedConditions={}, globalConditions={}, className=com.google.android.libraries.inputmethod.keyboard.impl.Keyboard, resourceIds=[#0x7f17004d], initialStates=0, keyboardViewDefs=[], persistentStates=0, persistentStatesPrefKey=null, popupBubbleLayoutId=0, recentKeyLayoutId=0, recentKeyPopupLayoutId=0, recentKeyType=null, rememberRecentKey=NONE, sessionStates=0}, type=HEADER, helpersCreated=[null, null, null, null], context.getResources().getConfiguration(): {1.0 310mcc260mnc [bg_BG,en_US] ldltr sw411dp w411dp h914dp 420dpi nrml long compactNeeded port night finger qwerty/v/v dpad/v winConfig={ mBounds=Rect(0, 0 - 1080, 2400) mAppBounds=Rect(0, 0 - 1080, 2400) mMaxBounds=Rect(0, 0 - 1080, 2400) mDisplayRotation=ROTATION_0 mWindowingMode=fullscreen mActivityType=undefined mAlwaysOnTop=undefined mRotation=ROTATION_0} s.12 fontWeightAdjustment=0}
12-07 18:34:48.278  1554  1554 W Keyboard: Keyboard.getKeyboardViewHelper():600 null helper is returned: keyboardDef=mjl{processedConditions={}, globalConditions={}, className=com.google.android.libraries.inputmethod.keyboard.impl.Keyboard, resourceIds=[#0x7f17004d], initialStates=0, keyboardViewDefs=[], persistentStates=0, persistentStatesPrefKey=null, popupBubbleLayoutId=0, recentKeyLayoutId=0, recentKeyPopupLayoutId=0, recentKeyType=null, rememberRecentKey=NONE, sessionStates=0}, type=BODY, helpersCreated=[null, null, null, null], context.getResources().getConfiguration(): {1.0 310mcc260mnc [bg_BG,en_US] ldltr sw411dp w411dp h914dp 420dpi nrml long compactNeeded port night finger qwerty/v/v dpad/v winConfig={ mBounds=Rect(0, 0 - 1080, 2400) mAppBounds=Rect(0, 0 - 1080, 2400) mMaxBounds=Rect(0, 0 - 1080, 2400) mDisplayRotation=ROTATION_0 mWindowingMode=fullscreen mActivityType=undefined mAlwaysOnTop=undefined mRotation=ROTATION_0} s.12 fontWeightAdjustment=0}
12-07 18:34:48.278  1554  1554 W Keyboard: Keyboard.getKeyboardViewHelper():600 null helper is returned: keyboardDef=mjl{processedConditions={}, globalConditions={}, className=com.google.android.libraries.inputmethod.keyboard.impl.Keyboard, resourceIds=[#0x7f17004d], initialStates=0, keyboardViewDefs=[], persistentStates=0, persistentStatesPrefKey=null, popupBubbleLayoutId=0, recentKeyLayoutId=0, recentKeyPopupLayoutId=0, recentKeyType=null, rememberRecentKey=NONE, sessionStates=0}, type=FLOATING_CANDIDATES, helpersCreated=[null, null, null, null], context.getResources().getConfiguration(): {1.0 310mcc260mnc [bg_BG,en_US] ldltr sw411dp w411dp h914dp 420dpi nrml long compactNeeded port night finger qwerty/v/v dpad/v winConfig={ mBounds=Rect(0, 0 - 1080, 2400) mAppBounds=Rect(0, 0 - 1080, 2400) mMaxBounds=Rect(0, 0 - 1080, 2400) mDisplayRotation=ROTATION_0 mWindowingMode=fullscreen mActivityType=undefined mAlwaysOnTop=undefined mRotation=ROTATION_0} s.12 fontWeightAdjustment=0}
12-07 18:34:48.279  1554  1554 W Keyboard: Keyboard.getKeyboardViewHelper():600 null helper is returned: keyboardDef=mjl{processedConditions={}, globalConditions={}, className=com.google.android.libraries.inputmethod.keyboard.impl.Keyboard, resourceIds=[#0x7f17004d], initialStates=0, keyboardViewDefs=[], persistentStates=0, persistentStatesPrefKey=null, popupBubbleLayoutId=0, recentKeyLayoutId=0, recentKeyPopupLayoutId=0, recentKeyType=null, rememberRecentKey=NONE, sessionStates=0}, type=WIDGET, helpersCreated=[null, null, null, null], context.getResources().getConfiguration(): {1.0 310mcc260mnc [bg_BG,en_US] ldltr sw411dp w411dp h914dp 420dpi nrml long compactNeeded port night finger qwerty/v/v dpad/v winConfig={ mBounds=Rect(0, 0 - 1080, 2400) mAppBounds=Rect(0, 0 - 1080, 2400) mMaxBounds=Rect(0, 0 - 1080, 2400) mDisplayRotation=ROTATION_0 mWindowingMode=fullscreen mActivityType=undefined mAlwaysOnTop=undefined mRotation=ROTATION_0} s.12 fontWeightAdjustment=0}
12-07 18:34:48.279  1554  1554 I KeyboardManager: KeyboardManager.requestKeyboard():248 Creating keyboard accessory_candidates_consumer, imeId=number, cacheKey=theme,!gsf,!pgsans,!pgsf,!use_system_font,BORDER,FLAVOR_DPI=XXHDPI,GOOGLE_ICONS,KEYBOARD_WIDTH_CATEGORY=NORMAL,KEY_BORDER_SHAPE=1,LIGHT_THEME=false,PHYSICAL_DIAGONAL=6.1297245,POPUP,SCREEN_SHORTEST_WIDTH=411,SCREEN_SHORTEST_WIDTH_NO_SCALE=411,SW400DP,XXHDPI,bottom4dp,enable_emoji_kitchen_browse_color_v2=true,enable_google_fonts_icons=true,enable_popup_on_keypress=true,keyboard_redesign_google_sans=true,non_linear_scale,noshadow,overlay_builtin_dynamic_color_dark_base.binarypb:gm3-dark-ff0d0e12-ffbac5ee-2c17b68c1e2c11098976748f8f22233d,roundedchip,silkpopup
12-07 18:34:48.280  1554  1554 I GlobeKeyExtension: GlobeKeyExtension.getKeyboardInitialStates():175
12-07 18:34:48.281  1554  1554 W Keyboard: Keyboard.getKeyboardViewHelper():600 null helper is returned: keyboardDef=mjl{processedConditions={}, globalConditions={global_theme_key=theme,!gsf,!pgsans,!pgsf,!use_system_font,BORDER,FLAVOR_DPI=XXHDPI,GOOGLE_ICONS,KEYBOARD_WIDTH_CATEGORY=NORMAL,KEY_BORDER_SHAPE=1,LIGHT_THEME=false,PHYSICAL_DIAGONAL=6.1297245,POPUP,SCREEN_SHORTEST_WIDTH=411,SCREEN_SHORTEST_WIDTH_NO_SCALE=411,SW400DP,XXHDPI,bottom4dp,enable_emoji_kitchen_browse_color_v2=true,enable_google_fonts_icons=true,enable_popup_on_keypress=true,keyboard_redesign_google_sans=true,non_linear_scale,noshadow,overlay_builtin_dynamic_color_dark_base.binarypb:gm3-dark-ff0d0e12-ffbac5ee-2c17b68c1e2c11098976748f8f22233d,roundedchip,silkpopup, global_locale=bg_BG, global_density_dpi=420, global_orientation=1}, className=.latin.keyboard.AccessoryKeyboard, resourceIds=[#0x7f17004c], initialStates=0, keyboardViewDefs=[mka{direction=null, id=#0x7f0b0224, isScalable=false, layoutId=#0x7f0e0032, type=FLOATING_CANDIDATES, touchable=true, defaultShow=false}], persistentStates=0, persistentStatesPrefKey=null, popupBubbleLayoutId=#0x7f0e05f0, recentKeyLayoutId=0, recentKeyPopupLayoutId=0, recentKeyType=null, rememberRecentKey=NONE, sessionStates=0}, type=HEADER, helpersCreated=[null, null, lvx@3bc769e, null], context.getResources().getConfiguration(): {1.0 310mcc260mnc [bg_BG,en_US] ldltr sw411dp w411dp h914dp 420dpi nrml long compactNeeded port night finger qwerty/v/v dpad/v winConfig={ mBounds=Rect(0, 0 - 1080, 2400) mAppBounds=Rect(0, 0 - 1080, 2400) mMaxBounds=Rect(0, 0 - 1080, 2400) mDisplayRotation=ROTATION_0 mWindowingMode=fullscreen mActivityType=undefined mAlwaysOnTop=undefined mRotation=ROTATION_0} s.12 fontWeightAdjustment=0}
12-07 18:34:48.281  1554  1554 W Keyboard: Keyboard.getKeyboardViewHelper():600 null helper is returned: keyboardDef=mjl{processedConditions={}, globalConditions={global_theme_key=theme,!gsf,!pgsans,!pgsf,!use_system_font,BORDER,FLAVOR_DPI=XXHDPI,GOOGLE_ICONS,KEYBOARD_WIDTH_CATEGORY=NORMAL,KEY_BORDER_SHAPE=1,LIGHT_THEME=false,PHYSICAL_DIAGONAL=6.1297245,POPUP,SCREEN_SHORTEST_WIDTH=411,SCREEN_SHORTEST_WIDTH_NO_SCALE=411,SW400DP,XXHDPI,bottom4dp,enable_emoji_kitchen_browse_color_v2=true,enable_google_fonts_icons=true,enable_popup_on_keypress=true,keyboard_redesign_google_sans=true,non_linear_scale,noshadow,overlay_builtin_dynamic_color_dark_base.binarypb:gm3-dark-ff0d0e12-ffbac5ee-2c17b68c1e2c11098976748f8f22233d,roundedchip,silkpopup, global_locale=bg_BG, global_density_dpi=420, global_orientation=1}, className=.latin.keyboard.AccessoryKeyboard, resourceIds=[#0x7f17004c], initialStates=0, keyboardViewDefs=[mka{direction=null, id=#0x7f0b0224, isScalable=false, layoutId=#0x7f0e0032, type=FLOATING_CANDIDATES, touchable=true, defaultShow=false}], persistentStates=0, persistentStatesPrefKey=null, popupBubbleLayoutId=#0x7f0e05f0, recentKeyLayoutId=0, recentKeyPopupLayoutId=0, recentKeyType=null, rememberRecentKey=NONE, sessionStates=0}, type=BODY, helpersCreated=[null, null, lvx@3bc769e, null], context.getResources().getConfiguration(): {1.0 310mcc260mnc [bg_BG,en_US] ldltr sw411dp w411dp h914dp 420dpi nrml long compactNeeded port night finger qwerty/v/v dpad/v winConfig={ mBounds=Rect(0, 0 - 1080, 2400) mAppBounds=Rect(0, 0 - 1080, 2400) mMaxBounds=Rect(0, 0 - 1080, 2400) mDisplayRotation=ROTATION_0 mWindowingMode=fullscreen mActivityType=undefined mAlwaysOnTop=undefined mRotation=ROTATION_0} s.12 fontWeightAdjustment=0}
12-07 18:34:48.283  1554  1554 I AndroidIME: InputBundleManager.startInput():358 startInput() with mjw[keyboardType=accessory, payload=null]
12-07 18:34:48.284  1554  1554 I GlobeKeyExtension: GlobeKeyExtension.onActivate():120
12-07 18:34:48.286  1554  1554 I AutoPasteSuggestionHelper: AutoPasteSuggestionHelper.createProactiveSuggestions():515 Failed to create item chips.
12-07 18:34:48.287  1554  1554 I NewLanguagePromptExtension: NewLanguagePromptExtension.onActivate():189 Not activated NewLanguagePromptExtension: not a normal text input box.
12-07 18:34:48.288  1554  1554 I VoiceInputManagerWrapper: VoiceInputManagerWrapper.cancelShutdown():109 cancelShutdown()
12-07 18:34:48.289  1554  1554 I VoiceInputManagerWrapper: VoiceInputManagerWrapper.syncLanguagePacks():121 syncLanguagePacks()
12-07 18:34:48.291  1554  1554 I VoiceInputManager: VoiceInputManager.onKeyboardActivated():1148 onKeyboardActivated() [UD]
12-07 18:34:48.291  1554  4787 I SpeechFactory: SpeechRecognitionFactory.maybeScheduleAutoPackDownloadForFallback():217 maybeScheduleAutoPackDownloadForFallback()
12-07 18:34:48.291  1554  4787 I FallbackOnDeviceRecognitionProvider: FallbackOnDeviceRecognitionProvider.maybeScheduleAutoPackDownload():199 maybeScheduleAutoPackDownload() for language tag bg-BG
12-07 18:34:48.298  1554  1554 I PkModeUpdater: PkModeUpdater.onActivate():74 onActivate false false
12-07 18:34:48.300  1554  1554 I PkModeUpdater: PkModeUpdater.onActivate():76 disable Pk Mode = true entry = lpl{languageTag=bg-BG, variant=bulgarian, hasLocalizedResources=true, conditionCacheKey=_app_first_start_timestamp=1764961464703_bottom_period_popup_slash=false_cache_additional_ime_defs_for_condition_change=false_cache_ime_defs_for_condition_change=false_deprecate_long_press_space_for_ime_picker=false_device=phone_device_size=default_enable_access_points_in_password_number=false_enable_correction_settings_updates=false_enable_flick_symbols=true_enable_more_candidates_view_for_multilingual=false_enable_number_row=false_enable_number_row_in_password=true_enable_pk_simulator=false_enable_pk_simulator_setting=false_enable_preemptive_decode=true_enable_secondary_digits=true_enable_secondary_symbols=false_expressions=normal_four_or_more_letter_rows=false_keyboard_mode=normal_language=bg-BG_layout_9key_split=false_orientation=portrait_physical_keyboard=qwerty_pref_enable_flick_symbols=false_rtl_layout=false_show_comma_key=true_show_period_key=true_show_secondary_digits=true_show_suggestion_strip=true_show_suggestions=true_split_with_duplicate_keys=true_true=true_variant=bulgarian_writing_helper_enable_by_word_revert=false, imeDef.stringId=ime_bulgarian, imeDef.className=com.google.android.apps.inputmethod.libs.latin5.LatinIme, imeDef.languageTag=bg} editorInfo = android.view.inputmethod.EditorInfo@c22bb76
12-07 18:34:48.301  1554  1554 I AccessoryInputModeManager: AccessoryInputModeManager.onModeStarted():319 Accessory input mode started: STYLUS
12-07 18:34:48.305  1554  1554 W ExtensionWrapper: ExtensionWrapper.setAllowUpdateNavigationBarStyle():818 class jpp is not activate
12-07 18:34:48.305  1554  1554 I WidgetViewShowingController: WidgetViewShowingController.showWidgetKeyboardInternal():527 Show companion widget
12-07 18:34:48.320  1554  1554 W ExtensionWrapper: ExtensionWrapper.setAllowUpdateNavigationBarStyle():818 class jpp is not activate
12-07 18:34:48.321  1554  1554 I WidgetViewShowingPositionHandler: WidgetViewShowingPositionHandler.updateAvailableArea():194 update available area Rect(21, 84 - 1059, 2333)
12-07 18:34:48.322  1554  1554 W NotificationCenter: NotificationCenter$NotificationQueue.notifyPendingNotificationsOnExecutor():877 Heavy notify work detected on UI thread: [jri->jpm] takes 21ms
12-07 18:34:48.322  1554  1554 I HardKeyTracker: HardKeyTracker.registerKeySequence():170 Register key sequence nef{labelResId=2132020472, callback=gdc@9acff5f, lastModifier=2, keyCodes=[62], actions=[0]}
12-07 18:34:48.323  1554  1567 W SP      : File ref is being finalized but wasn't closed, file: main_en_840_2025120102_1[6]
12-07 18:34:48.323  1554  1567 W SP      : File ref is being finalized but wasn't closed, file: main_en_840_2025120102_1[6]
12-07 18:34:48.323  1554  1567 W SP      : File ref is being finalized but wasn't closed, file: main_en_us_2025051500_2[4]
12-07 18:34:48.323  1554  1567 W SP      : File ref is being finalized but wasn't closed, file: main_en_us_2025051500_2[4]
12-07 18:34:48.324  1554  1554 I KeyboardHeightUtil: KeyboardHeightUtil.calculateMaxKeyboardBodyHeight():50 leave 281 height for app when ime window height:2274, header height:116 and isFullscreenMode:false, so the max keyboard body height is:1877
12-07 18:34:48.325  1554  1554 I KeyboardHeightUtil: KeyboardHeightUtil.calculateMaxKeyboardBodyHeight():50 leave 281 height for app when ime window height:2274, header height:116 and isFullscreenMode:false, so the max keyboard body height is:1877
12-07 18:34:48.325  1554  1554 W ExtensionWrapper: ExtensionWrapper.setExtensionViewVisibility():809 interface lzc is not activate
12-07 18:34:48.332  1554  1554 I Module  : DeviceLockedStatusModuleProvider$Module.updateDeviceLockedStatus():100 repeatCheckTimes = 1, locked = false
12-07 18:34:48.335  1554  1554 D ImeBackCallbackSender: Register OnBackInvokedCallback with priority=-1 at app window (packageName=com.example.readingjournal)
12-07 18:34:48.337  4729  4729 D WindowOnBackDispatcher: setTopOnBackInvokedCallback (unwrapped): android.view.ImeBackAnimationController@ea44cd
12-07 18:34:48.343  1554  1554 I GoogleInputMethodService: GoogleInputMethodService$1.onKeyboardViewShown():324 onKeyboardViewShown: keyboardType=accessory, keyboardViewType=HEADER keyboardView=null
12-07 18:34:48.344  1554  1554 W Keyboard: Keyboard.getKeyboardViewHelper():600 null helper is returned: keyboardDef=mjl{processedConditions={}, globalConditions={}, className=com.google.android.libraries.inputmethod.keyboard.impl.Keyboard, resourceIds=[#0x7f17004d], initialStates=0, keyboardViewDefs=[], persistentStates=0, persistentStatesPrefKey=null, popupBubbleLayoutId=0, recentKeyLayoutId=0, recentKeyPopupLayoutId=0, recentKeyType=null, rememberRecentKey=NONE, sessionStates=0}, type=BODY, helpersCreated=[null, null, null, null], context.getResources().getConfiguration(): {1.0 310mcc260mnc [bg_BG,en_US] ldltr sw411dp w411dp h914dp 420dpi nrml long compactNeeded port night finger qwerty/v/v dpad/v winConfig={ mBounds=Rect(0, 0 - 1080, 2400) mAppBounds=Rect(0, 0 - 1080, 2400) mMaxBounds=Rect(0, 0 - 1080, 2400) mDisplayRotation=ROTATION_0 mWindowingMode=fullscreen mActivityType=undefined mAlwaysOnTop=undefined mRotation=ROTATION_0} s.12 fontWeightAdjustment=0}
12-07 18:34:48.344  1554  1554 I GoogleInputMethodService: GoogleInputMethodService$1.onKeyboardViewShown():324 onKeyboardViewShown: keyboardType=accessory, keyboardViewType=BODY keyboardView=null
12-07 18:34:48.345  1554  1554 W Keyboard: Keyboard.getKeyboardViewHelper():600 null helper is returned: keyboardDef=mjl{processedConditions={}, globalConditions={}, className=com.google.android.libraries.inputmethod.keyboard.impl.Keyboard, resourceIds=[#0x7f17004d], initialStates=0, keyboardViewDefs=[], persistentStates=0, persistentStatesPrefKey=null, popupBubbleLayoutId=0, recentKeyLayoutId=0, recentKeyPopupLayoutId=0, recentKeyType=null, rememberRecentKey=NONE, sessionStates=0}, type=BODY, helpersCreated=[null, null, null, null], context.getResources().getConfiguration(): {1.0 310mcc260mnc [bg_BG,en_US] ldltr sw411dp w411dp h914dp 420dpi nrml long compactNeeded port night finger qwerty/v/v dpad/v winConfig={ mBounds=Rect(0, 0 - 1080, 2400) mAppBounds=Rect(0, 0 - 1080, 2400) mMaxBounds=Rect(0, 0 - 1080, 2400) mDisplayRotation=ROTATION_0 mWindowingMode=fullscreen mActivityType=undefined mAlwaysOnTop=undefined mRotation=ROTATION_0} s.12 fontWeightAdjustment=0}
12-07 18:34:48.446  4729  4729 I ImeTracker: com.example.readingjournal:294342a2: onShown
12-07 18:34:48.446   814  1378 I ImeTracker: com.example.readingjournal:294342a2: onFinished on previously finished token at PHASE_NOT_SET with STATUS_SUCCESS
12-07 18:34:48.470  4729  4729 D UiControllerImpl: Injecting string: "5"
12-07 18:34:48.474  1554  1554 I StylusModule: StylusModule.onUpdateToolType():805 Update tool type = 0
12-07 18:34:48.501  1554  1554 W TooltipLifecycleManager: TooltipLifecycleManager.dismissTooltips():153 Tooltip with id SUGGESTION_VIEW_EDU_MINI_DIALOG not found in tooltipManager.
12-07 18:34:48.502  1554  1554 I UndoStack: UndoStack.offer$mayClearStack():167 InputContext OTHER_TEXT_CHANGE with content updates to clear undo
12-07 18:34:48.505  4729  4729 I ViewInteraction: Performing 'close keyboard' action on view view.getId() is <2131361992/com.example.readingjournal:id/etRating>
12-07 18:34:48.506  4729  4729 D IdlingRegistry: Registering idling resources: [androidx.test.espresso.action.CloseKeyboardAction$CloseKeyboardIdlingResult@2e95590]
12-07 18:34:48.507  4729  4729 I ImeTracker: com.example.readingjournal:b91dcc0: onRequestHide at ORIGIN_CLIENT reason HIDE_SOFT_INPUT fromUser false
12-07 18:34:48.507  4729  4729 D WindowOnBackDispatcher: setTopOnBackInvokedCallback (unwrapped): android.app.Activity$$ExternalSyntheticLambda0@585ccdc
12-07 18:34:48.511   814  1832 I ImeTracker: system_server:63a48b1: onRequestShow at ORIGIN_SERVER reason IME_REQUESTED_CHANGED_LISTENER fromUser false
12-07 18:34:48.513   814   846 I ImeTracker: system_server:63a48b1: onCancelled at PHASE_SERVER_ALREADY_VISIBLE
12-07 18:34:48.514  1554  1554 I StylusModule: StylusModule.onUpdateToolType():805 Update tool type = 2
12-07 18:34:48.545   814   847 I ImeTracker: system_server:defefc3f: onRequestShow at ORIGIN_SERVER reason CONTROLS_CHANGED fromUser false
12-07 18:34:48.546  4729  4729 I ImeTracker: system_server:defefc3f: onCancelled at PHASE_CLIENT_ON_CONTROLS_CHANGED
12-07 18:34:48.714   814  1987 I ImeTracker: com.example.readingjournal:b91dcc0: onFailed at PHASE_WM_NOTIFY_HIDE_ANIMATION_FINISHED
12-07 18:34:48.716  1554  1554 I GoogleInputMethodService: GoogleInputMethodService.onFinishInputView():1543 onFinishInputView(false)
12-07 18:34:48.717  1554  1554 I GlobeKeyExtension: GlobeKeyExtension.onDeactivate():144
12-07 18:34:48.719  1554  1554 I VoiceInputManagerWrapper: VoiceInputManagerWrapper.shutdown():131 shutdown()
12-07 18:34:48.720  1554  1554 I HardKeyTracker: HardKeyTracker.unregisterKeySequence():221 Unregister key sequence nef{labelResId=2132020472, callback=gdc@9acff5f, lastModifier=2, keyCodes=[62], actions=[0]}
12-07 18:34:48.721  1554  1554 W ExtensionWrapper: ExtensionWrapper.setAllowUpdateNavigationBarStyle():818 class jpp is not activate
12-07 18:34:48.725  1554  1554 W ExtensionWrapper: ExtensionWrapper.setAllowUpdateNavigationBarStyle():818 class jpp is not activate
12-07 18:34:48.729  1554  1554 W TooltipLifecycleManager: TooltipLifecycleManager.dismissTooltips():153 Tooltip with id spell_check_add_to_dictionary not found in tooltipManager.
12-07 18:34:48.735  1554  1554 D ImeBackCallbackSender: Unregister OnBackInvokedCallback at app window (packageName=com.example.readingjournal)
12-07 18:34:48.735  1554  1554 I ImeTracker: com.example.readingjournal:b91dcc0: onHidden
12-07 18:34:48.737   814  1832 I ImeTracker: com.example.readingjournal:b91dcc0: onFinished on previously finished token at PHASE_NOT_SET with STATUS_SUCCESS
12-07 18:34:48.813  4729  4729 D IdlingRegistry: Unregistering idling resources: [androidx.test.espresso.action.CloseKeyboardAction$CloseKeyboardIdlingResult@2e95590]
12-07 18:34:48.816  4729  4729 I ViewInteraction: Performing 'type text(Test Review)' action on view view.getId() is <2131361994/com.example.readingjournal:id/etReview>
12-07 18:34:48.850  4729  4734 W .readingjournal: userfaultfd: MOVE ioctl seems unsupported: Connection timed out
12-07 18:34:48.863  4729  4729 D AutofillManager: view not autofillable - has multiline input type
12-07 18:34:48.866  4729  4729 I AutofillManager: showAutofillDialog() return false due to improve fill dialog
12-07 18:34:48.866  4729  4729 I ImeTracker: com.example.readingjournal:c667b95e: onRequestShow at ORIGIN_CLIENT reason SHOW_SOFT_INPUT fromUser true
12-07 18:34:48.870  1554  1554 I GoogleInputMethodService: GoogleInputMethodService.onFinishInput():2057
12-07 18:34:48.871  1554  1554 I Module  : DeviceLockedStatusModuleProvider$Module.updateDeviceLockedStatus():100 repeatCheckTimes = 0, locked = false
12-07 18:34:48.874  1554  1554 I GoogleInputMethodService: GoogleInputMethodService.onStartInput():1318 onStartInput(EditorInfo{EditorInfo{packageName=com.example.readingjournal, inputType=20001, inputTypeString=Normal[MultiLine], enableLearning=true, autoCorrection=true, autoComplete=true, imeOptions=44000006, privateImeOptions=null, actionName=DONE, actionLabel=null, initialSelStart=0, initialSelEnd=0, initialCapsMode=0, label=null, fieldId=2131361994, fieldName=null, extras=Bundle[mParcelledData.dataSize=404], hintText=non-empty, hintLocales=[]}}, false)
12-07 18:34:48.877  1554  1554 I Module  : DeviceLockedStatusModuleProvider$Module.updateDeviceLockedStatus():100 repeatCheckTimes = 1, locked = false
12-07 18:34:48.877  1554  1554 I HardKeyTracker: HardKeyTracker.registerKeySequence():170 Register key sequence nef{labelResId=0, callback=gdc@61ea529, lastModifier=0, keyCodes=[57, 57], actions=[1, 0]}
12-07 18:34:48.879  1554  1554 I HardKeyTracker: HardKeyTracker.registerKeySequence():170 Register key sequence nef{labelResId=0, callback=gdc@fe09dc, lastModifier=0, keyCodes=[58, 58], actions=[1, 0]}
12-07 18:34:48.883  4729  4729 W RemoteInputConnectionImpl: requestCursorUpdates on inactive InputConnection
12-07 18:34:48.891  1554  1554 I StylusModule: StylusModule.onUpdateToolType():805 Update tool type = 2
12-07 18:34:48.893  1554  1554 I GoogleInputMethodService: GoogleInputMethodService.onStartInputView():1411 onStartInputView(EditorInfo{EditorInfo{packageName=com.example.readingjournal, inputType=20001, inputTypeString=Normal[MultiLine], enableLearning=true, autoCorrection=true, autoComplete=true, imeOptions=44000006, privateImeOptions=null, actionName=DONE, actionLabel=null, initialSelStart=0, initialSelEnd=0, initialCapsMode=0, label=null, fieldId=2131361994, fieldName=null, extras=Bundle[{android.support.text.emoji.emojiCompat_metadataVersion=11, androidx.core.view.inputmethod.EditorInfoCompat.STYLUS_HANDWRITING_ENABLED=false, android.support.text.emoji.emojiCompat_replaceAll=false}], hintText=non-empty, hintLocales=[]}}, false)
12-07 18:34:48.895  1554  1554 I KeyboardHeightUtil: KeyboardHeightUtil.getOemKeyboardHeightRatio():108 systemKeyboardHeightRatio:1.000000.
12-07 18:34:48.896  1554  1554 I AndroidIME: InputBundleManager.loadActiveInputBundleId():528 loadActiveInputBundleId: bg, ime_bulgarian
12-07 18:34:48.897  1554  1554 I AndroidIME: AbstractIme.onActivate():96 LatinIme.onActivate() : EditorInfo = EditorInfo{packageName=com.example.readingjournal, inputType=20001, inputTypeString=Normal[MultiLine], enableLearning=true, autoCorrection=true, autoComplete=true, imeOptions=44000006, privateImeOptions=null, actionName=DONE, actionLabel=null, initialSelStart=0, initialSelEnd=0, initialCapsMode=0, label=null, fieldId=2131361994, fieldName=null, extras=Bundle[{android.support.text.emoji.emojiCompat_metadataVersion=11, androidx.core.view.inputmethod.EditorInfoCompat.STYLUS_HANDWRITING_ENABLED=false, android.support.text.emoji.emojiCompat_replaceAll=false}], hintText=non-empty, hintLocales=[]}, IncognitoMode = false, DeviceLocked = false
12-07 18:34:48.897  1554  1554 I InputBundle: InputBundle.consumeEvent():1011 Skip consuming an event as keyboard status is INACTIVE
12-07 18:34:48.898  1554  1554 I Delight5Facilitator: Delight5Facilitator.initializeForIme():731 initializeForIme() : Locale = [bg], layout = bulgarian
12-07 18:34:48.899  4729  4729 I ImeTracker: com.example.readingjournal:c667b95e: onCancelled at PHASE_CLIENT_ON_CONTROLS_CHANGED
12-07 18:34:48.902  1554  1554 I LatinIme: LatinIme.updateEnableInlineSuggestionsOnDecoderSideFlags():1246 inline flag updated to:false
12-07 18:34:48.904  1554  1554 I LatinIme: LatinIme.updateEnableInlineSuggestionsOnDecoderSideFlags():1246 inline flag updated to:false
12-07 18:34:48.909  1554  1554 I InputBundle: InputBundle.consumeEvent():1011 Skip consuming an event as keyboard status is INACTIVE
12-07 18:34:48.910  1554  1554 I LatinIme: LatinIme.resetInputContext():2250 resetInputContext(): reason=1, externalEditsInfo=ExternalEditsInfo{action=0, offset=-1, text=null, originalText=null, edits=null}
12-07 18:34:48.910  1554  1554 I InputBundle: InputBundle.consumeEvent():1011 Skip consuming an event as keyboard status is INACTIVE
12-07 18:34:48.915  1554  1554 I KeyboardWrapper: KeyboardWrapper.activateKeyboard():581 activateKeyboard(): type=accessory, status=INACTIVE, imeDef=mir{stringId=ime_bulgarian, language=bg, languageTag=bg, processedConditions={true=true, enable_number_row=false, device=phone}, className=com.google.android.apps.inputmethod.libs.latin5.LatinIme, label=0, keyEventInterpreter=null, inlineComposing=true, autoCapital=true, announceAutoSelectedCandidate=true, statusIcon=0, indicatorIcon=0, indicatorLabel=БГ, displayAppCompletions=true, extraValues=mik{}, processors=mkj@2394076, unacceptableMetaKeys=4098, languageSpecificSettings=0, asciiCapable=false, alwaysShowSuggestions=false, useAsciiPasswordKeyboard=false, keyboardGroupDef=mjs@c7af342, phenotypeFlagId=0, localizationLanguageTag=null, supportsInlineSuggestion=false}
12-07 18:34:48.915  1554  1995 I Delight5Decoder: Delight5DecoderWrapper.setKeyboardLayout():537 setKeyboardLayout()
12-07 18:34:48.915  1554  1554 I KeyboardManager: KeyboardManager.requestKeyboard():248 Creating keyboard accessory, imeId=ime_bulgarian, cacheKey=theme,!gsf,!pgsans,!pgsf,!use_system_font,BORDER,FLAVOR_DPI=XXHDPI,GOOGLE_ICONS,KEYBOARD_WIDTH_CATEGORY=NORMAL,KEY_BORDER_SHAPE=1,LIGHT_THEME=false,PHYSICAL_DIAGONAL=6.1297245,POPUP,SCREEN_SHORTEST_WIDTH=411,SCREEN_SHORTEST_WIDTH_NO_SCALE=411,SW400DP,XXHDPI,bottom4dp,enable_emoji_kitchen_browse_color_v2=true,enable_google_fonts_icons=true,enable_popup_on_keypress=true,keyboard_redesign_google_sans=true,non_linear_scale,noshadow,overlay_builtin_dynamic_color_dark_base.binarypb:gm3-dark-ff0d0e12-ffbac5ee-2c17b68c1e2c11098976748f8f22233d,roundedchip,silkpopup
12-07 18:34:48.916  1554  1554 I KeyboardWrapper: KeyboardWrapper.onKeyboardReady():224 onKeyboardReady(): type=accessory(accessory), kb=com.google.android.libraries.inputmethod.keyboard.impl.Keyboard@83668f9
12-07 18:34:48.916  1554  1554 I KeyboardWrapper: KeyboardWrapper.doActivateKeyboard():611 doActivateKeyboard(): accessory
12-07 18:34:48.917  1554  1554 W Keyboard: Keyboard.getKeyboardViewHelper():600 null helper is returned: keyboardDef=mjl{processedConditions={}, globalConditions={}, className=com.google.android.libraries.inputmethod.keyboard.impl.Keyboard, resourceIds=[#0x7f17004d], initialStates=0, keyboardViewDefs=[], persistentStates=0, persistentStatesPrefKey=null, popupBubbleLayoutId=0, recentKeyLayoutId=0, recentKeyPopupLayoutId=0, recentKeyType=null, rememberRecentKey=NONE, sessionStates=0}, type=HEADER, helpersCreated=[null, null, null, null], context.getResources().getConfiguration(): {1.0 310mcc260mnc [bg_BG,en_US] ldltr sw411dp w411dp h914dp 420dpi nrml long compactNeeded port night finger qwerty/v/v dpad/v winConfig={ mBounds=Rect(0, 0 - 1080, 2400) mAppBounds=Rect(0, 0 - 1080, 2400) mMaxBounds=Rect(0, 0 - 1080, 2400) mDisplayRotation=ROTATION_0 mWindowingMode=fullscreen mActivityType=undefined mAlwaysOnTop=undefined mRotation=ROTATION_0} s.12 fontWeightAdjustment=0}
12-07 18:34:48.918  1554  1554 W Keyboard: Keyboard.getKeyboardViewHelper():600 null helper is returned: keyboardDef=mjl{processedConditions={}, globalConditions={}, className=com.google.android.libraries.inputmethod.keyboard.impl.Keyboard, resourceIds=[#0x7f17004d], initialStates=0, keyboardViewDefs=[], persistentStates=0, persistentStatesPrefKey=null, popupBubbleLayoutId=0, recentKeyLayoutId=0, recentKeyPopupLayoutId=0, recentKeyType=null, rememberRecentKey=NONE, sessionStates=0}, type=BODY, helpersCreated=[null, null, null, null], context.getResources().getConfiguration(): {1.0 310mcc260mnc [bg_BG,en_US] ldltr sw411dp w411dp h914dp 420dpi nrml long compactNeeded port night finger qwerty/v/v dpad/v winConfig={ mBounds=Rect(0, 0 - 1080, 2400) mAppBounds=Rect(0, 0 - 1080, 2400) mMaxBounds=Rect(0, 0 - 1080, 2400) mDisplayRotation=ROTATION_0 mWindowingMode=fullscreen mActivityType=undefined mAlwaysOnTop=undefined mRotation=ROTATION_0} s.12 fontWeightAdjustment=0}
12-07 18:34:48.918  1554  1554 I GlobeKeyExtension: GlobeKeyExtension.getKeyboardInitialStates():175
12-07 18:34:48.919  1554  1554 W Keyboard: Keyboard.getKeyboardViewHelper():600 null helper is returned: keyboardDef=mjl{processedConditions={}, globalConditions={}, className=com.google.android.libraries.inputmethod.keyboard.impl.Keyboard, resourceIds=[#0x7f17004d], initialStates=0, keyboardViewDefs=[], persistentStates=0, persistentStatesPrefKey=null, popupBubbleLayoutId=0, recentKeyLayoutId=0, recentKeyPopupLayoutId=0, recentKeyType=null, rememberRecentKey=NONE, sessionStates=0}, type=HEADER, helpersCreated=[null, null, null, null], context.getResources().getConfiguration(): {1.0 310mcc260mnc [bg_BG,en_US] ldltr sw411dp w411dp h914dp 420dpi nrml long compactNeeded port night finger qwerty/v/v dpad/v winConfig={ mBounds=Rect(0, 0 - 1080, 2400) mAppBounds=Rect(0, 0 - 1080, 2400) mMaxBounds=Rect(0, 0 - 1080, 2400) mDisplayRotation=ROTATION_0 mWindowingMode=fullscreen mActivityType=undefined mAlwaysOnTop=undefined mRotation=ROTATION_0} s.12 fontWeightAdjustment=0}
12-07 18:34:48.919  1554  1554 W Keyboard: Keyboard.getKeyboardViewHelper():600 null helper is returned: keyboardDef=mjl{processedConditions={}, globalConditions={}, className=com.google.android.libraries.inputmethod.keyboard.impl.Keyboard, resourceIds=[#0x7f17004d], initialStates=0, keyboardViewDefs=[], persistentStates=0, persistentStatesPrefKey=null, popupBubbleLayoutId=0, recentKeyLayoutId=0, recentKeyPopupLayoutId=0, recentKeyType=null, rememberRecentKey=NONE, sessionStates=0}, type=BODY, helpersCreated=[null, null, null, null], context.getResources().getConfiguration(): {1.0 310mcc260mnc [bg_BG,en_US] ldltr sw411dp w411dp h914dp 420dpi nrml long compactNeeded port night finger qwerty/v/v dpad/v winConfig={ mBounds=Rect(0, 0 - 1080, 2400) mAppBounds=Rect(0, 0 - 1080, 2400) mMaxBounds=Rect(0, 0 - 1080, 2400) mDisplayRotation=ROTATION_0 mWindowingMode=fullscreen mActivityType=undefined mAlwaysOnTop=undefined mRotation=ROTATION_0} s.12 fontWeightAdjustment=0}
12-07 18:34:48.920  1554  1554 W Keyboard: Keyboard.getKeyboardViewHelper():600 null helper is returned: keyboardDef=mjl{processedConditions={}, globalConditions={}, className=com.google.android.libraries.inputmethod.keyboard.impl.Keyboard, resourceIds=[#0x7f17004d], initialStates=0, keyboardViewDefs=[], persistentStates=0, persistentStatesPrefKey=null, popupBubbleLayoutId=0, recentKeyLayoutId=0, recentKeyPopupLayoutId=0, recentKeyType=null, rememberRecentKey=NONE, sessionStates=0}, type=FLOATING_CANDIDATES, helpersCreated=[null, null, null, null], context.getResources().getConfiguration(): {1.0 310mcc260mnc [bg_BG,en_US] ldltr sw411dp w411dp h914dp 420dpi nrml long compactNeeded port night finger qwerty/v/v dpad/v winConfig={ mBounds=Rect(0, 0 - 1080, 2400) mAppBounds=Rect(0, 0 - 1080, 2400) mMaxBounds=Rect(0, 0 - 1080, 2400) mDisplayRotation=ROTATION_0 mWindowingMode=fullscreen mActivityType=undefined mAlwaysOnTop=undefined mRotation=ROTATION_0} s.12 fontWeightAdjustment=0}
12-07 18:34:48.920  1554  1554 W Keyboard: Keyboard.getKeyboardViewHelper():600 null helper is returned: keyboardDef=mjl{processedConditions={}, globalConditions={}, className=com.google.android.libraries.inputmethod.keyboard.impl.Keyboard, resourceIds=[#0x7f17004d], initialStates=0, keyboardViewDefs=[], persistentStates=0, persistentStatesPrefKey=null, popupBubbleLayoutId=0, recentKeyLayoutId=0, recentKeyPopupLayoutId=0, recentKeyType=null, rememberRecentKey=NONE, sessionStates=0}, type=WIDGET, helpersCreated=[null, null, null, null], context.getResources().getConfiguration(): {1.0 310mcc260mnc [bg_BG,en_US] ldltr sw411dp w411dp h914dp 420dpi nrml long compactNeeded port night finger qwerty/v/v dpad/v winConfig={ mBounds=Rect(0, 0 - 1080, 2400) mAppBounds=Rect(0, 0 - 1080, 2400) mMaxBounds=Rect(0, 0 - 1080, 2400) mDisplayRotation=ROTATION_0 mWindowingMode=fullscreen mActivityType=undefined mAlwaysOnTop=undefined mRotation=ROTATION_0} s.12 fontWeightAdjustment=0}
12-07 18:34:48.920  1554  1554 I KeyboardManager: KeyboardManager.requestKeyboard():248 Creating keyboard accessory_candidates_consumer, imeId=ime_bulgarian, cacheKey=theme,!gsf,!pgsans,!pgsf,!use_system_font,BORDER,FLAVOR_DPI=XXHDPI,GOOGLE_ICONS,KEYBOARD_WIDTH_CATEGORY=NORMAL,KEY_BORDER_SHAPE=1,LIGHT_THEME=false,PHYSICAL_DIAGONAL=6.1297245,POPUP,SCREEN_SHORTEST_WIDTH=411,SCREEN_SHORTEST_WIDTH_NO_SCALE=411,SW400DP,XXHDPI,bottom4dp,enable_emoji_kitchen_browse_color_v2=true,enable_google_fonts_icons=true,enable_popup_on_keypress=true,keyboard_redesign_google_sans=true,non_linear_scale,noshadow,overlay_builtin_dynamic_color_dark_base.binarypb:gm3-dark-ff0d0e12-ffbac5ee-2c17b68c1e2c11098976748f8f22233d,roundedchip,silkpopup
12-07 18:34:48.921  1554  1554 I GlobeKeyExtension: GlobeKeyExtension.getKeyboardInitialStates():175
12-07 18:34:48.921  1554  1554 W Keyboard: Keyboard.getKeyboardViewHelper():600 null helper is returned: keyboardDef=mjl{processedConditions={}, globalConditions={global_theme_key=theme,!gsf,!pgsans,!pgsf,!use_system_font,BORDER,FLAVOR_DPI=XXHDPI,GOOGLE_ICONS,KEYBOARD_WIDTH_CATEGORY=NORMAL,KEY_BORDER_SHAPE=1,LIGHT_THEME=false,PHYSICAL_DIAGONAL=6.1297245,POPUP,SCREEN_SHORTEST_WIDTH=411,SCREEN_SHORTEST_WIDTH_NO_SCALE=411,SW400DP,XXHDPI,bottom4dp,enable_emoji_kitchen_browse_color_v2=true,enable_google_fonts_icons=true,enable_popup_on_keypress=true,keyboard_redesign_google_sans=true,non_linear_scale,noshadow,overlay_builtin_dynamic_color_dark_base.binarypb:gm3-dark-ff0d0e12-ffbac5ee-2c17b68c1e2c11098976748f8f22233d,roundedchip,silkpopup, global_locale=bg_BG, global_density_dpi=420, global_orientation=1}, className=.latin.keyboard.AccessoryKeyboard, resourceIds=[#0x7f17004c], initialStates=0, keyboardViewDefs=[mka{direction=null, id=#0x7f0b0224, isScalable=false, layoutId=#0x7f0e0032, type=FLOATING_CANDIDATES, touchable=true, defaultShow=false}], persistentStates=0, persistentStatesPrefKey=null, popupBubbleLayoutId=#0x7f0e05f0, recentKeyLayoutId=0, recentKeyPopupLayoutId=0, recentKeyType=null, rememberRecentKey=NONE, sessionStates=0}, type=HEADER, helpersCreated=[null, null, lvx@4c20b9e, null], context.getResources().getConfiguration(): {1.0 310mcc260mnc [bg_BG,en_US] ldltr sw411dp w411dp h914dp 420dpi nrml long compactNeeded port night finger qwerty/v/v dpad/v winConfig={ mBounds=Rect(0, 0 - 1080, 2400) mAppBounds=Rect(0, 0 - 1080, 2400) mMaxBounds=Rect(0, 0 - 1080, 2400) mDisplayRotation=ROTATION_0 mWindowingMode=fullscreen mActivityType=undefined mAlwaysOnTop=undefined mRotation=ROTATION_0} s.12 fontWeightAdjustment=0}
