12-07 18:34:43.981  1554  1567 W SP      : File ref is being finalized but wasn't closed, file: scribe_cyrillic_20231123_tflite_zip[32]
12-07 18:34:43.981  1554  1567 W SP      : File ref is being finalized but wasn't closed, file: qrnn_en_us_reco_20231010_fst_20230613_recospec_zip[31]
12-07 18:34:43.981  1554  1567 W SP      : File ref is being finalized but wasn't closed, file: pack_mapping_v1_lstm_20231127[26]
12-07 18:34:43.981  1554  1567 W SP      : File ref is being finalized but wasn't closed, file: scribe_cyrillic_20231123_recospec_zip[32]
12-07 18:34:43.981  1554  1567 W SP      : File ref is being finalized but wasn't closed, file: transformer_latin_seg_tflite_20231010_zip[31]
12-07 18:34:43.981  1554  1567 W SP      : File ref is being finalized but wasn't closed, file: scribe_latin_20231123_recospec_zip[31]
12-07 18:34:43.982  1554  1567 W SP      : File ref is being finalized but wasn't closed, file: en_us_20230613_compact_fst_zip[31]
12-07 18:34:43.982  1554  1567 W SP      : File ref is being finalized but wasn't closed, file: transformer_cyrillic_tflite_20230514_zip[32]
12-07 18:34:43.982  1554  1567 W SP      : File ref is being finalized but wasn't closed, file: scribe_latin_20231123_tflite_zip[31]
12-07 18:34:43.982  1554  1567 W SP      : File ref is being finalized but wasn't closed, file: transformer_latin_conf_tflite_20231010_zip[31]
12-07 18:34:43.982  1554  1567 W SP      : File ref is being finalized but wasn't closed, file: bg_20230409_compact_fst_zip[32]
12-07 18:34:43.982  1554  1567 W SP      : File ref is being finalized but wasn't closed, file: transformer_latin_tflite_20231010_zip[31]
12-07 18:34:43.982  1554  1567 W SP      : File ref is being finalized but wasn't closed, file: qrnn_bg_reco_20230514_fst_20230409_recospec_zip[32]
12-07 18:34:43.983  1554  1567 W SP      : File ref is being finalized but wasn't closed, file: scribe_cyrillic_20231123_tflite_zip[32]
12-07 18:34:43.983  1554  1567 W SP      : File ref is being finalized but wasn't closed, file: qrnn_en_us_reco_20231010_fst_20230613_recospec_zip[31]
12-07 18:34:43.983  1554  1567 W SP      : File ref is being finalized but wasn't closed, file: pack_mapping_v1_lstm_20231127[26]
12-07 18:34:43.983  1554  1567 W SP      : File ref is being finalized but wasn't closed, file: scribe_cyrillic_20231123_recospec_zip[32]
12-07 18:34:43.983  1554  1567 W SP      : File ref is being finalized but wasn't closed, file: transformer_latin_seg_tflite_20231010_zip[31]
12-07 18:34:43.983  1554  1567 W SP      : File ref is being finalized but wasn't closed, file: scribe_latin_20231123_recospec_zip[31]
12-07 18:34:43.983  1554  1567 W SP      : File ref is being finalized but wasn't closed, file: en_us_20230613_compact_fst_zip[31]
12-07 18:34:43.983  1554  1567 W SP      : File ref is being finalized but wasn't closed, file: transformer_cyrillic_tflite_20230514_zip[32]
12-07 18:34:43.983  1554  1567 W SP      : File ref is being finalized but wasn't closed, file: scribe_latin_20231123_tflite_zip[31]
12-07 18:34:43.984  1554  1567 W SP      : File ref is being finalized but wasn't closed, file: transformer_latin_conf_tflite_20231010_zip[31]
12-07 18:34:43.984  1554  1567 W SP      : File ref is being finalized but wasn't closed, file: bg_20230409_compact_fst_zip[32]
12-07 18:34:43.984  1554  1567 W SP      : File ref is being finalized but wasn't closed, file: scribe_cyrillic_20231123_recospec_zip[32]
12-07 18:34:43.986  1554  1567 W SP      : File ref is being finalized but wasn't closed, file: scribe_cyrillic_20231123_tflite_zip[32]
12-07 18:34:43.986  1554  1567 W SP      : File ref is being finalized but wasn't closed, file: qrnn_bg_reco_20230514_fst_20230409_recospec_zip[32]
12-07 18:34:43.986  1554  1567 W SP      : File ref is being finalized but wasn't closed, file: transformer_cyrillic_tflite_20230514_zip[32]
12-07 18:34:43.986  1554  1567 W SP      : File ref is being finalized but wasn't closed, file: bg_20230409_compact_fst_zip[32]
12-07 18:34:44.007  1554  1554 I AndroidIME: InputBundleManager.startInput():358 startInput() with mjw[keyboardType=prime, payload=null]
12-07 18:34:44.008  1554  1554 I GlobeKeyExtension: GlobeKeyExtension.onActivate():120
12-07 18:34:44.011  1554  1947 I SP      : Registering next-word-predictor.20240611, url: https://www.gstatic.com/android/keyboard/next_word_predictor/prod/superpacks-manifest-20230719_210421.json, constraints: *:*:*:*, flags: *, requested: 20240611, current: 20240611
12-07 18:34:44.018  1554  1947 I EmojiSlicingStrategy: EmojiSlicingStrategy.matchEnabledLocalesWithPackLocales():129 matchEnabledLocalesWithPackLocales() : User enabled 2 locales; returning 2 slices
12-07 18:34:44.021  1554  1947 I SP      : Syncing emoji (2025081522) with slices: [{970e0125b0eac20b0b684310703256f1, m:*:*:*}, {62a32c6ad94db1ab86cebbe06b49eb2a, m:*:*:*}], metadata: false
12-07 18:34:44.048  1554  1554 W AutoPasteSuggestionHelper: AutoPasteSuggestionHelper.setMaxWidthOfChipTextView():1066 Failed to get the width of the proactive suggestion view holder in HEADER.
12-07 18:34:44.065  1554  1554 W AutoPasteSuggestionHelper: AutoPasteSuggestionHelper.setMaxWidthOfChipTextView():1066 Failed to get the width of the proactive suggestion view holder in HEADER.
12-07 18:34:44.078  1554  4770 W native  : W0000 00:00:1765125284.078547    4770 tf_recognizer.cc:402] Requested external segmentation for 0ac198e7c0668d1e, but this recognizer (lang: bg) does not provide segmentation.
12-07 18:34:44.092  1361  1361 I GmsCoreXrpcWrapper: (REDACTED) Returning a channel provider with trafficStatsTag=%d trafficStatsUid=%d
12-07 18:34:44.098  1554  1554 W AutoPasteSuggestionHelper: AutoPasteSuggestionHelper.setMaxWidthOfChipTextView():1066 Failed to get the width of the proactive suggestion view holder in WIDGET.
12-07 18:34:44.101  1554  1554 I ProactiveSuggestionsHolderManager: ProactiveSuggestionsHolderManager$2.display():216 Requesting to show proactive suggestions: CLIPBOARD PREEMPTIVE_WITH_SUPPRESSION in HEADER
12-07 18:34:44.147  1554  1554 I ProactiveSuggestionsHolderManager: ProactiveSuggestionsHolderManager$Holder.setSuggestionsAndShow():879 succeed to show proactive suggestions CLIPBOARD PREEMPTIVE_WITH_SUPPRESSION
12-07 18:34:44.148  1554  1554 I ProactiveSuggestionsHolderManager: ProactiveSuggestionsHolderManager$2.display():216 Requesting to show proactive suggestions: CLIPBOARD PREEMPTIVE_WITH_SUPPRESSION in FLOATING_CANDIDATES
12-07 18:34:44.148  1554  1554 I ProactiveSuggestionsHolderManager: ProactiveSuggestionsHolderManager$2.display():228 suggestions CLIPBOARD are pending to show on FLOATING_CANDIDATES
12-07 18:34:44.149  1554  1554 I ProactiveSuggestionsHolderManager: ProactiveSuggestionsHolderManager$2.display():216 Requesting to show proactive suggestions: CLIPBOARD PREEMPTIVE_WITH_SUPPRESSION in WIDGET
12-07 18:34:44.149  1554  1554 I ProactiveSuggestionsHolderManager: ProactiveSuggestionsHolderManager$2.display():228 suggestions CLIPBOARD are pending to show on WIDGET
12-07 18:34:44.150  1554  1554 W NotificationCenter: NotificationCenter$NotificationQueue.notifyPendingNotificationsOnExecutor():877 Heavy notify work detected on UI thread: [nag->jsw] takes 48ms
12-07 18:34:44.153  1554  1554 I HardKeyTracker: HardKeyTracker.registerKeySequence():170 Register key sequence nef{labelResId=2132020464, callback=cgm@11aca9e, lastModifier=2, keyCodes=[56], actions=[0]}
12-07 18:34:44.154  1554  1554 I HardKeyTracker: HardKeyTracker.registerKeySequence():170 Register key sequence nef{labelResId=2132020464, callback=cgm@ae77195, lastModifier=0, keyCodes=[317], actions=[0]}
12-07 18:34:44.159  1554  1554 I VoiceInputManagerWrapper: VoiceInputManagerWrapper.cancelShutdown():109 cancelShutdown()
12-07 18:34:44.159  1554  1554 I VoiceInputManagerWrapper: VoiceInputManagerWrapper.syncLanguagePacks():121 syncLanguagePacks()
12-07 18:34:44.163  1554  1950 I NetworkInfoNotification: NetworkInfoNotification$Listener.onReceive():107 onNetworkAvailable: networkState = NON_METERED, isAirplaneModeOn = false
12-07 18:34:44.168  1554  1947 I SP      : Syncing kc_tflite_model (2024052201) with slices: [{tflite-kc-en_us_key_pair-20240423_102657, m:*:*:*}], metadata: false
12-07 18:34:44.169  1554  1947 I SP      : Syncing kc_tflite_model (2024052201) with slices: [{tflite-kc-en_us_key_pair-20240423_102657, m:*:*:*}], metadata: false
12-07 18:34:44.170  1554  1554 I VoiceInputManager: VoiceInputManager.onKeyboardActivated():1148 onKeyboardActivated() [UD]
12-07 18:34:44.173  1554  1947 I SP      : Syncing kc_tflite_model (2024052201) with slices: [{tflite-kc-en_us_key_pair-20240423_102657, m:*:*:*}], metadata: false
12-07 18:34:44.174  1554  4787 I SpeechFactory: SpeechRecognitionFactory.maybeScheduleAutoPackDownloadForFallback():217 maybeScheduleAutoPackDownloadForFallback()
12-07 18:34:44.175  1554  4787 I FallbackOnDeviceRecognitionProvider: FallbackOnDeviceRecognitionProvider.maybeScheduleAutoPackDownload():199 maybeScheduleAutoPackDownload() for language tag bg-BG
12-07 18:34:44.176  1554  1554 I PkModeUpdater: PkModeUpdater.onActivate():74 onActivate false false
12-07 18:34:44.177  1554  1554 I PkModeUpdater: PkModeUpdater.onActivate():76 disable Pk Mode = true entry = lpl{languageTag=bg-BG, variant=bulgarian, hasLocalizedResources=true, conditionCacheKey=_app_first_start_timestamp=1764961464703_bottom_period_popup_slash=false_cache_additional_ime_defs_for_condition_change=false_cache_ime_defs_for_condition_change=false_deprecate_long_press_space_for_ime_picker=false_device=phone_device_size=default_enable_access_points_in_password_number=false_enable_correction_settings_updates=false_enable_flick_symbols=true_enable_more_candidates_view_for_multilingual=false_enable_number_row=false_enable_number_row_in_password=true_enable_pk_simulator=false_enable_pk_simulator_setting=false_enable_preemptive_decode=true_enable_secondary_digits=true_enable_secondary_symbols=false_expressions=normal_four_or_more_letter_rows=false_keyboard_mode=normal_language=bg-BG_layout_9key_split=false_orientation=portrait_physical_keyboard=qwerty_pref_enable_flick_symbols=false_rtl_layout=false_show_comma_key=true_show_period_key=true_show_secondary_digits=true_show_suggestion_strip=true_show_suggestions=true_split_with_duplicate_keys=true_true=true_variant=bulgarian_writing_helper_enable_by_word_revert=false, imeDef.stringId=ime_bulgarian, imeDef.className=com.google.android.apps.inputmethod.libs.latin5.LatinIme, imeDef.languageTag=bg} editorInfo = android.view.inputmethod.EditorInfo@e755088
12-07 18:34:44.177  1554  1554 I AccessoryInputModeManager: AccessoryInputModeManager.onModeStarted():319 Accessory input mode started: STYLUS
12-07 18:34:44.181  1554  1947 I SP      : Syncing kc_tflite_model (2024052201) with slices: [{tflite-kc-en_us_key_pair-20240423_102657, m:*:*:*}], metadata: false
12-07 18:34:44.183  1554  1947 I SP      : Syncing kc_tflite_model (2024052201) with slices: [{tflite-kc-en_us_key_pair-20240423_102657, m:*:*:*}], metadata: false
12-07 18:34:44.208  1554  1554 I KeyboardViewHelper: KeyboardViewHelper.getView():180 Get view with height ratio:1.000000
12-07 18:34:44.210  1554  1554 W ExtensionWrapper: ExtensionWrapper.setAllowUpdateNavigationBarStyle():818 class jpp is not activate
12-07 18:34:44.211  1554  1554 I WidgetViewShowingController: WidgetViewShowingController.showWidgetKeyboardInternal():527 Show companion widget
12-07 18:34:44.222  1554  4770 I native  : I0000 00:00:1765125284.222465    4770 tf_recognizer.cc:351]  1  request  0.27%    1.1ms  overall  0.27%    0.00s  LabeledInkProcessor
12-07 18:34:44.222  1554  4770 I native  :  2  request 23.00%   93.0ms  overall 23.00%    0.09s  GetTfLiteInterpreter
12-07 18:34:44.222  1554  4770 I native  :  3  request  0.28%    1.1ms  overall  0.28%    0.00s  FillingInputsInTfLiteModelRunner
12-07 18:34:44.222  1554  4770 I native  :  4  request 40.84%  165.1ms  overall 40.84%    0.17s  RunTfLiteModelRunner
12-07 18:34:44.222  1554  4770 I native  :  5  request  0.06%    0.2ms  overall  0.06%    0.00s  FillingOutputsInTfLiteModelRunner
12-07 18:34:44.222  1554  4770 I native  :  6  request 35.55%  143.8ms  overall 35.55%    0.14s  Decoder
12-07 18:34:44.222  1554  4770 I native  :     request         404.4ms  overall           0.40s  Total
12-07 18:34:44.222  1554  4770 I native  : I0000 00:00:1765125284.222591    4770 recognizer.cc:216] Initialized recognizer: TfRecognizer
12-07 18:34:44.239  1554  1554 W ExtensionWrapper: ExtensionWrapper.setAllowUpdateNavigationBarStyle():818 class jpp is not activate
12-07 18:34:44.241  1867  1867 D BoundBrokerSvc: onBind: Intent { act=com.google.android.mdd.service.START dat=chimera-action:/... xflg=0x4 cmp=com.google.android.gms/.chimera.GmsBoundBrokerService }
12-07 18:34:44.241  1867  1867 D BoundBrokerSvc: Loading bound service for intent: Intent { act=com.google.android.mdd.service.START dat=chimera-action:/... xflg=0x4 cmp=com.google.android.gms/.chimera.GmsBoundBrokerService }
12-07 18:34:44.243  1554  1947 I SP      : Sync for delight_overrides succeeded in 528 ms: no changes
12-07 18:34:44.250  1554  1554 I WidgetViewShowingPositionHandler: WidgetViewShowingPositionHandler.updateAvailableArea():194 update available area Rect(21, 84 - 1059, 2384)
12-07 18:34:44.263   814   980 I HalDevMgr: bestIfaceCreationProposal is null, requestIface=STA, existingIface=[name=wlan0 type=STA]
12-07 18:34:44.313  1554  1554 W NotificationCenter: NotificationCenter$NotificationQueue.notifyPendingNotificationsOnExecutor():877 Heavy notify work detected on UI thread: [jsx->jsw] takes 58ms
12-07 18:34:44.314  1554  1554 I KeyboardWrapper: KeyboardWrapper.switchToKeyboard():676 switchToKeyboard(): type=accessory, status=ACTIVE
12-07 18:34:44.315  1554  1554 I KeyboardManager: KeyboardManager.requestKeyboard():248 Creating keyboard accessory, imeId=ime_bulgarian, cacheKey=theme,!gsf,!pgsans,!pgsf,!use_system_font,BORDER,FLAVOR_DPI=XXHDPI,GOOGLE_ICONS,KEYBOARD_WIDTH_CATEGORY=NORMAL,KEY_BORDER_SHAPE=1,LIGHT_THEME=false,PHYSICAL_DIAGONAL=6.1297245,POPUP,SCREEN_SHORTEST_WIDTH=411,SCREEN_SHORTEST_WIDTH_NO_SCALE=411,SW400DP,XXHDPI,bottom4dp,enable_emoji_kitchen_browse_color_v2=true,enable_google_fonts_icons=true,enable_popup_on_keypress=true,keyboard_redesign_google_sans=true,non_linear_scale,noshadow,overlay_builtin_dynamic_color_dark_base.binarypb:gm3-dark-ff0d0e12-ffbac5ee-2c17b68c1e2c11098976748f8f22233d,roundedchip,silkpopup
12-07 18:34:44.316  1554  1554 I KeyboardWrapper: KeyboardWrapper.onKeyboardReady():224 onKeyboardReady(): type=prime(accessory), kb=com.google.android.libraries.inputmethod.keyboard.impl.Keyboard@83668f9
12-07 18:34:44.318  1554  1554 I VoiceInputManager: VoiceInputManager.onKeyboardActivated():1148 onKeyboardActivated() [UD]
12-07 18:34:44.318  1554  1554 I HardKeyTracker: HardKeyTracker.registerKeySequence():170 Register key sequence nef{labelResId=2132020473, callback=cgm@c283bec, lastModifier=2, keyCodes=[47], actions=[0]}
12-07 18:34:44.319  1554  1554 I KeyboardWrapper: KeyboardWrapper.doActivateKeyboard():611 doActivateKeyboard(): accessory
12-07 18:34:44.319  1554  1554 W KeyboardDef: KeyboardDef.getKeyboardViewDef():739 KeyboardViewDef is not found: keyboardDef=mjl{processedConditions={}, globalConditions={}, className=com.google.android.libraries.inputmethod.keyboard.impl.Keyboard, resourceIds=[#0x7f17004d], initialStates=0, keyboardViewDefs=[], persistentStates=0, persistentStatesPrefKey=null, popupBubbleLayoutId=0, recentKeyLayoutId=0, recentKeyPopupLayoutId=0, recentKeyType=null, rememberRecentKey=NONE, sessionStates=0}, type=HEADER, id=2131427876
12-07 18:34:44.319  1554  1554 W Keyboard: Keyboard.getKeyboardViewHelper():600 null helper is returned: keyboardDef=mjl{processedConditions={}, globalConditions={}, className=com.google.android.libraries.inputmethod.keyboard.impl.Keyboard, resourceIds=[#0x7f17004d], initialStates=0, keyboardViewDefs=[], persistentStates=0, persistentStatesPrefKey=null, popupBubbleLayoutId=0, recentKeyLayoutId=0, recentKeyPopupLayoutId=0, recentKeyType=null, rememberRecentKey=NONE, sessionStates=0}, type=HEADER, helpersCreated=[null, null, null, null], context.getResources().getConfiguration(): {1.0 310mcc260mnc [bg_BG,en_US] ldltr sw411dp w411dp h914dp 420dpi nrml long compactNeeded port night finger qwerty/v/v dpad/v winConfig={ mBounds=Rect(0, 0 - 1080, 2400) mAppBounds=Rect(0, 0 - 1080, 2400) mMaxBounds=Rect(0, 0 - 1080, 2400) mDisplayRotation=ROTATION_0 mWindowingMode=fullscreen mActivityType=undefined mAlwaysOnTop=undefined mRotation=ROTATION_0} s.12 fontWeightAdjustment=0}
12-07 18:34:44.321  1554  1554 W KeyboardDef: KeyboardDef.getKeyboardViewDef():739 KeyboardViewDef is not found: keyboardDef=mjl{processedConditions={}, globalConditions={}, className=com.google.android.libraries.inputmethod.keyboard.impl.Keyboard, resourceIds=[#0x7f17004d], initialStates=0, keyboardViewDefs=[], persistentStates=0, persistentStatesPrefKey=null, popupBubbleLayoutId=0, recentKeyLayoutId=0, recentKeyPopupLayoutId=0, recentKeyType=null, rememberRecentKey=NONE, sessionStates=0}, type=BODY, id=2131427876
12-07 18:34:44.322  1554  1554 W Keyboard: Keyboard.getKeyboardViewHelper():600 null helper is returned: keyboardDef=mjl{processedConditions={}, globalConditions={}, className=com.google.android.libraries.inputmethod.keyboard.impl.Keyboard, resourceIds=[#0x7f17004d], initialStates=0, keyboardViewDefs=[], persistentStates=0, persistentStatesPrefKey=null, popupBubbleLayoutId=0, recentKeyLayoutId=0, recentKeyPopupLayoutId=0, recentKeyType=null, rememberRecentKey=NONE, sessionStates=0}, type=BODY, helpersCreated=[null, null, null, null], context.getResources().getConfiguration(): {1.0 310mcc260mnc [bg_BG,en_US] ldltr sw411dp w411dp h914dp 420dpi nrml long compactNeeded port night finger qwerty/v/v dpad/v winConfig={ mBounds=Rect(0, 0 - 1080, 2400) mAppBounds=Rect(0, 0 - 1080, 2400) mMaxBounds=Rect(0, 0 - 1080, 2400) mDisplayRotation=ROTATION_0 mWindowingMode=fullscreen mActivityType=undefined mAlwaysOnTop=undefined mRotation=ROTATION_0} s.12 fontWeightAdjustment=0}
12-07 18:34:44.322  1554  1947 I SP      : GC for 'delight_overrides' (10) with ttl of 0 ms took 5 ms (4/1/0)
12-07 18:34:44.322  1554  1554 W TooltipLifecycleManager: TooltipLifecycleManager.dismissTooltips():153 Tooltip with id undo_access_point_promotion_banner not found in tooltipManager.
12-07 18:34:44.324  1554  1554 I GlobeKeyExtension: GlobeKeyExtension.getKeyboardInitialStates():175
12-07 18:34:44.327  1554  1554 W Keyboard: Keyboard.getKeyboardViewHelper():600 null helper is returned: keyboardDef=mjl{processedConditions={}, globalConditions={}, className=com.google.android.libraries.inputmethod.keyboard.impl.Keyboard, resourceIds=[#0x7f17004d], initialStates=0, keyboardViewDefs=[], persistentStates=0, persistentStatesPrefKey=null, popupBubbleLayoutId=0, recentKeyLayoutId=0, recentKeyPopupLayoutId=0, recentKeyType=null, rememberRecentKey=NONE, sessionStates=0}, type=HEADER, helpersCreated=[null, null, null, null], context.getResources().getConfiguration(): {1.0 310mcc260mnc [bg_BG,en_US] ldltr sw411dp w411dp h914dp 420dpi nrml long compactNeeded port night finger qwerty/v/v dpad/v winConfig={ mBounds=Rect(0, 0 - 1080, 2400) mAppBounds=Rect(0, 0 - 1080, 2400) mMaxBounds=Rect(0, 0 - 1080, 2400) mDisplayRotation=ROTATION_0 mWindowingMode=fullscreen mActivityType=undefined mAlwaysOnTop=undefined mRotation=ROTATION_0} s.12 fontWeightAdjustment=0}
12-07 18:34:44.327  1554  1554 W Keyboard: Keyboard.getKeyboardViewHelper():600 null helper is returned: keyboardDef=mjl{processedConditions={}, globalConditions={}, className=com.google.android.libraries.inputmethod.keyboard.impl.Keyboard, resourceIds=[#0x7f17004d], initialStates=0, keyboardViewDefs=[], persistentStates=0, persistentStatesPrefKey=null, popupBubbleLayoutId=0, recentKeyLayoutId=0, recentKeyPopupLayoutId=0, recentKeyType=null, rememberRecentKey=NONE, sessionStates=0}, type=BODY, helpersCreated=[null, null, null, null], context.getResources().getConfiguration(): {1.0 310mcc260mnc [bg_BG,en_US] ldltr sw411dp w411dp h914dp 420dpi nrml long compactNeeded port night finger qwerty/v/v dpad/v winConfig={ mBounds=Rect(0, 0 - 1080, 2400) mAppBounds=Rect(0, 0 - 1080, 2400) mMaxBounds=Rect(0, 0 - 1080, 2400) mDisplayRotation=ROTATION_0 mWindowingMode=fullscreen mActivityType=undefined mAlwaysOnTop=undefined mRotation=ROTATION_0} s.12 fontWeightAdjustment=0}
12-07 18:34:44.327  1554  1554 W KeyboardDef: KeyboardDef.getKeyboardViewDef():739 KeyboardViewDef is not found: keyboardDef=mjl{processedConditions={}, globalConditions={}, className=com.google.android.libraries.inputmethod.keyboard.impl.Keyboard, resourceIds=[#0x7f17004d], initialStates=0, keyboardViewDefs=[], persistentStates=0, persistentStatesPrefKey=null, popupBubbleLayoutId=0, recentKeyLayoutId=0, recentKeyPopupLayoutId=0, recentKeyType=null, rememberRecentKey=NONE, sessionStates=0}, type=FLOATING_CANDIDATES, id=2131427876
12-07 18:34:44.327  1554  1554 W Keyboard: Keyboard.getKeyboardViewHelper():600 null helper is returned: keyboardDef=mjl{processedConditions={}, globalConditions={}, className=com.google.android.libraries.inputmethod.keyboard.impl.Keyboard, resourceIds=[#0x7f17004d], initialStates=0, keyboardViewDefs=[], persistentStates=0, persistentStatesPrefKey=null, popupBubbleLayoutId=0, recentKeyLayoutId=0, recentKeyPopupLayoutId=0, recentKeyType=null, rememberRecentKey=NONE, sessionStates=0}, type=FLOATING_CANDIDATES, helpersCreated=[null, null, null, null], context.getResources().getConfiguration(): {1.0 310mcc260mnc [bg_BG,en_US] ldltr sw411dp w411dp h914dp 420dpi nrml long compactNeeded port night finger qwerty/v/v dpad/v winConfig={ mBounds=Rect(0, 0 - 1080, 2400) mAppBounds=Rect(0, 0 - 1080, 2400) mMaxBounds=Rect(0, 0 - 1080, 2400) mDisplayRotation=ROTATION_0 mWindowingMode=fullscreen mActivityType=undefined mAlwaysOnTop=undefined mRotation=ROTATION_0} s.12 fontWeightAdjustment=0}
12-07 18:34:44.327  1554  1554 W KeyboardDef: KeyboardDef.getKeyboardViewDef():739 KeyboardViewDef is not found: keyboardDef=mjl{processedConditions={}, globalConditions={}, className=com.google.android.libraries.inputmethod.keyboard.impl.Keyboard, resourceIds=[#0x7f17004d], initialStates=0, keyboardViewDefs=[], persistentStates=0, persistentStatesPrefKey=null, popupBubbleLayoutId=0, recentKeyLayoutId=0, recentKeyPopupLayoutId=0, recentKeyType=null, rememberRecentKey=NONE, sessionStates=0}, type=WIDGET, id=2131427876
12-07 18:34:44.327  1554  1554 W Keyboard: Keyboard.getKeyboardViewHelper():600 null helper is returned: keyboardDef=mjl{processedConditions={}, globalConditions={}, className=com.google.android.libraries.inputmethod.keyboard.impl.Keyboard, resourceIds=[#0x7f17004d], initialStates=0, keyboardViewDefs=[], persistentStates=0, persistentStatesPrefKey=null, popupBubbleLayoutId=0, recentKeyLayoutId=0, recentKeyPopupLayoutId=0, recentKeyType=null, rememberRecentKey=NONE, sessionStates=0}, type=WIDGET, helpersCreated=[null, null, null, null], context.getResources().getConfiguration(): {1.0 310mcc260mnc [bg_BG,en_US] ldltr sw411dp w411dp h914dp 420dpi nrml long compactNeeded port night finger qwerty/v/v dpad/v winConfig={ mBounds=Rect(0, 0 - 1080, 2400) mAppBounds=Rect(0, 0 - 1080, 2400) mMaxBounds=Rect(0, 0 - 1080, 2400) mDisplayRotation=ROTATION_0 mWindowingMode=fullscreen mActivityType=undefined mAlwaysOnTop=undefined mRotation=ROTATION_0} s.12 fontWeightAdjustment=0}
12-07 18:34:44.328  1554  1947 I SP      : Syncing next-word-predictor (20240611) with slices: [tflite-nwp-756c50035b995cfb0f7e8feb7d1b10ee], metadata: false
12-07 18:34:44.329  1554  1947 I SP      : Sync for bundled_delight succeeded in 523 ms: {added: [main_en_us_2025051500_2], metadata: false
12-07 18:34:44.330  1554  1554 I KeyboardManager: KeyboardManager.requestKeyboard():248 Creating keyboard accessory_candidates_consumer, imeId=ime_bulgarian, cacheKey=theme,!gsf,!pgsans,!pgsf,!use_system_font,BORDER,FLAVOR_DPI=XXHDPI,GOOGLE_ICONS,KEYBOARD_WIDTH_CATEGORY=NORMAL,KEY_BORDER_SHAPE=1,LIGHT_THEME=false,PHYSICAL_DIAGONAL=6.1297245,POPUP,SCREEN_SHORTEST_WIDTH=411,SCREEN_SHORTEST_WIDTH_NO_SCALE=411,SW400DP,XXHDPI,bottom4dp,enable_emoji_kitchen_browse_color_v2=true,enable_google_fonts_icons=true,enable_popup_on_keypress=true,keyboard_redesign_google_sans=true,non_linear_scale,noshadow,overlay_builtin_dynamic_color_dark_base.binarypb:gm3-dark-ff0d0e12-ffbac5ee-2c17b68c1e2c11098976748f8f22233d,roundedchip,silkpopup
12-07 18:34:44.332  1554  1554 W NotificationCenter: NotificationCenter$NotificationQueue.notifyPendingNotificationsOnExecutor():877 Heavy notify work detected on UI thread: [jri->jpm] takes 155ms
12-07 18:34:44.332  1554  1554 I HardKeyTracker: HardKeyTracker.registerKeySequence():170 Register key sequence nef{labelResId=2132020472, callback=gdc@8a07cf0, lastModifier=2, keyCodes=[62], actions=[0]}
12-07 18:34:44.350  1554  1554 I KeyboardHeightUtil: KeyboardHeightUtil.calculateMaxKeyboardBodyHeight():50 leave 281 height for app when ime window height:2337, header height:116 and isFullscreenMode:false, so the max keyboard body height is:1940
12-07 18:34:44.351  1554  1554 I KeyboardHeightUtil: KeyboardHeightUtil.calculateMaxKeyboardBodyHeight():50 leave 281 height for app when ime window height:2337, header height:116 and isFullscreenMode:false, so the max keyboard body height is:1940
12-07 18:34:44.352  1554  1554 W ExtensionWrapper: ExtensionWrapper.setExtensionViewVisibility():809 interface lzc is not activate
12-07 18:34:44.367  1554  1554 I VoiceImeExtension: VoiceImeExtension.shouldStartVoiceInputAutomaticallyInCurrentInputBox():376 No private IME option set to start voice input.
12-07 18:34:44.370  1554  1554 W FDL     : FDL logging failed. Add a dependency for Firebase Analytics to your app to enable logging of Dynamic Link events.
12-07 18:34:44.373  1554  1554 I Module  : DeviceLockedStatusModuleProvider$Module.updateDeviceLockedStatus():100 repeatCheckTimes = 1, locked = false
12-07 18:34:44.385   652   787 W libbinder.ServiceManagerCppClient: Permission failure: android.permission.ACCESS_SURFACE_FLINGER from uid=10158 pid=1554
12-07 18:34:44.385   652   787 D libbinder.PermissionCache: checking android.permission.ACCESS_SURFACE_FLINGER for uid=10158 => denied (10119 us)
12-07 18:34:44.387   652   787 W libbinder.ServiceManagerCppClient: Permission failure: android.permission.ROTATE_SURFACE_FLINGER from uid=10158 pid=1554
12-07 18:34:44.387   652   787 D libbinder.PermissionCache: checking android.permission.ROTATE_SURFACE_FLINGER for uid=10158 => denied (1552 us)
12-07 18:34:44.388   652   787 W libbinder.ServiceManagerCppClient: Permission failure: android.permission.INTERNAL_SYSTEM_WINDOW from uid=10158 pid=1554
12-07 18:34:44.388   652   787 D libbinder.PermissionCache: checking android.permission.INTERNAL_SYSTEM_WINDOW for uid=10158 => denied (646 us)
12-07 18:34:44.398  1361  4389 I FontLog : (REDACTED) Received query %s, URI %s
12-07 18:34:44.398  1361  4389 I FontLog : (REDACTED) Query [%s] resolved to %s
12-07 18:34:44.398  1554  1554 I HardKeyTracker: HardKeyTracker.unregisterKeySequence():221 Unregister key sequence nef{labelResId=2132020464, callback=cgm@8995b08, lastModifier=2, keyCodes=[56], actions=[0]}
12-07 18:34:44.398  1554  1554 I HardKeyTracker: HardKeyTracker.unregisterKeySequence():221 Unregister key sequence nef{labelResId=2132020464, callback=cgm@d336487, lastModifier=0, keyCodes=[317], actions=[0]}
12-07 18:34:44.402  1554  1554 I HardKeyTracker: HardKeyTracker.registerKeySequence():170 Register key sequence nef{labelResId=2132020464, callback=cgm@2a29714, lastModifier=2, keyCodes=[56], actions=[0]}
12-07 18:34:44.403  1554  1554 I HardKeyTracker: HardKeyTracker.registerKeySequence():170 Register key sequence nef{labelResId=2132020464, callback=cgm@fafa903, lastModifier=0, keyCodes=[317], actions=[0]}
12-07 18:34:44.403  1554  1554 I HardKeyTracker: HardKeyTracker.registerKeySequence():170 Register key sequence nef{labelResId=2132020466, callback=cgm@5f9d25f, lastModifier=2, keyCodes=[37], actions=[0]}
12-07 18:34:44.404  1554  1554 I HardKeyTracker: HardKeyTracker.unregisterKeySequence():221 Unregister key sequence nef{labelResId=2132020466, callback=cgm@949c4d9, lastModifier=2, keyCodes=[37], actions=[0]}
12-07 18:34:44.404  1554  1554 I HardKeyTracker: HardKeyTracker.registerKeySequence():170 Register key sequence nef{labelResId=2132020466, callback=cgm@f3f03f1, lastModifier=2, keyCodes=[37], actions=[0]}
12-07 18:34:44.405  1554  1554 I HardKeyTracker: HardKeyTracker.unregisterKeySequence():221 Unregister key sequence nef{labelResId=2132020463, callback=cgm@185f52, lastModifier=2, keyCodes=[50], actions=[0]}
12-07 18:34:44.405  1554  1554 I HardKeyTracker: HardKeyTracker.registerKeySequence():170 Register key sequence nef{labelResId=2132020463, callback=cgm@6dcd8f3, lastModifier=2, keyCodes=[50], actions=[0]}
12-07 18:34:44.406  1554  1554 I HardKeyTracker: HardKeyTracker.unregisterKeySequence():221 Unregister key sequence nef{labelResId=2132020463, callback=cgm@9c35dee, lastModifier=2, keyCodes=[50], actions=[0]}
12-07 18:34:44.406  1554  1554 I HardKeyTracker: HardKeyTracker.registerKeySequence():170 Register key sequence nef{labelResId=2132020463, callback=cgm@67cb5e5, lastModifier=2, keyCodes=[50], actions=[0]}
12-07 18:34:44.407  1554  1554 I HardKeyTracker: HardKeyTracker.unregisterKeySequence():221 Unregister key sequence nef{labelResId=2132020468, callback=cgm@a88e633, lastModifier=2, keyCodes=[48], actions=[0]}
12-07 18:34:44.407  1554  1554 I HardKeyTracker: HardKeyTracker.registerKeySequence():170 Register key sequence nef{labelResId=2132020468, callback=cgm@88f5686, lastModifier=2, keyCodes=[48], actions=[0]}
12-07 18:34:44.408  1554  1554 I HardKeyTracker: HardKeyTracker.unregisterKeySequence():221 Unregister key sequence nef{labelResId=2132020468, callback=cgm@4565925, lastModifier=2, keyCodes=[48], actions=[0]}
12-07 18:34:44.409  1554  1554 I HardKeyTracker: HardKeyTracker.registerKeySequence():170 Register key sequence nef{labelResId=2132020468, callback=cgm@46de4e3, lastModifier=2, keyCodes=[48], actions=[0]}
12-07 18:34:44.410  1554  1554 W NotificationCenter: NotificationCenter$NotificationQueue.notifyPendingNotificationsOnExecutor():877 Heavy notify work detected on UI thread: [ltj->jtc, ltj->jtc, ltj->fwu, ltj->lse, ltj->guu, ltj->jtc, ltj->jup, ltj->jtc, ltj->hlv, ltj->jtc, ltj->jqp, ltj->jtc, ltj->jtc, ltj->fum, ltj->kya, ltj->jtc, ltj->jtc, ltj->lsn, ltj->jtc, ltj->jtc, ltj->ngp, ltj->nuz, ltj->jtc, ltj->jtc, jsx->jsw, jsx->jsw, jsx->jsw, jsx->jsw, jsx->jsw, jsx->jsw, jsx->jsw, jsx->jsw, jsx->jsw, jsx->jsw, jsx->jsw] takes 41ms
12-07 18:34:44.417  1361  4389 I FontLog : (REDACTED) Fetch %s end status %s
12-07 18:34:44.424  1554  1554 I HardKeyTracker: HardKeyTracker.registerKeySequence():170 Register key sequence nef{labelResId=2132020469, callback=cgm@a07746a, lastModifier=2, keyCodes=[32], actions=[0]}
12-07 18:34:44.426  1554  1554 I HardKeyTracker: HardKeyTracker.registerKeySequence():170 Register key sequence nef{labelResId=2132020469, callback=cgm@f894ed1, lastModifier=0, keyCodes=[319], actions=[0]}
12-07 18:34:44.426  1554  1554 I HardKeyTracker: HardKeyTracker.registerKeySequence():170 Register key sequence nef{labelResId=2132020469, callback=cgm@383070d, lastModifier=2, keyCodes=[32], actions=[0]}
12-07 18:34:44.428  1554  1554 I HardKeyTracker: HardKeyTracker.registerKeySequence():170 Register key sequence nef{labelResId=2132020469, callback=cgm@d2eb010, lastModifier=0, keyCodes=[319], actions=[0]}
12-07 18:34:44.435  1361  2018 I FontLog : (REDACTED) Pulling font file for id = %d, cache size = %d
12-07 18:34:44.440  1554  1554 W NotificationCenter: NotificationCenter$NotificationQueue.notifyPendingNotificationsOnExecutor():877 Heavy notify work detected on UI thread: [ltj->dpg] takes 30ms
12-07 18:34:44.450  1554  1554 D ImeBackCallbackSender: Register OnBackInvokedCallback with priority=-1 at app window (packageName=com.example.readingjournal)
12-07 18:34:44.451  1361  4389 I FontLog : (REDACTED) Pulling font file for id = %d, cache size = %d
12-07 18:34:44.457  4729  4729 D WindowOnBackDispatcher: setTopOnBackInvokedCallback (unwrapped): android.view.ImeBackAnimationController@ea44cd
12-07 18:34:44.473  1867  1867 D BoundBrokerSvc: onBind: Intent { act=com.google.firebase.dynamiclinks.service.START xflg=0x4 pkg=com.google.android.gms }
12-07 18:34:44.473  1867  1867 D BoundBrokerSvc: Loading bound service for intent: Intent { act=com.google.firebase.dynamiclinks.service.START xflg=0x4 pkg=com.google.android.gms }
12-07 18:34:44.502  1361  1361 W Glide   : Failed to find GeneratedAppGlideModule. You should include an annotationProcessor compile dependency on com.github.bumptech.glide:compiler in your application and a @GlideModule annotated AppGlideModule implementation or LibraryGlideModules will be silently ignored
12-07 18:34:44.509  1554  1554 I StylusModule: StylusModule.onUpdateToolType():805 Update tool type = 0
12-07 18:34:44.514  1554  1554 I AbstractOpenableExtension: AbstractOpenableExtension$3.onSuccess():552 KeyboardGroupManager destroyed in emp.
12-07 18:34:44.514  1554  1554 I Choreographer: Skipped 68 frames!  The application may be doing too much work on its main thread.
12-07 18:34:44.520  1554  1947 I SP      : GC for 'kc_tflite_model' (10) with ttl of 0 ms took 0 ms (0/0/0)
12-07 18:34:44.526  1554  1947 I SP      : GC for 'kc_tflite_model' (10) with ttl of 0 ms took 1 ms (0/1/0)
12-07 18:34:44.535  1554  1947 I SP      : GC for 'kc_tflite_model' (10) with ttl of 0 ms took 3 ms (0/3/0)
12-07 18:34:44.541  1554  1947 I SP      : GC for 'kc_tflite_model' (10) with ttl of 0 ms took 0 ms (0/0/0)
12-07 18:34:44.541  1554  1554 I WindowMetricsNotification: WindowMetricsNotification.notifyWithWindow():166
12-07 18:34:44.542  1554  1554 I KeyboardHeightUtil: KeyboardHeightUtil.calculateMaxKeyboardBodyHeight():50 leave 281 height for app when ime window height:2274, header height:116 and isFullscreenMode:false, so the max keyboard body height is:1877
12-07 18:34:44.542  1554  1554 I KeyboardHeightUtil: KeyboardHeightUtil.calculateMaxKeyboardBodyHeight():50 leave 281 height for app when ime window height:2274, header height:116 and isFullscreenMode:false, so the max keyboard body height is:1877
12-07 18:34:44.543  1554  1554 I GoogleInputMethodService: GoogleInputMethodService$7.onWindowMetricsChanged():786 windowMetrics: bounds() = Rect(0, 63 - 1080, 2400), insets() = Rect(0, 0 - 0, 63)
12-07 18:34:44.543  1554  1554 I DeviceModeModule: DeviceModeModule.calculateAndNotify():225 Device mode 'phone' from display metrics 'DisplayMetrics{density=0.0, width=1080, height=2400, scaledDensity=0.0, xdpi=420.0, ydpi=420.0}' or smallestScreenWidthDp: 411
12-07 18:34:44.544  1554  1947 I SP      : GC for 'bundled_delight' (10) with ttl of 0 ms took 0 ms (0/0/0)
12-07 18:34:44.549  1554  1554 I WidgetViewShowingPositionHandler: WidgetViewShowingPositionHandler.updateAvailableArea():194 update available area Rect(21, 84 - 1059, 2333)
12-07 18:34:44.551  1554  1554 I WindowMetricsNotification: WindowMetricsNotification.notify():159 pdp[bounds=Rect(0, 63 - 1080, 2400), insets=Rect(0, 0 - 0, 63), densityDpi=420, smallestScreenWidthDp=411, displayWidth=1080, displayHeight=2400, xdpi=420.0, ydpi=420.0, isTrustable=true, displayId=0]; DisplayMetrics{density=2.625, width=1080, height=2400, scaledDensity=2.625, xdpi=420.0, ydpi=420.0}
12-07 18:34:44.556   814  2185 D ConnectivityService: requestNetwork for uid/pid:10147/1361 activeRequest: null callbackRequest: 211 [NetworkRequest [ TRACK_DEFAULT id=212, [ Capabilities: INTERNET&NOT_RESTRICTED&TRUSTED&NOT_VCN_MANAGED&NOT_BANDWIDTH_CONSTRAINED Uid: 10147 RequestorUid: 10147 RequestorPkg: com.google.android.gms UnderlyingNetworks: Null] ], NetworkRequest [ REQUEST id=213, [ Transports: SATELLITE Capabilities: INTERNET&NOT_RESTRICTED&TRUSTED&NOT_VCN_MANAGED Uid: 10147 RequestorUid: 10147 RequestorPkg: com.google.android.gms UnderlyingNetworks: Null] ]] callback flags: 0 order: 2147483647 isUidTracked: false declaredMethods: AVAIL|LOST
12-07 18:34:44.557  1554  1947 I LmManager: LmManager$1.onSuccess():84 Bundled delight sync success
12-07 18:34:44.560  1554  1947 I AbstractSyncResultCallback: AbstractSyncResultCallback.onFailure():38 onFailure(): kc_tflite_model.sync cancelled; expected if new request supersedes pending one.
12-07 18:34:44.561  1554  1947 I AbstractSyncResultCallback: AbstractSyncResultCallback.onFailure():38 onFailure(): kc_tflite_model.sync cancelled; expected if new request supersedes pending one.
12-07 18:34:44.563   814   988 D ConnectivityService: NetReassign [212 : null → 100] [c 0] [a 2] [i 0]
12-07 18:34:44.569  1554  4775 I SuperDelight: SuperDelightManager$2.onSuccess():505 delight_overrides sync success, adding to data file manager
12-07 18:34:44.570  1554  4775 I DataFileManager: DataFileManager.addDataWithoutNotify():181 data en-840 already exists
12-07 18:34:44.576  1554  2291 I GFXSTREAM: [eglDisplay.cpp(297)] Opening libGLESv1_CM_emulation.so
12-07 18:34:44.577  1554  2291 I GFXSTREAM: [eglDisplay.cpp(297)] Opening libGLESv2_emulation.so
12-07 18:34:44.587  1554  2291 W HWUI    : Failed to choose config with EGL_SWAP_BEHAVIOR_PRESERVED, retrying without...
12-07 18:34:44.587  1554  2291 W HWUI    : Failed to initialize 101010-2 format, error = EGL_SUCCESS
12-07 18:34:44.616  1554  1947 I AbstractSyncResultCallback: AbstractSyncResultCallback.onFailure():38 onFailure(): kc_tflite_model.sync cancelled; expected if new request supersedes pending one.
12-07 18:34:44.616  1554  1947 I AbstractSyncResultCallback: AbstractSyncResultCallback.onFailure():38 onFailure(): kc_tflite_model.sync cancelled; expected if new request supersedes pending one.
12-07 18:34:44.624  1554  1871 I SuperDelight: SuperDelightManager$2.onSuccess():505 bundled_delight sync success, adding to data file manager
12-07 18:34:44.624  1554  1871 I DataFileManager: DataFileManager.addDataWithoutNotify():181 data en-US already exists
12-07 18:34:44.628  1554  1947 I SP      : Sync for emoji succeeded in 608 ms: {added: [62a32c6ad94db1ab86cebbe06b49eb2a, 970e0125b0eac20b0b684310703256f1], metadata: false
12-07 18:34:44.722  1361  1367 W System  : A resource failed to call close.
12-07 18:34:44.732  1275  1275 V InlineSuggestionRenderService: handleDestroySuggestionViews called for 0:1258149860
12-07 18:34:44.751  1867  1867 D BoundBrokerSvc: onBind: Intent { act=com.google.android.gms.credential.manager.service.firstparty.START dat=chimera-action:/... xflg=0x4 cmp=com.google.android.gms/.chimera.GmsApiService }
12-07 18:34:44.751  1867  1867 D BoundBrokerSvc: Loading bound service for intent: Intent { act=com.google.android.gms.credential.manager.service.firstparty.START dat=chimera-action:/... xflg=0x4 cmp=com.google.android.gms/.chimera.GmsApiService }
12-07 18:34:44.767  1554  1947 I SP      : GC for 'emoji' (10) with ttl of 0 ms took 0 ms (0/0/0)
12-07 18:34:44.792  1554  1947 I SP      : Sync for kc_tflite_model succeeded in 626 ms: no changes
12-07 18:34:44.792  1554  2245 I EmojiSuperpacksManager: EmojiSuperpacksManager.processPackSet():591 processPackSet() : isBundled = false
12-07 18:34:44.793  1554  2006 I EmojiShortcutsLoader: EmojiShortcutsLoader.getEmojiShortcuts():135 Reading bg emoji shortcuts
12-07 18:34:44.795  1554  1947 I SP      : GC for 'kc_tflite_model' (10) with ttl of 0 ms took 1 ms (1/0/0)
12-07 18:34:44.797  1554  1947 I SP      : Sync for next-word-predictor succeeded in 554 ms: no changes
12-07 18:34:44.799  1554  1947 I SP      : GC for 'next-word-predictor' (10) with ttl of 0 ms took 1 ms (0/0/1)
12-07 18:34:44.799  1554  2006 I EmojiShortcutsLoader: EmojiShortcutsLoader.getEmojiShortcuts():156 Read bg emoji shortcuts successfully.
12-07 18:34:44.804  1554  2006 I EmojiShortcutsLoader: EmojiShortcutsLoader.call():71 1 emoji shortcut maps loaded.
12-07 18:34:44.806  1554  2248 I AbstractModelManager: AbstractModelManager.getPackNameForModel():371 Could not find pack that supports bg
12-07 18:34:44.806  1554  2248 E NwpModelManager: AbstractModelManager.openPack():274 openPack(): no `null` pack found, did you set the correct label?
12-07 18:34:44.807  1554  2006 I EmojiShortcutsLoader: EmojiShortcutsLoader.call():82 Finished loading emoji shortcuts
12-07 18:34:44.850   814  2000 W libbinder.ServiceManagerCppClient: Permission failure: android.permission.ACCESS_SURFACE_FLINGER from uid=10158 pid=0
12-07 18:34:44.850   814  2000 D libbinder.PermissionCache: checking android.permission.ACCESS_SURFACE_FLINGER for uid=10158 => denied (265 us)
12-07 18:34:44.850   814  2000 W libbinder.ServiceManagerCppClient: Permission failure: android.permission.ROTATE_SURFACE_FLINGER from uid=10158 pid=0
12-07 18:34:44.850   814  2000 D libbinder.PermissionCache: checking android.permission.ROTATE_SURFACE_FLINGER for uid=10158 => denied (109 us)
12-07 18:34:44.850   814  2000 W libbinder.ServiceManagerCppClient: Permission failure: android.permission.INTERNAL_SYSTEM_WINDOW from uid=10158 pid=0
12-07 18:34:44.850  1554  1554 I Delight5Decoder: Delight5DecoderWrapper.setKeyboardLayout():537 setKeyboardLayout()
12-07 18:34:44.850   814  2000 D libbinder.PermissionCache: checking android.permission.INTERNAL_SYSTEM_WINDOW for uid=10158 => denied (176 us)
12-07 18:34:44.861  1554  1554 W TooltipLifecycleManager: TooltipLifecycleManager.dismissTooltips():153 Tooltip with id SUGGESTION_VIEW_EDU_MINI_DIALOG not found in tooltipManager.
12-07 18:34:44.867  1554  1762 I HWUI    : Davey! duration=1472ms; Flags=1, FrameTimelineVsyncId=18059, IntendedVsync=160387376044, Vsync=161520709332, InputEventId=0, HandleInputStart=161527191000, AnimationStart=161527225800, PerformTraversalsStart=161527685300, DrawStart=161694608700, FrameDeadline=160404042710, FrameStartTime=161526376900, FrameInterval=16666666, WorkloadTarget=16666666, SyncQueued=161707835900, SyncStart=161720865000, IssueDrawCommandsStart=161721210600, SwapBuffers=161859204300, FrameCompleted=161872546500, DequeueBufferDuration=175800, QueueBufferDuration=285500, GpuCompleted=161872546500, SwapBuffersCompleted=161860765000, DisplayPresentTime=0, CommandSubmissionCompleted=161859204300,
12-07 18:34:44.891  1554  1554 I DynamicLayoutHandler: DynamicLayoutHandler.loadDynamicKeys():83 This isn't a dynamic layout.
12-07 18:34:44.902  1554  1554 I GoogleInputMethodService: GoogleInputMethodService$1.onKeyboardViewShown():324 onKeyboardViewShown: keyboardType=accessory, keyboardViewType=HEADER keyboardView=null
12-07 18:34:44.903  1554  1554 W Keyboard: Keyboard.getKeyboardViewHelper():600 null helper is returned: keyboardDef=mjl{processedConditions={}, globalConditions={}, className=com.google.android.libraries.inputmethod.keyboard.impl.Keyboard, resourceIds=[#0x7f17004d], initialStates=0, keyboardViewDefs=[], persistentStates=0, persistentStatesPrefKey=null, popupBubbleLayoutId=0, recentKeyLayoutId=0, recentKeyPopupLayoutId=0, recentKeyType=null, rememberRecentKey=NONE, sessionStates=0}, type=BODY, helpersCreated=[null, null, null, null], context.getResources().getConfiguration(): {1.0 310mcc260mnc [bg_BG,en_US] ldltr sw411dp w411dp h914dp 420dpi nrml long compactNeeded port night finger qwerty/v/v dpad/v winConfig={ mBounds=Rect(0, 0 - 1080, 2400) mAppBounds=Rect(0, 0 - 1080, 2400) mMaxBounds=Rect(0, 0 - 1080, 2400) mDisplayRotation=ROTATION_0 mWindowingMode=fullscreen mActivityType=undefined mAlwaysOnTop=undefined mRotation=ROTATION_0} s.12 fontWeightAdjustment=0}
12-07 18:34:44.904  1554  1554 I GoogleInputMethodService: GoogleInputMethodService$1.onKeyboardViewShown():324 onKeyboardViewShown: keyboardType=accessory, keyboardViewType=BODY keyboardView=null
12-07 18:34:44.905  1554  1554 W Keyboard: Keyboard.getKeyboardViewHelper():600 null helper is returned: keyboardDef=mjl{processedConditions={}, globalConditions={}, className=com.google.android.libraries.inputmethod.keyboard.impl.Keyboard, resourceIds=[#0x7f17004d], initialStates=0, keyboardViewDefs=[], persistentStates=0, persistentStatesPrefKey=null, popupBubbleLayoutId=0, recentKeyLayoutId=0, recentKeyPopupLayoutId=0, recentKeyType=null, rememberRecentKey=NONE, sessionStates=0}, type=BODY, helpersCreated=[null, null, null, null], context.getResources().getConfiguration(): {1.0 310mcc260mnc [bg_BG,en_US] ldltr sw411dp w411dp h914dp 420dpi nrml long compactNeeded port night finger qwerty/v/v dpad/v winConfig={ mBounds=Rect(0, 0 - 1080, 2400) mAppBounds=Rect(0, 0 - 1080, 2400) mMaxBounds=Rect(0, 0 - 1080, 2400) mDisplayRotation=ROTATION_0 mWindowingMode=fullscreen mActivityType=undefined mAlwaysOnTop=undefined mRotation=ROTATION_0} s.12 fontWeightAdjustment=0}
12-07 18:34:44.935  1554  1995 W Delight5Decoder: Delight5DecoderWrapper.shouldAbandonMessage():2289 Detected old [FetchSuggestions] request in background: 4<6
12-07 18:34:44.941  4729  4793 W InteractionJankMonitor: Initializing without READ_DEVICE_CONFIG permission. enabled=false, interval=1, missedFrameThreshold=3, frameTimeThreshold=64, package=com.example.readingjournal
12-07 18:34:44.959  1554  1995 I Delight5Decoder: Delight5DecoderWrapper.setKeyboardLayout():537 setKeyboardLayout()
12-07 18:34:44.963  1554  1554 W NotificationCenter: NotificationCenter$NotificationQueue.notifyPendingNotificationsOnExecutor():877 Heavy notify work detected on UI thread: [ltb->msb, ltb->msb, ltb->msb, ltb->msb, ltb->msb, ltb->msb, ltb->msb, ltb->msb, moh->mog, moh->mog, moh->mog, ltj->lfm, moh->mog, moh->mog, moh->mog, moh->mog, moh->mog, moh->mog] takes 56ms
12-07 18:34:44.983  1554  1554 I KeyboardManager: KeyboardManager.requestKeyboard():248 Creating keyboard prime, imeId=ime_bulgarian, cacheKey=theme,!gsf,!pgsans,!pgsf,!use_system_font,BORDER,FLAVOR_DPI=XXHDPI,GOOGLE_ICONS,KEYBOARD_WIDTH_CATEGORY=NORMAL,KEY_BORDER_SHAPE=1,LIGHT_THEME=false,PHYSICAL_DIAGONAL=6.1297245,POPUP,SCREEN_SHORTEST_WIDTH=411,SCREEN_SHORTEST_WIDTH_NO_SCALE=411,SW400DP,XXHDPI,bottom4dp,enable_emoji_kitchen_browse_color_v2=true,enable_google_fonts_icons=true,enable_popup_on_keypress=true,keyboard_redesign_google_sans=true,non_linear_scale,noshadow,overlay_builtin_dynamic_color_dark_base.binarypb:gm3-dark-ff0d0e12-ffbac5ee-2c17b68c1e2c11098976748f8f22233d,roundedchip,silkpopup
12-07 18:34:44.992  1554  1554 W ExtensionWrapper: ExtensionWrapper.requestKeyboard():791 class ksz is not activate
12-07 18:34:45.016  1554  1554 I GlobeKeyExtension: GlobeKeyExtension.getKeyboardInitialStates():175
12-07 18:34:45.016  1554  1567 W SP      : File ref is being finalized but wasn't closed, file: main_en_us_2025051500_2[2]
12-07 18:34:45.016  1554  1567 W SP      : File ref is being finalized but wasn't closed, file: main_en_840_2025120102_1[4]
12-07 18:34:45.018  4729  4795 D ProfileInstaller: Installing profile for com.example.readingjournal
12-07 18:34:45.018  1554  1554 W KeyboardDef: KeyboardDef.getKeyboardViewDef():739 KeyboardViewDef is not found: keyboardDef=mjl{processedConditions={}, globalConditions={global_theme_key=theme,!gsf,!pgsans,!pgsf,!use_system_font,BORDER,FLAVOR_DPI=XXHDPI,GOOGLE_ICONS,KEYBOARD_WIDTH_CATEGORY=NORMAL,KEY_BORDER_SHAPE=1,LIGHT_THEME=false,PHYSICAL_DIAGONAL=6.1297245,POPUP,SCREEN_SHORTEST_WIDTH=411,SCREEN_SHORTEST_WIDTH_NO_SCALE=411,SW400DP,XXHDPI,bottom4dp,enable_emoji_kitchen_browse_color_v2=true,enable_google_fonts_icons=true,enable_popup_on_keypress=true,keyboard_redesign_google_sans=true,non_linear_scale,noshadow,overlay_builtin_dynamic_color_dark_base.binarypb:gm3-dark-ff0d0e12-ffbac5ee-2c17b68c1e2c11098976748f8f22233d,roundedchip,silkpopup, global_locale=bg_BG, global_density_dpi=420, global_orientation=1}, className=.latin.keyboard.AccessoryKeyboard, resourceIds=[#0x7f17004c], initialStates=0, keyboardViewDefs=[mka{direction=null, id=#0x7f0b0224, isScalable=false, layoutId=#0x7f0e0032, type=FLOATING_CANDIDATES, touchable=true, defaultShow=false}], persistentStates=0, persistentStatesPrefKey=null, popupBubbleLayoutId=#0x7f0e05f0, recentKeyLayoutId=0, recentKeyPopupLayoutId=0, recentKeyType=null, rememberRecentKey=NONE, sessionStates=0}, type=HEADER, id=2131427876
12-07 18:34:45.018  1554  1554 W Keyboard: Keyboard.getKeyboardViewHelper():600 null helper is returned: keyboardDef=mjl{processedConditions={}, globalConditions={global_theme_key=theme,!gsf,!pgsans,!pgsf,!use_system_font,BORDER,FLAVOR_DPI=XXHDPI,GOOGLE_ICONS,KEYBOARD_WIDTH_CATEGORY=NORMAL,KEY_BORDER_SHAPE=1,LIGHT_THEME=false,PHYSICAL_DIAGONAL=6.1297245,POPUP,SCREEN_SHORTEST_WIDTH=411,SCREEN_SHORTEST_WIDTH_NO_SCALE=411,SW400DP,XXHDPI,bottom4dp,enable_emoji_kitchen_browse_color_v2=true,enable_google_fonts_icons=true,enable_popup_on_keypress=true,keyboard_redesign_google_sans=true,non_linear_scale,noshadow,overlay_builtin_dynamic_color_dark_base.binarypb:gm3-dark-ff0d0e12-ffbac5ee-2c17b68c1e2c11098976748f8f22233d,roundedchip,silkpopup, global_locale=bg_BG, global_density_dpi=420, global_orientation=1}, className=.latin.keyboard.AccessoryKeyboard, resourceIds=[#0x7f17004c], initialStates=0, keyboardViewDefs=[mka{direction=null, id=#0x7f0b0224, isScalable=false, layoutId=#0x7f0e0032, type=FLOATING_CANDIDATES, touchable=true, defaultShow=false}], persistentStates=0, persistentStatesPrefKey=null, popupBubbleLayoutId=#0x7f0e05f0, recentKeyLayoutId=0, recentKeyPopupLayoutId=0, recentKeyType=null, rememberRecentKey=NONE, sessionStates=0}, type=HEADER, helpersCreated=[null, null, null, null], context.getResources().getConfiguration(): {1.0 310mcc260mnc [bg_BG,en_US] ldltr sw411dp w411dp h914dp 420dpi nrml long compactNeeded port night finger qwerty/v/v dpad/v winConfig={ mBounds=Rect(0, 0 - 1080, 2400) mAppBounds=Rect(0, 0 - 1080, 2400) mMaxBounds=Rect(0, 0 - 1080, 2400) mDisplayRotation=ROTATION_0 mWindowingMode=fullscreen mActivityType=undefined mAlwaysOnTop=undefined mRotation=ROTATION_0} s.12 fontWeightAdjustment=0}
